Component: ARM Compiler 5.06 update 7 (build 960) Tool: armlink [4d3601]

==============================================================================

Section Cross References

    startup_stm32f103xb.o(STACK) refers (Special) to heapauxi.o(.text) for __use_two_region_memory
    startup_stm32f103xb.o(HEAP) refers (Special) to heapauxi.o(.text) for __use_two_region_memory
    startup_stm32f103xb.o(RESET) refers (Special) to heapauxi.o(.text) for __use_two_region_memory
    startup_stm32f103xb.o(RESET) refers to startup_stm32f103xb.o(STACK) for __initial_sp
    startup_stm32f103xb.o(RESET) refers to startup_stm32f103xb.o(.text) for Reset_Handler
    startup_stm32f103xb.o(RESET) refers to stm32f1xx_it.o(i.NMI_Handler) for NMI_Handler
    startup_stm32f103xb.o(RESET) refers to stm32f1xx_it.o(i.HardFault_Handler) for HardFault_Handler
    startup_stm32f103xb.o(RESET) refers to stm32f1xx_it.o(i.MemManage_Handler) for MemManage_Handler
    startup_stm32f103xb.o(RESET) refers to stm32f1xx_it.o(i.BusFault_Handler) for BusFault_Handler
    startup_stm32f103xb.o(RESET) refers to stm32f1xx_it.o(i.UsageFault_Handler) for UsageFault_Handler
    startup_stm32f103xb.o(RESET) refers to stm32f1xx_it.o(i.SVC_Handler) for SVC_Handler
    startup_stm32f103xb.o(RESET) refers to stm32f1xx_it.o(i.DebugMon_Handler) for DebugMon_Handler
    startup_stm32f103xb.o(RESET) refers to stm32f1xx_it.o(i.PendSV_Handler) for PendSV_Handler
    startup_stm32f103xb.o(RESET) refers to stm32f1xx_it.o(i.SysTick_Handler) for SysTick_Handler
    startup_stm32f103xb.o(RESET) refers to stm32f1xx_it.o(i.EXTI3_IRQHandler) for EXTI3_IRQHandler
    startup_stm32f103xb.o(RESET) refers to stm32f1xx_it.o(i.TIM1_UP_IRQHandler) for TIM1_UP_IRQHandler
    startup_stm32f103xb.o(RESET) refers to stm32f1xx_it.o(i.TIM3_IRQHandler) for TIM3_IRQHandler
    startup_stm32f103xb.o(RESET) refers to stm32f1xx_it.o(i.EXTI15_10_IRQHandler) for EXTI15_10_IRQHandler
    startup_stm32f103xb.o(.text) refers (Special) to heapauxi.o(.text) for __use_two_region_memory
    startup_stm32f103xb.o(.text) refers to system_stm32f1xx.o(i.SystemInit) for SystemInit
    startup_stm32f103xb.o(.text) refers to __main.o(!!!main) for __main
    startup_stm32f103xb.o(.text) refers to startup_stm32f103xb.o(HEAP) for Heap_Mem
    startup_stm32f103xb.o(.text) refers to startup_stm32f103xb.o(STACK) for Stack_Mem
    nrf24.o(i.NRF24L01_RX_Mode) refers to nrf24.o(i.NRF24_ReadReg) for NRF24_ReadReg
    nrf24.o(i.NRF24L01_RX_Mode) refers to nrf24.o(i.NRF24_WriteReg) for NRF24_WriteReg
    nrf24.o(i.NRF24L01_RX_Mode) refers to stm32f1xx_hal_gpio.o(i.HAL_GPIO_WritePin) for HAL_GPIO_WritePin
    nrf24.o(i.NRF24L01_RX_Mode) refers to nrf24.o(i.DelayMicro) for DelayMicro
    nrf24.o(i.NRF24L01_RX_Mode) refers to nrf24.o(i.NRF24_FlushRX) for NRF24_FlushRX
    nrf24.o(i.NRF24L01_RX_Mode) refers to nrf24.o(i.NRF24_FlushTX) for NRF24_FlushTX
    nrf24.o(i.NRF24_FlushRX) refers to stm32f1xx_hal_gpio.o(i.HAL_GPIO_WritePin) for HAL_GPIO_WritePin
    nrf24.o(i.NRF24_FlushRX) refers to nrf24.o(i.SPI_send_soft) for SPI_send_soft
    nrf24.o(i.NRF24_FlushRX) refers to nrf24.o(i.DelayMicro) for DelayMicro
    nrf24.o(i.NRF24_FlushTX) refers to stm32f1xx_hal_gpio.o(i.HAL_GPIO_WritePin) for HAL_GPIO_WritePin
    nrf24.o(i.NRF24_FlushTX) refers to nrf24.o(i.SPI_send_soft) for SPI_send_soft
    nrf24.o(i.NRF24_FlushTX) refers to nrf24.o(i.DelayMicro) for DelayMicro
    nrf24.o(i.NRF24_ReadReg) refers to stm32f1xx_hal_gpio.o(i.HAL_GPIO_WritePin) for HAL_GPIO_WritePin
    nrf24.o(i.NRF24_ReadReg) refers to nrf24.o(i.SPI_send_soft) for SPI_send_soft
    nrf24.o(i.NRF24_Read_Buf) refers to stm32f1xx_hal_gpio.o(i.HAL_GPIO_WritePin) for HAL_GPIO_WritePin
    nrf24.o(i.NRF24_Read_Buf) refers to nrf24.o(i.SPI_send_soft) for SPI_send_soft
    nrf24.o(i.NRF24_ToggleFeatures) refers to stm32f1xx_hal_gpio.o(i.HAL_GPIO_WritePin) for HAL_GPIO_WritePin
    nrf24.o(i.NRF24_ToggleFeatures) refers to nrf24.o(i.SPI_send_soft) for SPI_send_soft
    nrf24.o(i.NRF24_ToggleFeatures) refers to nrf24.o(i.DelayMicro) for DelayMicro
    nrf24.o(i.NRF24_WriteReg) refers to stm32f1xx_hal_gpio.o(i.HAL_GPIO_WritePin) for HAL_GPIO_WritePin
    nrf24.o(i.NRF24_WriteReg) refers to nrf24.o(i.SPI_send_soft) for SPI_send_soft
    nrf24.o(i.NRF24_Write_Buf) refers to stm32f1xx_hal_gpio.o(i.HAL_GPIO_WritePin) for HAL_GPIO_WritePin
    nrf24.o(i.NRF24_Write_Buf) refers to nrf24.o(i.SPI_send_soft) for SPI_send_soft
    nrf24.o(i.NRF24_Write_Buf) refers to nrf24.o(i.DelayMicro) for DelayMicro
    nrf24.o(i.Nrf24Init) refers to stm32f1xx_hal_gpio.o(i.HAL_GPIO_WritePin) for HAL_GPIO_WritePin
    nrf24.o(i.Nrf24Init) refers to nrf24.o(i.DelayMicro) for DelayMicro
    nrf24.o(i.Nrf24Init) refers to nrf24.o(i.NRF24_WriteReg) for NRF24_WriteReg
    nrf24.o(i.Nrf24Init) refers to nrf24.o(i.NRF24_ToggleFeatures) for NRF24_ToggleFeatures
    nrf24.o(i.Nrf24Init) refers to nrf24.o(i.NRF24_Write_Buf) for NRF24_Write_Buf
[...]
    .ARM.Collect$$libshutdown$$0000000C      0x08000178   Section        0  libshutdown2.o(.ARM.Collect$$libshutdown$$0000000C)
    .ARM.Collect$$libshutdown$$0000000E      0x08000178   Section        0  libshutdown2.o(.ARM.Collect$$libshutdown$$0000000E)
    .ARM.Collect$$libshutdown$$00000011      0x08000178   Section        0  libshutdown2.o(.ARM.Collect$$libshutdown$$00000011)
    .ARM.Collect$$libshutdown$$00000012      0x08000178   Section        2  libshutdown2.o(.ARM.Collect$$libshutdown$$00000012)
    .ARM.Collect$$rtentry$$00000000          0x0800017a   Section        0  __rtentry.o(.ARM.Collect$$rtentry$$00000000)
    .ARM.Collect$$rtentry$$00000002          0x0800017a   Section        0  __rtentry2.o(.ARM.Collect$$rtentry$$00000002)
    .ARM.Collect$$rtentry$$00000004          0x0800017a   Section        6  __rtentry4.o(.ARM.Collect$$rtentry$$00000004)
    .ARM.Collect$$rtentry$$00000009          0x08000180   Section        0  __rtentry2.o(.ARM.Collect$$rtentry$$00000009)
    .ARM.Collect$$rtentry$$0000000A          0x08000180   Section        4  __rtentry2.o(.ARM.Collect$$rtentry$$0000000A)
    .ARM.Collect$$rtentry$$0000000C          0x08000184   Section        0  __rtentry2.o(.ARM.Collect$$rtentry$$0000000C)
    .ARM.Collect$$rtentry$$0000000D          0x08000184   Section        8  __rtentry2.o(.ARM.Collect$$rtentry$$0000000D)
    .ARM.Collect$$rtexit$$00000000           0x0800018c   Section        2  rtexit.o(.ARM.Collect$$rtexit$$00000000)
    .ARM.Collect$$rtexit$$00000002           0x0800018e   Section        0  rtexit2.o(.ARM.Collect$$rtexit$$00000002)
    .ARM.Collect$$rtexit$$00000003           0x0800018e   Section        4  rtexit2.o(.ARM.Collect$$rtexit$$00000003)
    .ARM.Collect$$rtexit$$00000004           0x08000192   Section        6  rtexit2.o(.ARM.Collect$$rtexit$$00000004)
    .emb_text                                0x08000198   Section        0  maybetermalloc1.o(.emb_text)
    .text                                    0x08000198   Section       64  startup_stm32f103xb.o(.text)
    .text                                    0x080001d8   Section        0  h1_alloc.o(.text)
    .text                                    0x08000236   Section        0  h1_free.o(.text)
    .text                                    0x08000284   Section        0  noretval__2snprintf.o(.text)
    .text                                    0x080002b8   Section        0  __printf.o(.text)
    .text                                    0x08000320   Section        0  _printf_dec.o(.text)
    .text                                    0x08000398   Section      100  rt_memcpy_w.o(.text)
    .text                                    0x080003fc   Section       78  rt_memclr_w.o(.text)
    .text                                    0x0800044a   Section        0  heapauxi.o(.text)
    .text                                    0x08000450   Section        8  rt_heap_descriptor_intlibspace.o(.text)
    .text                                    0x08000458   Section        0  hguard.o(.text)
    .text                                    0x0800045c   Section        0  init_alloc.o(.text)
    .text                                    0x080004e6   Section        0  h1_init.o(.text)
    .text                                    0x080004f4   Section        0  _printf_intcommon.o(.text)
    .text                                    0x080005a8   Section        0  _printf_char_common.o(.text)
    _printf_input_char                       0x080005a9   Thumb Code    10  _printf_char_common.o(.text)
    .text                                    0x080005d8   Section        0  _sputc.o(.text)
    .text                                    0x080005e2   Section        0  _snputc.o(.text)
    .text                                    0x080005f4   Section        8  libspace.o(.text)
    .text                                    0x080005fc   Section        0  h1_extend.o(.text)
    .text                                    0x08000630   Section        0  defsig_rtmem_outer.o(.text)
    .text                                    0x0800063e   Section        2  use_no_semi.o(.text)
    .text                                    0x08000640   Section       74  sys_stackheap_outer.o(.text)
    .text                                    0x08000640   Section        0  indicate_semi.o(.text)
    .text                                    0x0800068a   Section        0  exit.o(.text)
    .text                                    0x0800069c   Section        0  defsig_exit.o(.text)
    .text                                    0x080006a8   Section        0  defsig_rtmem_inner.o(.text)
    .text                                    0x080006f8   Section        0  sys_exit.o(.text)
    .text                                    0x08000704   Section        0  defsig_general.o(.text)
    .text                                    0x08000736   Section        0  sys_wrch.o(.text)
    i.BusFault_Handler                       0x08000744   Section        0  stm32f1xx_it.o(i.BusFault_Handler)
    i.DebugMon_Handler                       0x08000748   Section        0  stm32f1xx_it.o(i.DebugMon_Handler)
    i.DelayMicro                             0x0800074a   Section        0  nrf24.o(i.DelayMicro)
    i.DelayPeriodStepMks                     0x08000764   Section        0  stepper_motor.o(i.DelayPeriodStepMks)
    DelayPeriodStepMks                       0x08000765   Thumb Code    18  stepper_motor.o(i.DelayPeriodStepMks)
    i.EXTI15_10_IRQHandler                   0x0800077c   Section        0  stm32f1xx_it.o(i.EXTI15_10_IRQHandler)
    i.EXTI3_IRQHandler                       0x08000788   Section        0  stm32f1xx_it.o(i.EXTI3_IRQHandler)
    i.Error_Handler                          0x08000792   Section        0  main.o(i.Error_Handler)
    i.HAL_Delay                              0x08000798   Section        0  stm32f1xx_hal.o(i.HAL_Delay)
    i.HAL_GPIO_EXTI_Callback                 0x080007c0   Section        0  app_lev_stend.o(i.HAL_GPIO_EXTI_Callback)
    i.HAL_GPIO_EXTI_IRQHandler               0x080007e8   Section        0  stm32f1xx_hal_gpio.o(i.HAL_GPIO_EXTI_IRQHandler)
    i.HAL_GPIO_Init                          0x08000804   Section        0  stm32f1xx_hal_gpio.o(i.HAL_GPIO_Init)
    i.HAL_GPIO_TogglePin                     0x08000b24   Section        0  stm32f1xx_hal_gpio.o(i.HAL_GPIO_TogglePin)
    i.HAL_GPIO_WritePin                      0x08000b38   Section        0  stm32f1xx_hal_gpio.o(i.HAL_GPIO_WritePin)
    i.HAL_GetTick                            0x08000b44   Section        0  stm32f1xx_hal.o(i.HAL_GetTick)
    i.HAL_I2C_Init                           0x08000b50   Section        0  stm32f1xx_hal_i2c.o(i.HAL_I2C_Init)
    i.HAL_I2C_Master_Transmit                0x08000d20   Section        0  stm32f1xx_hal_i2c.o(i.HAL_I2C_Master_Transmit)
    i.HAL_I2C_MspInit                        0x08000e90   Section        0  stm32f1xx_hal_msp.o(i.HAL_I2C_MspInit)
    i.HAL_IncTick                            0x08000f04   Section        0  stm32f1xx_hal.o(i.HAL_IncTick)
    i.HAL_Init                               0x08000f1c   Section        0  stm32f1xx_hal.o(i.HAL_Init)
    i.HAL_InitTick                           0x08000f44   Section        0  stm32f1xx_hal.o(i.HAL_InitTick)
    i.HAL_MspInit                            0x08000f90   Section        0  stm32f1xx_hal_msp.o(i.HAL_MspInit)
    i.HAL_NVIC_DisableIRQ                    0x08000fe4   Section        0  stm32f1xx_hal_cortex.o(i.HAL_NVIC_DisableIRQ)
    i.HAL_NVIC_EnableIRQ                     0x08001028   Section        0  stm32f1xx_hal_cortex.o(i.HAL_NVIC_EnableIRQ)
    i.HAL_NVIC_SetPriority                   0x08001048   Section        0  stm32f1xx_hal_cortex.o(i.HAL_NVIC_SetPriority)
    i.HAL_NVIC_SetPriorityGrouping           0x080010c4   Section        0  stm32f1xx_hal_cortex.o(i.HAL_NVIC_SetPriorityGrouping)
    i.HAL_RCC_ClockConfig                    0x080010ec   Section        0  stm32f1xx_hal_rcc.o(i.HAL_RCC_ClockConfig)
    i.HAL_RCC_GetHCLKFreq                    0x08001278   Section        0  stm32f1xx_hal_rcc.o(i.HAL_RCC_GetHCLKFreq)
    i.HAL_RCC_GetPCLK1Freq                   0x08001284   Section        0  stm32f1xx_hal_rcc.o(i.HAL_RCC_GetPCLK1Freq)
    i.HAL_RCC_GetSysClockFreq                0x080012a4   Section        0  stm32f1xx_hal_rcc.o(i.HAL_RCC_GetSysClockFreq)
    i.HAL_RCC_OscConfig                      0x08001314   Section        0  stm32f1xx_hal_rcc.o(i.HAL_RCC_OscConfig)
    i.HAL_SYSTICK_Config                     0x08001778   Section        0  stm32f1xx_hal_cortex.o(i.HAL_SYSTICK_Config)
    i.HAL_TIMEx_BreakCallback                0x080017ac   Section        0  stm32f1xx_hal_tim_ex.o(i.HAL_TIMEx_BreakCallback)
    i.HAL_TIMEx_CommutCallback               0x080017ae   Section        0  stm32f1xx_hal_tim_ex.o(i.HAL_TIMEx_CommutCallback)
    i.HAL_TIMEx_MasterConfigSynchronization  0x080017b0   Section        0  stm32f1xx_hal_tim_ex.o(i.HAL_TIMEx_MasterConfigSynchronization)
    i.HAL_TIM_Base_Init                      0x08001834   Section        0  stm32f1xx_hal_tim.o(i.HAL_TIM_Base_Init)
    i.HAL_TIM_Base_MspInit                   0x0800189c   Section        0  stm32f1xx_hal_msp.o(i.HAL_TIM_Base_MspInit)
    i.HAL_TIM_Base_Start                     0x0800192c   Section        0  stm32f1xx_hal_tim.o(i.HAL_TIM_Base_Start)
    i.HAL_TIM_Base_Start_IT                  0x08001998   Section        0  stm32f1xx_hal_tim.o(i.HAL_TIM_Base_Start_IT)
    i.HAL_TIM_Base_Stop_IT                   0x08001a10   Section        0  stm32f1xx_hal_tim.o(i.HAL_TIM_Base_Stop_IT)
    i.HAL_TIM_ConfigClockSource              0x08001a4e   Section        0  stm32f1xx_hal_tim.o(i.HAL_TIM_ConfigClockSource)
    i.HAL_TIM_Encoder_Init                   0x08001b5a   Section        0  stm32f1xx_hal_tim.o(i.HAL_TIM_Encoder_Init)
    i.HAL_TIM_Encoder_MspInit                0x08001c20   Section        0  stm32f1xx_hal_msp.o(i.HAL_TIM_Encoder_MspInit)
    i.HAL_TIM_Encoder_Start_IT               0x08001cbc   Section        0  stm32f1xx_hal_tim.o(i.HAL_TIM_Encoder_Start_IT)
    i.HAL_TIM_Encoder_Stop_IT                0x08001db8   Section        0  stm32f1xx_hal_tim.o(i.HAL_TIM_Encoder_Stop_IT)
    i.HAL_TIM_IC_CaptureCallback             0x08001eb8   Section        0  encoder.o(i.HAL_TIM_IC_CaptureCallback)
    i.HAL_TIM_IRQHandler                     0x08001f44   Section        0  stm32f1xx_hal_tim.o(i.HAL_TIM_IRQHandler)
    i.HAL_TIM_OC_DelayElapsedCallback        0x080020b0   Section        0  stm32f1xx_hal_tim.o(i.HAL_TIM_OC_DelayElapsedCallback)
    i.HAL_TIM_PWM_PulseFinishedCallback      0x080020b2   Section        0  stm32f1xx_hal_tim.o(i.HAL_TIM_PWM_PulseFinishedCallback)
    i.HAL_TIM_PeriodElapsedCallback          0x080020b4   Section        0  stepper_motor.o(i.HAL_TIM_PeriodElapsedCallback)
    i.HAL_TIM_TriggerCallback                0x08002138   Section        0  stm32f1xx_hal_tim.o(i.HAL_TIM_TriggerCallback)
    i.HardFault_Handler                      0x0800213a   Section        0  stm32f1xx_it.o(i.HardFault_Handler)
    i.I2C_IsAcknowledgeFailed                0x0800213e   Section        0  stm32f1xx_hal_i2c.o(i.I2C_IsAcknowledgeFailed)
    I2C_IsAcknowledgeFailed                  0x0800213f   Thumb Code    62  stm32f1xx_hal_i2c.o(i.I2C_IsAcknowledgeFailed)
    i.I2C_MasterRequestWrite                 0x0800217c   Section        0  stm32f1xx_hal_i2c.o(i.I2C_MasterRequestWrite)
    I2C_MasterRequestWrite                   0x0800217d   Thumb Code   186  stm32f1xx_hal_i2c.o(i.I2C_MasterRequestWrite)
    i.I2C_WaitOnBTFFlagUntilTimeout          0x0800223c   Section        0  stm32f1xx_hal_i2c.o(i.I2C_WaitOnBTFFlagUntilTimeout)
    I2C_WaitOnBTFFlagUntilTimeout            0x0800223d   Thumb Code   102  stm32f1xx_hal_i2c.o(i.I2C_WaitOnBTFFlagUntilTimeout)
    i.I2C_WaitOnFlagUntilTimeout             0x080022a2   Section        0  stm32f1xx_hal_i2c.o(i.I2C_WaitOnFlagUntilTimeout)
    I2C_WaitOnFlagUntilTimeout               0x080022a3   Thumb Code   190  stm32f1xx_hal_i2c.o(i.I2C_WaitOnFlagUntilTimeout)
    i.I2C_WaitOnMasterAddressFlagUntilTimeout 0x08002360   Section        0  stm32f1xx_hal_i2c.o(i.I2C_WaitOnMasterAddressFlagUntilTimeout)
    I2C_WaitOnMasterAddressFlagUntilTimeout  0x08002361   Thumb Code   250  stm32f1xx_hal_i2c.o(i.I2C_WaitOnMasterAddressFlagUntilTimeout)
    i.I2C_WaitOnTXEFlagUntilTimeout          0x0800245a   Section        0  stm32f1xx_hal_i2c.o(i.I2C_WaitOnTXEFlagUntilTimeout)
    I2C_WaitOnTXEFlagUntilTimeout            0x0800245b   Thumb Code   102  stm32f1xx_hal_i2c.o(i.I2C_WaitOnTXEFlagUntilTimeout)
    i.InitLcd                                0x080024c0   Section        0  app_lev_stend.o(i.InitLcd)
    InitLcd                                  0x080024c1   Thumb Code    32  app_lev_stend.o(i.InitLcd)
    i.InitRadioChanel                        0x080024e4   Section        0  app_lev_stend.o(i.InitRadioChanel)
    InitRadioChanel                          0x080024e5   Thumb Code    14  app_lev_stend.o(i.InitRadioChanel)
    i.InitStepMotor                          0x080024f4   Section        0  app_lev_stend.o(i.InitStepMotor)
    InitStepMotor                            0x080024f5   Thumb Code    20  app_lev_stend.o(i.InitStepMotor)
    i.LCD_HD44780_init                       0x08002510   Section        0  lcd_hd44780.o(i.LCD_HD44780_init)
    i.LCD_Strobe_E                           0x080025e8   Section        0  lcd_hd44780.o(i.LCD_Strobe_E)
    LCD_Strobe_E                             0x080025e9   Thumb Code    66  lcd_hd44780.o(i.LCD_Strobe_E)
    i.MX_GPIO_Init                           0x08002638   Section        0  main.o(i.MX_GPIO_Init)
    MX_GPIO_Init                             0x08002639   Thumb Code   340  main.o(i.MX_GPIO_Init)
    i.MX_I2C1_Init                           0x080027a0   Section        0  main.o(i.MX_I2C1_Init)
    MX_I2C1_Init                             0x080027a1   Thumb Code    48  main.o(i.MX_I2C1_Init)
    i.MX_TIM1_Init                           0x080027dc   Section        0  main.o(i.MX_TIM1_Init)
    MX_TIM1_Init                             0x080027dd   Thumb Code   102  main.o(i.MX_TIM1_Init)
    i.MX_TIM2_Init                           0x0800284c   Section        0  main.o(i.MX_TIM2_Init)
    MX_TIM2_Init                             0x0800284d   Thumb Code   102  main.o(i.MX_TIM2_Init)
    i.MX_TIM3_Init                           0x080028b8   Section        0  main.o(i.MX_TIM3_Init)
    MX_TIM3_Init                             0x080028b9   Thumb Code   122  main.o(i.MX_TIM3_Init)
    i.MX_TIM4_Init                           0x0800293c   Section        0  main.o(i.MX_TIM4_Init)
    MX_TIM4_Init                             0x0800293d   Thumb Code   100  main.o(i.MX_TIM4_Init)
    i.MemManage_Handler                      0x080029a8   Section        0  stm32f1xx_it.o(i.MemManage_Handler)
    i.MotorSmoothStart                       0x080029ac   Section        0  app_lev_stend.o(i.MotorSmoothStart)
    i.NMI_Handler                            0x080029cc   Section        0  stm32f1xx_it.o(i.NMI_Handler)
    i.NRF24L01_RX_Mode                       0x080029d0   Section        0  nrf24.o(i.NRF24L01_RX_Mode)
    NRF24L01_RX_Mode                         0x080029d1   Thumb Code    50  nrf24.o(i.NRF24L01_RX_Mode)
    i.NRF24_FlushRX                          0x08002a08   Section        0  nrf24.o(i.NRF24_FlushRX)
    NRF24_FlushRX                            0x08002a09   Thumb Code    44  nrf24.o(i.NRF24_FlushRX)
    i.NRF24_FlushTX                          0x08002a3c   Section        0  nrf24.o(i.NRF24_FlushTX)
    NRF24_FlushTX                            0x08002a3d   Thumb Code    44  nrf24.o(i.NRF24_FlushTX)
    i.NRF24_ReadReg                          0x08002a70   Section        0  nrf24.o(i.NRF24_ReadReg)
    NRF24_ReadReg                            0x08002a71   Thumb Code    52  nrf24.o(i.NRF24_ReadReg)
    i.NRF24_Read_Buf                         0x08002aa8   Section        0  nrf24.o(i.NRF24_Read_Buf)
    NRF24_Read_Buf                           0x08002aa9   Thumb Code    60  nrf24.o(i.NRF24_Read_Buf)
    i.NRF24_ToggleFeatures                   0x08002ae8   Section        0  nrf24.o(i.NRF24_ToggleFeatures)
    NRF24_ToggleFeatures                     0x08002ae9   Thumb Code    56  nrf24.o(i.NRF24_ToggleFeatures)
    i.NRF24_WriteReg                         0x08002b28   Section        0  nrf24.o(i.NRF24_WriteReg)
    NRF24_WriteReg                           0x08002b29   Thumb Code    44  nrf24.o(i.NRF24_WriteReg)
    i.NRF24_Write_Buf                        0x08002b58   Section        0  nrf24.o(i.NRF24_Write_Buf)
    NRF24_Write_Buf                          0x08002b59   Thumb Code    68  nrf24.o(i.NRF24_Write_Buf)
    i.Nrf24Init                              0x08002ba0   Section        0  nrf24.o(i.Nrf24Init)
    i.NrfRxCallbackHandler                   0x08002c48   Section        0  nrf24.o(i.NrfRxCallbackHandler)
    i.PendSV_Handler                         0x08002cd0   Section        0  stm32f1xx_it.o(i.PendSV_Handler)
    i.PressButtonCallbackHandler             0x08002cd4   Section        0  encoder.o(i.PressButtonCallbackHandler)
    i.RCC_Delay                              0x08002d64   Section        0  stm32f1xx_hal_rcc.o(i.RCC_Delay)
    RCC_Delay                                0x08002d65   Thumb Code    36  stm32f1xx_hal_rcc.o(i.RCC_Delay)
    i.SPI_send_soft                          0x08002d8c   Section        0  nrf24.o(i.SPI_send_soft)
    SPI_send_soft                            0x08002d8d   Thumb Code   102  nrf24.o(i.SPI_send_soft)
    i.SVC_Handler                            0x08002df8   Section        0  stm32f1xx_it.o(i.SVC_Handler)
    i.ShowAngleBitStat                       0x08002dfc   Section        0  app_lev_stend.o(i.ShowAngleBitStat)
    i.ShowEditMenuEcnoder                    0x08002f18   Section        0  app_lev_stend.o(i.ShowEditMenuEcnoder)
    i.SynchrAngle                            0x08002f50   Section        0  app_lev_stend.o(i.SynchrAngle)
    i.SysTick_Handler                        0x08002f80   Section        0  stm32f1xx_it.o(i.SysTick_Handler)
    i.SystemClock_Config                     0x08002f88   Section        0  main.o(i.SystemClock_Config)
    i.SystemInit                             0x08002fee   Section        0  system_stm32f1xx.o(i.SystemInit)
    i.TIM1_UP_IRQHandler                     0x08002ff0   Section        0  stm32f1xx_it.o(i.TIM1_UP_IRQHandler)
    i.TIM3_IRQHandler                        0x08003000   Section        0  stm32f1xx_it.o(i.TIM3_IRQHandler)
    i.TIM_Base_SetConfig                     0x08003010   Section        0  stm32f1xx_hal_tim.o(i.TIM_Base_SetConfig)
    i.TIM_CCxChannelCmd                      0x08003094   Section        0  stm32f1xx_hal_tim.o(i.TIM_CCxChannelCmd)
    i.TIM_ETR_SetConfig                      0x080030b6   Section        0  stm32f1xx_hal_tim.o(i.TIM_ETR_SetConfig)
    i.TIM_ITRx_SetConfig                     0x080030cc   Section        0  stm32f1xx_hal_tim.o(i.TIM_ITRx_SetConfig)
    TIM_ITRx_SetConfig                       0x080030cd   Thumb Code    18  stm32f1xx_hal_tim.o(i.TIM_ITRx_SetConfig)
    i.TIM_TI1_ConfigInputStage               0x080030de   Section        0  stm32f1xx_hal_tim.o(i.TIM_TI1_ConfigInputStage)
    TIM_TI1_ConfigInputStage                 0x080030df   Thumb Code    38  stm32f1xx_hal_tim.o(i.TIM_TI1_ConfigInputStage)
    i.TIM_TI2_ConfigInputStage               0x08003104   Section        0  stm32f1xx_hal_tim.o(i.TIM_TI2_ConfigInputStage)
    TIM_TI2_ConfigInputStage                 0x08003105   Thumb Code    40  stm32f1xx_hal_tim.o(i.TIM_TI2_ConfigInputStage)
    i.UsageFault_Handler                     0x0800312c   Section        0  stm32f1xx_it.o(i.UsageFault_Handler)
    i.__NVIC_GetPriorityGrouping             0x08003130   Section        0  stm32f1xx_hal_cortex.o(i.__NVIC_GetPriorityGrouping)
    __NVIC_GetPriorityGrouping               0x08003131   Thumb Code    10  stm32f1xx_hal_cortex.o(i.__NVIC_GetPriorityGrouping)
    i.__NVIC_SetPriority                     0x08003140   Section        0  stm32f1xx_hal_cortex.o(i.__NVIC_SetPriority)
    __NVIC_SetPriority                       0x08003141   Thumb Code    32  stm32f1xx_hal_cortex.o(i.__NVIC_SetPriority)
    i.cursor_settings                        0x08003168   Section        0  lcd_hd44780.o(i.cursor_settings)
    cursor_settings                          0x08003169   Thumb Code   114  lcd_hd44780.o(i.cursor_settings)
    i.display_backligt                       0x080031e8   Section        0  lcd_hd44780.o(i.display_backligt)
    display_backligt                         0x080031e9   Thumb Code    70  lcd_hd44780.o(i.display_backligt)
    i.display_clear                          0x0800323c   Section        0  lcd_hd44780.o(i.display_clear)
    display_clear                            0x0800323d   Thumb Code    68  lcd_hd44780.o(i.display_clear)
    i.display_clear_text                     0x08003288   Section        0  lcd_hd44780.o(i.display_clear_text)
    i.display_on_off                         0x080032d0   Section        0  lcd_hd44780.o(i.display_on_off)
    display_on_off                           0x080032d1   Thumb Code    88  lcd_hd44780.o(i.display_on_off)
    i.display_send_char                      0x08003330   Section        0  lcd_hd44780.o(i.display_send_char)
    i.display_send_num                       0x08003394   Section        0  lcd_hd44780.o(i.display_send_num)
    i.goto_xy                                0x0800341c   Section        0  lcd_hd44780.o(i.goto_xy)
    i.init_stend                             0x08003494   Section        0  app_lev_stend.o(i.init_stend)
    i.main                                   0x080034aa   Section        0  main.o(i.main)
    i.main_menu                              0x080034d8   Section        0  lcd_hd44780.o(i.main_menu)
    i.motor_step_period_change               0x0800353c   Section        0  stepper_motor.o(i.motor_step_period_change)
    i.start_screen                           0x0800368c   Section        0  lcd_hd44780.o(i.start_screen)
    x$fpl$dcmpinf                            0x080036d8   Section       24  dcmpi.o(x$fpl$dcmpinf)
    x$fpl$dfixu                              0x080036f0   Section       90  dfixu.o(x$fpl$dfixu)
    x$fpl$dfltu                              0x0800374a   Section       38  dflt_clz.o(x$fpl$dfltu)
    x$fpl$dleqf                              0x08003770   Section      120  dleqf.o(x$fpl$dleqf)
    x$fpl$dnaninf                            0x080037e8   Section      156  dnaninf.o(x$fpl$dnaninf)
    x$fpl$dretinf                            0x08003884   Section       12  dretinf.o(x$fpl$dretinf)
    x$fpl$drleqf                             0x08003890   Section      108  drleqf.o(x$fpl$drleqf)
    x$fpl$f2d                                0x080038fc   Section       86  f2d.o(x$fpl$f2d)
    x$fpl$fadd                               0x08003954   Section      196  faddsub_clz.o(x$fpl$fadd)
    _fadd1                                   0x08003963   Thumb Code     0  faddsub_clz.o(x$fpl$fadd)
    x$fpl$fdiv                               0x08003a18   Section      388  fdiv.o(x$fpl$fdiv)
    _fdiv1                                   0x08003a19   Thumb Code     0  fdiv.o(x$fpl$fdiv)
    x$fpl$ffixu                              0x08003b9c   Section       62  ffixu.o(x$fpl$ffixu)
    x$fpl$ffltu                              0x08003bdc   Section       38  fflt_clz.o(x$fpl$ffltu)
    x$fpl$fmul                               0x08003c04   Section      258  fmul.o(x$fpl$fmul)
    x$fpl$fnaninf                            0x08003d06   Section      140  fnaninf.o(x$fpl$fnaninf)
    x$fpl$fretinf                            0x08003d92   Section       10  fretinf.o(x$fpl$fretinf)
    x$fpl$fsub                               0x08003d9c   Section      234  faddsub_clz.o(x$fpl$fsub)
    _fsub1                                   0x08003dab   Thumb Code     0  faddsub_clz.o(x$fpl$fsub)
    .constdata                               0x08003e86   Section       28  encoder.o(.constdata)
    x$fpl$usenofp                            0x08003e86   Section        0  usenofp.o(x$fpl$usenofp)
    .constdata                               0x08003ea2   Section       18  stm32f1xx_hal_rcc.o(.constdata)
    aPLLMULFactorTable                       0x08003ea2   Data          16  stm32f1xx_hal_rcc.o(.constdata)
    aPredivFactorTable                       0x08003eb2   Data           2  stm32f1xx_hal_rcc.o(.constdata)
    .constdata                               0x08003eb4   Section       24  system_stm32f1xx.o(.constdata)
    .data                                    0x20000000   Section       14  nrf24.o(.data)
    TX_ADDRESS                               0x20000000   Data           3  nrf24.o(.data)
    .data                                    0x2000000e   Section        2  lcd_hd44780.o(.data)
    i2c_data                                 0x2000000e   Data           1  lcd_hd44780.o(.data)
    backlight_status                         0x2000000f   Data           1  lcd_hd44780.o(.data)
    .data                                    0x20000010   Section       18  stepper_motor.o(.data)
    is_tim_it_enabled                        0x20000010   Data           1  stepper_motor.o(.data)
    .data                                    0x20000022   Section        4  app_lev_stend.o(.data)
    delta_angle                              0x20000022   Data           2  app_lev_stend.o(.data)
    delta_angle_max                          0x20000024   Data           2  app_lev_stend.o(.data)
    .data                                    0x20000026   Section        4  encoder.o(.data)
    rd_cnt_encoder                           0x20000026   Data           2  encoder.o(.data)
    .data                                    0x2000002c   Section        9  stm32f1xx_hal.o(.data)
    .data                                    0x20000038   Section        4  system_stm32f1xx.o(.data)
    .bss                                     0x2000003c   Section      372  main.o(.bss)
    .bss                                     0x200001b0   Section       96  libspace.o(.bss)
    HEAP                                     0x20000210   Section      512  startup_stm32f103xb.o(HEAP)
    Heap_Mem                                 0x20000210   Data         512  startup_stm32f103xb.o(HEAP)
    STACK                                    0x20000410   Section     1024  startup_stm32f103xb.o(STACK)
    Stack_Mem                                0x20000410   Data        1024  startup_stm32f103xb.o(STACK)
    __initial_sp                             0x20000810   Data           0  startup_stm32f103xb.o(STACK)

    Global Symbols

    Symbol Name                              Value     Ov Type        Size  Object(Section)

    BuildAttributes$$THM_ISAv4$P$D$K$B$S$PE$A:L22UL41UL21$X:L11$S22US41US21$IEEE1$IW$USESV6$~STKCKD$USESV7$~SHL$OTIME$ROPI$EBA8$UX$STANDARDLIB$REQ8$PRES8$EABIv2 0x00000000   Number         0  anon$$obj.o ABSOLUTE
    __ARM_use_no_argv                        0x00000000   Number         0  main.o ABSOLUTE
    __ARM_exceptions_init                     - Undefined Weak Reference
    __alloca_initialize                       - Undefined Weak Reference
    __arm_fini_                               - Undefined Weak Reference
    __arm_preinit_                            - Undefined Weak Reference
    __cpp_initialize__aeabi_                  - Undefined Weak Reference
    __cxa_finalize                            - Undefined Weak Reference
    __rt_locale                               - Undefined Weak Reference
    __sigvec_lookup                           - Undefined Weak Reference
    __user_heap_extent                        - Undefined Weak Reference
    _atexit_init                              - Undefined Weak Reference
    _call_atexit_fns                          - Undefined Weak Reference
    _clock_init                               - Undefined Weak Reference
    _fp_trap_init                             - Undefined Weak Reference
    _fp_trap_shutdown                         - Undefined Weak Reference
    _get_lc_collate                           - Undefined Weak Reference
    _get_lc_ctype                             - Undefined Weak Reference
    _get_lc_monetary                          - Undefined Weak Reference
    _get_lc_numeric                           - Undefined Weak Reference
    _get_lc_time                              - Undefined Weak Reference
    _getenv_init                              - Undefined Weak Reference
    _handle_redirection                       - Undefined Weak Reference
    _initio                                   - Undefined Weak Reference
    _mutex_acquire                            - Undefined Weak Reference
    _mutex_free                               - Undefined Weak Reference
    _mutex_release                            - Undefined Weak Reference
    _printf_post_padding                      - Undefined Weak Reference
    _printf_pre_padding                       - Undefined Weak Reference
    _printf_truncate_signed                   - Undefined Weak Reference
    _printf_truncate_unsigned                 - Undefined Weak Reference
    _rand_init                                - Undefined Weak Reference
    _signal_finish                            - Undefined Weak Reference
    _signal_init                              - Undefined Weak Reference
    _terminateio                              - Undefined Weak Reference
    __Vectors_Size                           0x000000ec   Number         0  startup_stm32f103xb.o ABSOLUTE
    __Vectors                                0x08000000   Data           4  startup_stm32f103xb.o(RESET)
    __Vectors_End                            0x080000ec   Data           0  startup_stm32f103xb.o(RESET)
    __main                                   0x080000ed   Thumb Code     8  __main.o(!!!main)
    __scatterload                            0x080000f5   Thumb Code     0  __scatter.o(!!!scatter)
    __scatterload_rt2                        0x080000f5   Thumb Code    44  __scatter.o(!!!scatter)
    __scatterload_rt2_thumb_only             0x080000f5   Thumb Code     0  __scatter.o(!!!scatter)
    __scatterload_null                       0x08000103   Thumb Code     0  __scatter.o(!!!scatter)
    __scatterload_copy                       0x08000129   Thumb Code    26  __scatter_copy.o(!!handler_copy)
    __scatterload_zeroinit                   0x08000145   Thumb Code    28  __scatter_zi.o(!!handler_zi)
    _printf_d                                0x08000161   Thumb Code     0  _printf_d.o(.ARM.Collect$$_printf_percent$$00000009)
    _printf_percent                          0x08000161   Thumb Code     0  _printf_percent.o(.ARM.Collect$$_printf_percent$$00000000)
    _printf_percent_end                      0x08000167   Thumb Code     0  _printf_percent_end.o(.ARM.Collect$$_printf_percent$$00000017)
    __rt_lib_init                            0x0800016b   Thumb Code     0  libinit.o(.ARM.Collect$$libinit$$00000000)
    __rt_lib_init_fp_1                       0x0800016d   Thumb Code     0  libinit2.o(.ARM.Collect$$libinit$$00000002)
    __rt_lib_init_heap_2                     0x0800016d   Thumb Code     0  libinit2.o(.ARM.Collect$$libinit$$00000005)
    __rt_lib_init_preinit_1                  0x0800016d   Thumb Code     0  libinit2.o(.ARM.Collect$$libinit$$00000004)
    __rt_lib_init_alloca_1                   0x08000175   Thumb Code     0  libinit2.o(.ARM.Collect$$libinit$$0000002E)
    __rt_lib_init_argv_1                     0x08000175   Thumb Code     0  libinit2.o(.ARM.Collect$$libinit$$0000002C)
    __rt_lib_init_atexit_1                   0x08000175   Thumb Code     0  libinit2.o(.ARM.Collect$$libinit$$0000001B)
    __rt_lib_init_clock_1                    0x08000175   Thumb Code     0  libinit2.o(.ARM.Collect$$libinit$$00000021)
    __rt_lib_init_cpp_1                      0x08000175   Thumb Code     0  libinit2.o(.ARM.Collect$$libinit$$00000032)
    __rt_lib_init_exceptions_1               0x08000175   Thumb Code     0  libinit2.o(.ARM.Collect$$libinit$$00000030)
    __rt_lib_init_fp_trap_1                  0x08000175   Thumb Code     0  libinit2.o(.ARM.Collect$$libinit$$0000001F)
    __rt_lib_init_getenv_1                   0x08000175   Thumb Code     0  libinit2.o(.ARM.Collect$$libinit$$00000023)
    __rt_lib_init_heap_1                     0x08000175   Thumb Code     0  libinit2.o(.ARM.Collect$$libinit$$0000000A)
    __rt_lib_init_lc_collate_1               0x08000175   Thumb Code     0  libinit2.o(.ARM.Collect$$libinit$$00000011)
    __rt_lib_init_lc_ctype_1                 0x08000175   Thumb Code     0  libinit2.o(.ARM.Collect$$libinit$$00000013)
    __rt_lib_init_lc_monetary_1              0x08000175   Thumb Code     0  libinit2.o(.ARM.Collect$$libinit$$00000015)
    __rt_lib_init_lc_numeric_1               0x08000175   Thumb Code     0  libinit2.o(.ARM.Collect$$libinit$$00000017)
    __rt_lib_init_lc_time_1                  0x08000175   Thumb Code     0  libinit2.o(.ARM.Collect$$libinit$$00000019)
    __rt_lib_init_rand_1                     0x08000175   Thumb Code     0  libinit2.o(.ARM.Collect$$libinit$$0000000E)
    __rt_lib_init_return                     0x08000175   Thumb Code     0  libinit2.o(.ARM.Collect$$libinit$$00000033)
    __rt_lib_init_signal_1                   0x08000175   Thumb Code     0  libinit2.o(.ARM.Collect$$libinit$$0000001D)
    __rt_lib_init_stdio_1                    0x08000175   Thumb Code     0  libinit2.o(.ARM.Collect$$libinit$$00000025)
    __rt_lib_init_user_alloc_1               0x08000175   Thumb Code     0  libinit2.o(.ARM.Collect$$libinit$$0000000C)
    __rt_lib_shutdown                        0x08000177   Thumb Code     0  libshutdown.o(.ARM.Collect$$libshutdown$$00000000)
    __rt_lib_shutdown_cpp_1                  0x08000179   Thumb Code     0  libshutdown2.o(.ARM.Collect$$libshutdown$$00000004)
    __rt_lib_shutdown_fini_1                 0x08000179   Thumb Code     0  libshutdown2.o(.ARM.Collect$$libshutdown$$00000002)
    __rt_lib_shutdown_fp_trap_1              0x08000179   Thumb Code     0  libshutdown2.o(.ARM.Collect$$libshutdown$$00000009)
    __rt_lib_shutdown_heap_1                 0x08000179   Thumb Code     0  libshutdown2.o(.ARM.Collect$$libshutdown$$00000011)
    __rt_lib_shutdown_return                 0x08000179   Thumb Code     0  libshutdown2.o(.ARM.Collect$$libshutdown$$00000012)
    __rt_lib_shutdown_signal_1               0x08000179   Thumb Code     0  libshutdown2.o(.ARM.Collect$$libshutdown$$0000000C)
    __rt_lib_shutdown_stdio_1                0x08000179   Thumb Code     0  libshutdown2.o(.ARM.Collect$$libshutdown$$00000006)
    __rt_lib_shutdown_user_alloc_1           0x08000179   Thumb Code     0  libshutdown2.o(.ARM.Collect$$libshutdown$$0000000E)
    __rt_entry                               0x0800017b   Thumb Code     0  __rtentry.o(.ARM.Collect$$rtentry$$00000000)
    __rt_entry_presh_1                       0x0800017b   Thumb Code     0  __rtentry2.o(.ARM.Collect$$rtentry$$00000002)
    __rt_entry_sh                            0x0800017b   Thumb Code     0  __rtentry4.o(.ARM.Collect$$rtentry$$00000004)
    __rt_entry_li                            0x08000181   Thumb Code     0  __rtentry2.o(.ARM.Collect$$rtentry$$0000000A)
    __rt_entry_postsh_1                      0x08000181   Thumb Code     0  __rtentry2.o(.ARM.Collect$$rtentry$$00000009)
    __rt_entry_main                          0x08000185   Thumb Code     0  __rtentry2.o(.ARM.Collect$$rtentry$$0000000D)
    __rt_entry_postli_1                      0x08000185   Thumb Code     0  __rtentry2.o(.ARM.Collect$$rtentry$$0000000C)
    __rt_exit                                0x0800018d   Thumb Code     0  rtexit.o(.ARM.Collect$$rtexit$$00000000)
    __rt_exit_ls                             0x0800018f   Thumb Code     0  rtexit2.o(.ARM.Collect$$rtexit$$00000003)
    __rt_exit_prels_1                        0x0800018f   Thumb Code     0  rtexit2.o(.ARM.Collect$$rtexit$$00000002)
    __rt_exit_exit                           0x08000193   Thumb Code     0  rtexit2.o(.ARM.Collect$$rtexit$$00000004)
    Reset_Handler                            0x08000199   Thumb Code     8  startup_stm32f103xb.o(.text)
    _maybe_terminate_alloc                   0x08000199   Thumb Code     0  maybetermalloc1.o(.emb_text)
    ADC1_2_IRQHandler                        0x080001b3   Thumb Code     0  startup_stm32f103xb.o(.text)
    CAN1_RX1_IRQHandler                      0x080001b3   Thumb Code     0  startup_stm32f103xb.o(.text)
    CAN1_SCE_IRQHandler                      0x080001b3   Thumb Code     0  startup_stm32f103xb.o(.text)
    DMA1_Channel1_IRQHandler                 0x080001b3   Thumb Code     0  startup_stm32f103xb.o(.text)
    DMA1_Channel2_IRQHandler                 0x080001b3   Thumb Code     0  startup_stm32f103xb.o(.text)
    DMA1_Channel3_IRQHandler                 0x080001b3   Thumb Code     0  startup_stm32f103xb.o(.text)
    DMA1_Channel4_IRQHandler                 0x080001b3   Thumb Code     0  startup_stm32f103xb.o(.text)
    DMA1_Channel5_IRQHandler                 0x080001b3   Thumb Code     0  startup_stm32f103xb.o(.text)
    DMA1_Channel6_IRQHandler                 0x080001b3   Thumb Code     0  startup_stm32f103xb.o(.text)
    DMA1_Channel7_IRQHandler                 0x080001b3   Thumb Code     0  startup_stm32f103xb.o(.text)
    EXTI0_IRQHandler                         0x080001b3   Thumb Code     0  startup_stm32f103xb.o(.text)
    EXTI1_IRQHandler                         0x080001b3   Thumb Code     0  startup_stm32f103xb.o(.text)
    EXTI2_IRQHandler                         0x080001b3   Thumb Code     0  startup_stm32f103xb.o(.text)
    EXTI4_IRQHandler                         0x080001b3   Thumb Code     0  startup_stm32f103xb.o(.text)
    EXTI9_5_IRQHandler                       0x080001b3   Thumb Code     0  startup_stm32f103xb.o(.text)
    FLASH_IRQHandler                         0x080001b3   Thumb Code     0  startup_stm32f103xb.o(.text)
    I2C1_ER_IRQHandler                       0x080001b3   Thumb Code     0  startup_stm32f103xb.o(.text)
    I2C1_EV_IRQHandler                       0x080001b3   Thumb Code     0  startup_stm32f103xb.o(.text)
    I2C2_ER_IRQHandler                       0x080001b3   Thumb Code     0  startup_stm32f103xb.o(.text)
    I2C2_EV_IRQHandler                       0x080001b3   Thumb Code     0  startup_stm32f103xb.o(.text)
    PVD_IRQHandler                           0x080001b3   Thumb Code     0  startup_stm32f103xb.o(.text)
    RCC_IRQHandler                           0x080001b3   Thumb Code     0  startup_stm32f103xb.o(.text)
    RTC_Alarm_IRQHandler                     0x080001b3   Thumb Code     0  startup_stm32f103xb.o(.text)
    RTC_IRQHandler                           0x080001b3   Thumb Code     0  startup_stm32f103xb.o(.text)
    SPI1_IRQHandler                          0x080001b3   Thumb Code     0  startup_stm32f103xb.o(.text)
    SPI2_IRQHandler                          0x080001b3   Thumb Code     0  startup_stm32f103xb.o(.text)
    TAMPER_IRQHandler                        0x080001b3   Thumb Code     0  startup_stm32f103xb.o(.text)
    TIM1_BRK_IRQHandler                      0x080001b3   Thumb Code     0  startup_stm32f103xb.o(.text)
    TIM1_CC_IRQHandler                       0x080001b3   Thumb Code     0  startup_stm32f103xb.o(.text)
    TIM1_TRG_COM_IRQHandler                  0x080001b3   Thumb Code     0  startup_stm32f103xb.o(.text)
    TIM2_IRQHandler                          0x080001b3   Thumb Code     0  startup_stm32f103xb.o(.text)
    TIM4_IRQHandler                          0x080001b3   Thumb Code     0  startup_stm32f103xb.o(.text)
    USART1_IRQHandler                        0x080001b3   Thumb Code     0  startup_stm32f103xb.o(.text)
    USART2_IRQHandler                        0x080001b3   Thumb Code     0  startup_stm32f103xb.o(.text)
    USART3_IRQHandler                        0x080001b3   Thumb Code     0  startup_stm32f103xb.o(.text)
    USBWakeUp_IRQHandler                     0x080001b3   Thumb Code     0  startup_stm32f103xb.o(.text)
    USB_HP_CAN1_TX_IRQHandler                0x080001b3   Thumb Code     0  startup_stm32f103xb.o(.text)
    USB_LP_CAN1_RX0_IRQHandler               0x080001b3   Thumb Code     0  startup_stm32f103xb.o(.text)
    WWDG_IRQHandler                          0x080001b3   Thumb Code     0  startup_stm32f103xb.o(.text)
    __user_initial_stackheap                 0x080001b5   Thumb Code     0  startup_stm32f103xb.o(.text)
    malloc                                   0x080001d9   Thumb Code    94  h1_alloc.o(.text)
    free                                     0x08000237   Thumb Code    78  h1_free.o(.text)
    __2snprintf                              0x08000285   Thumb Code    48  noretval__2snprintf.o(.text)
    __printf                                 0x080002b9   Thumb Code   104  __printf.o(.text)
    _printf_int_dec                          0x08000321   Thumb Code   104  _printf_dec.o(.text)
    __aeabi_memcpy4                          0x08000399   Thumb Code     0  rt_memcpy_w.o(.text)
    __aeabi_memcpy8                          0x08000399   Thumb Code     0  rt_memcpy_w.o(.text)
    __rt_memcpy_w                            0x08000399   Thumb Code   100  rt_memcpy_w.o(.text)
    _memcpy_lastbytes_aligned                0x080003e1   Thumb Code     0  rt_memcpy_w.o(.text)
    __aeabi_memclr4                          0x080003fd   Thumb Code     0  rt_memclr_w.o(.text)
    __aeabi_memclr8                          0x080003fd   Thumb Code     0  rt_memclr_w.o(.text)
    __rt_memclr_w                            0x080003fd   Thumb Code    78  rt_memclr_w.o(.text)
    _memset_w                                0x08000401   Thumb Code     0  rt_memclr_w.o(.text)
    __use_two_region_memory                  0x0800044b   Thumb Code     2  heapauxi.o(.text)
    __rt_heap_escrow                         0x0800044d   Thumb Code     2  heapauxi.o(.text)
    __rt_heap_expand                         0x0800044f   Thumb Code     2  heapauxi.o(.text)
    __rt_heap_descriptor                     0x08000451   Thumb Code     8  rt_heap_descriptor_intlibspace.o(.text)
    __use_no_heap                            0x08000459   Thumb Code     2  hguard.o(.text)
    __heap$guard                             0x0800045b   Thumb Code     2  hguard.o(.text)
    _terminate_user_alloc                    0x0800045d   Thumb Code     2  init_alloc.o(.text)
    _init_user_alloc                         0x0800045f   Thumb Code     2  init_alloc.o(.text)
    __Heap_Full                              0x08000461   Thumb Code    34  init_alloc.o(.text)
    __Heap_Broken                            0x08000483   Thumb Code     6  init_alloc.o(.text)
    _init_alloc                              0x08000489   Thumb Code    94  init_alloc.o(.text)
    __Heap_Initialize                        0x080004e7   Thumb Code    10  h1_init.o(.text)
    __Heap_DescSize                          0x080004f1   Thumb Code     4  h1_init.o(.text)
    _printf_int_common                       0x080004f5   Thumb Code   178  _printf_intcommon.o(.text)
    _printf_char_common                      0x080005b3   Thumb Code    32  _printf_char_common.o(.text)
    _sputc                                   0x080005d9   Thumb Code    10  _sputc.o(.text)
    _snputc                                  0x080005e3   Thumb Code    16  _snputc.o(.text)
    __user_libspace                          0x080005f5   Thumb Code     8  libspace.o(.text)
    __user_perproc_libspace                  0x080005f5   Thumb Code     0  libspace.o(.text)
    __user_perthread_libspace                0x080005f5   Thumb Code     0  libspace.o(.text)
    __Heap_ProvideMemory                     0x080005fd   Thumb Code    52  h1_extend.o(.text)
    __rt_SIGRTMEM                            0x08000631   Thumb Code    14  defsig_rtmem_outer.o(.text)
    __I$use$semihosting                      0x0800063f   Thumb Code     0  use_no_semi.o(.text)
    __use_no_semihosting_swi                 0x0800063f   Thumb Code     2  use_no_semi.o(.text)
    __semihosting_library_function           0x08000641   Thumb Code     0  indicate_semi.o(.text)
    __user_setup_stackheap                   0x08000641   Thumb Code    74  sys_stackheap_outer.o(.text)
    exit                                     0x0800068b   Thumb Code    18  exit.o(.text)
    __sig_exit                               0x0800069d   Thumb Code    10  defsig_exit.o(.text)
    __rt_SIGRTMEM_inner                      0x080006a9   Thumb Code    22  defsig_rtmem_inner.o(.text)
    _sys_exit                                0x080006f9   Thumb Code     8  sys_exit.o(.text)
    __default_signal_display                 0x08000705   Thumb Code    50  defsig_general.o(.text)
    _ttywrch                                 0x08000737   Thumb Code    14  sys_wrch.o(.text)
    BusFault_Handler                         0x08000745   Thumb Code     4  stm32f1xx_it.o(i.BusFault_Handler)
    DebugMon_Handler                         0x08000749   Thumb Code     2  stm32f1xx_it.o(i.DebugMon_Handler)
    DelayMicro                               0x0800074b   Thumb Code    26  nrf24.o(i.DelayMicro)
    EXTI15_10_IRQHandler                     0x0800077d   Thumb Code    12  stm32f1xx_it.o(i.EXTI15_10_IRQHandler)
    EXTI3_IRQHandler                         0x08000789   Thumb Code    10  stm32f1xx_it.o(i.EXTI3_IRQHandler)
    Error_Handler                            0x08000793   Thumb Code     6  main.o(i.Error_Handler)
    HAL_Delay                                0x08000799   Thumb Code    36  stm32f1xx_hal.o(i.HAL_Delay)
    HAL_GPIO_EXTI_Callback                   0x080007c1   Thumb Code    36  app_lev_stend.o(i.HAL_GPIO_EXTI_Callback)
    HAL_GPIO_EXTI_IRQHandler                 0x080007e9   Thumb Code    24  stm32f1xx_hal_gpio.o(i.HAL_GPIO_EXTI_IRQHandler)
    HAL_GPIO_Init                            0x08000805   Thumb Code   766  stm32f1xx_hal_gpio.o(i.HAL_GPIO_Init)
    HAL_GPIO_TogglePin                       0x08000b25   Thumb Code    20  stm32f1xx_hal_gpio.o(i.HAL_GPIO_TogglePin)
    HAL_GPIO_WritePin                        0x08000b39   Thumb Code    12  stm32f1xx_hal_gpio.o(i.HAL_GPIO_WritePin)
    HAL_GetTick                              0x08000b45   Thumb Code     6  stm32f1xx_hal.o(i.HAL_GetTick)
    HAL_I2C_Init                             0x08000b51   Thumb Code   446  stm32f1xx_hal_i2c.o(i.HAL_I2C_Init)
    HAL_I2C_Master_Transmit                  0x08000d21   Thumb Code   360  stm32f1xx_hal_i2c.o(i.HAL_I2C_Master_Transmit)
    HAL_I2C_MspInit                          0x08000e91   Thumb Code   104  stm32f1xx_hal_msp.o(i.HAL_I2C_MspInit)
    HAL_IncTick                              0x08000f05   Thumb Code    16  stm32f1xx_hal.o(i.HAL_IncTick)
    HAL_Init                                 0x08000f1d   Thumb Code    34  stm32f1xx_hal.o(i.HAL_Init)
    HAL_InitTick                             0x08000f45   Thumb Code    64  stm32f1xx_hal.o(i.HAL_InitTick)
    HAL_MspInit                              0x08000f91   Thumb Code    76  stm32f1xx_hal_msp.o(i.HAL_MspInit)
    HAL_NVIC_DisableIRQ                      0x08000fe5   Thumb Code    62  stm32f1xx_hal_cortex.o(i.HAL_NVIC_DisableIRQ)
    HAL_NVIC_EnableIRQ                       0x08001029   Thumb Code    32  stm32f1xx_hal_cortex.o(i.HAL_NVIC_EnableIRQ)
    HAL_NVIC_SetPriority                     0x08001049   Thumb Code   124  stm32f1xx_hal_cortex.o(i.HAL_NVIC_SetPriority)
    HAL_NVIC_SetPriorityGrouping             0x080010c5   Thumb Code    32  stm32f1xx_hal_cortex.o(i.HAL_NVIC_SetPriorityGrouping)
    HAL_RCC_ClockConfig                      0x080010ed   Thumb Code   376  stm32f1xx_hal_rcc.o(i.HAL_RCC_ClockConfig)
    HAL_RCC_GetHCLKFreq                      0x08001279   Thumb Code     6  stm32f1xx_hal_rcc.o(i.HAL_RCC_GetHCLKFreq)
    HAL_RCC_GetPCLK1Freq                     0x08001285   Thumb Code    22  stm32f1xx_hal_rcc.o(i.HAL_RCC_GetPCLK1Freq)
    HAL_RCC_GetSysClockFreq                  0x080012a5   Thumb Code    92  stm32f1xx_hal_rcc.o(i.HAL_RCC_GetSysClockFreq)
    HAL_RCC_OscConfig                        0x08001315   Thumb Code  1114  stm32f1xx_hal_rcc.o(i.HAL_RCC_OscConfig)
    HAL_SYSTICK_Config                       0x08001779   Thumb Code    52  stm32f1xx_hal_cortex.o(i.HAL_SYSTICK_Config)
    HAL_TIMEx_BreakCallback                  0x080017ad   Thumb Code     2  stm32f1xx_hal_tim_ex.o(i.HAL_TIMEx_BreakCallback)
    HAL_TIMEx_CommutCallback                 0x080017af   Thumb Code     2  stm32f1xx_hal_tim_ex.o(i.HAL_TIMEx_CommutCallback)
    HAL_TIMEx_MasterConfigSynchronization    0x080017b1   Thumb Code   118  stm32f1xx_hal_tim_ex.o(i.HAL_TIMEx_MasterConfigSynchronization)
    HAL_TIM_Base_Init                        0x08001835   Thumb Code   102  stm32f1xx_hal_tim.o(i.HAL_TIM_Base_Init)
    HAL_TIM_Base_MspInit                     0x0800189d   Thumb Code   132  stm32f1xx_hal_msp.o(i.HAL_TIM_Base_MspInit)
    HAL_TIM_Base_Start                       0x0800192d   Thumb Code    94  stm32f1xx_hal_tim.o(i.HAL_TIM_Base_Start)
    HAL_TIM_Base_Start_IT                    0x08001999   Thumb Code   106  stm32f1xx_hal_tim.o(i.HAL_TIM_Base_Start_IT)
    HAL_TIM_Base_Stop_IT                     0x08001a11   Thumb Code    62  stm32f1xx_hal_tim.o(i.HAL_TIM_Base_Stop_IT)
    HAL_TIM_ConfigClockSource                0x08001a4f   Thumb Code   268  stm32f1xx_hal_tim.o(i.HAL_TIM_ConfigClockSource)
    HAL_TIM_Encoder_Init                     0x08001b5b   Thumb Code   196  stm32f1xx_hal_tim.o(i.HAL_TIM_Encoder_Init)
    HAL_TIM_Encoder_MspInit                  0x08001c21   Thumb Code   140  stm32f1xx_hal_msp.o(i.HAL_TIM_Encoder_MspInit)
    HAL_TIM_Encoder_Start_IT                 0x08001cbd   Thumb Code   252  stm32f1xx_hal_tim.o(i.HAL_TIM_Encoder_Start_IT)
    HAL_TIM_Encoder_Stop_IT                  0x08001db9   Thumb Code   256  stm32f1xx_hal_tim.o(i.HAL_TIM_Encoder_Stop_IT)
    HAL_TIM_IC_CaptureCallback               0x08001eb9   Thumb Code   122  encoder.o(i.HAL_TIM_IC_CaptureCallback)
    HAL_TIM_IRQHandler                       0x08001f45   Thumb Code   364  stm32f1xx_hal_tim.o(i.HAL_TIM_IRQHandler)
    HAL_TIM_OC_DelayElapsedCallback          0x080020b1   Thumb Code     2  stm32f1xx_hal_tim.o(i.HAL_TIM_OC_DelayElapsedCallback)
    HAL_TIM_PWM_PulseFinishedCallback        0x080020b3   Thumb Code     2  stm32f1xx_hal_tim.o(i.HAL_TIM_PWM_PulseFinishedCallback)
    HAL_TIM_PeriodElapsedCallback            0x080020b5   Thumb Code   106  stepper_motor.o(i.HAL_TIM_PeriodElapsedCallback)
    HAL_TIM_TriggerCallback                  0x08002139   Thumb Code     2  stm32f1xx_hal_tim.o(i.HAL_TIM_TriggerCallback)
    HardFault_Handler                        0x0800213b   Thumb Code     4  stm32f1xx_it.o(i.HardFault_Handler)
    LCD_HD44780_init                         0x08002511   Thumb Code   206  lcd_hd44780.o(i.LCD_HD44780_init)
    MemManage_Handler                        0x080029a9   Thumb Code     4  stm32f1xx_it.o(i.MemManage_Handler)
    MotorSmoothStart                         0x080029ad   Thumb Code    20  app_lev_stend.o(i.MotorSmoothStart)
    NMI_Handler                              0x080029cd   Thumb Code     4  stm32f1xx_it.o(i.NMI_Handler)
    Nrf24Init                                0x08002ba1   Thumb Code   156  nrf24.o(i.Nrf24Init)
    NrfRxCallbackHandler                     0x08002c49   Thumb Code   118  nrf24.o(i.NrfRxCallbackHandler)
    PendSV_Handler                           0x08002cd1   Thumb Code     2  stm32f1xx_it.o(i.PendSV_Handler)
    PressButtonCallbackHandler               0x08002cd5   Thumb Code   124  encoder.o(i.PressButtonCallbackHandler)
    SVC_Handler                              0x08002df9   Thumb Code     2  stm32f1xx_it.o(i.SVC_Handler)
    ShowAngleBitStat                         0x08002dfd   Thumb Code   248  app_lev_stend.o(i.ShowAngleBitStat)
    ShowEditMenuEcnoder                      0x08002f19   Thumb Code    42  app_lev_stend.o(i.ShowEditMenuEcnoder)
    SynchrAngle                              0x08002f51   Thumb Code    34  app_lev_stend.o(i.SynchrAngle)
    SysTick_Handler                          0x08002f81   Thumb Code     8  stm32f1xx_it.o(i.SysTick_Handler)
    SystemClock_Config                       0x08002f89   Thumb Code   102  main.o(i.SystemClock_Config)
    SystemInit                               0x08002fef   Thumb Code     2  system_stm32f1xx.o(i.SystemInit)
    TIM1_UP_IRQHandler                       0x08002ff1   Thumb Code    10  stm32f1xx_it.o(i.TIM1_UP_IRQHandler)
    TIM3_IRQHandler                          0x08003001   Thumb Code    10  stm32f1xx_it.o(i.TIM3_IRQHandler)
    TIM_Base_SetConfig                       0x08003011   Thumb Code   120  stm32f1xx_hal_tim.o(i.TIM_Base_SetConfig)
    TIM_CCxChannelCmd                        0x08003095   Thumb Code    34  stm32f1xx_hal_tim.o(i.TIM_CCxChannelCmd)
    TIM_ETR_SetConfig                        0x080030b7   Thumb Code    22  stm32f1xx_hal_tim.o(i.TIM_ETR_SetConfig)
    UsageFault_Handler                       0x0800312d   Thumb Code     4  stm32f1xx_it.o(i.UsageFault_Handler)
    display_clear_text                       0x08003289   Thumb Code    52  lcd_hd44780.o(i.display_clear_text)
    display_send_char                        0x08003331   Thumb Code    96  lcd_hd44780.o(i.display_send_char)
    display_send_num                         0x08003395   Thumb Code   124  lcd_hd44780.o(i.display_send_num)
    goto_xy                                  0x0800341d   Thumb Code   112  lcd_hd44780.o(i.goto_xy)
    init_stend                               0x08003495   Thumb Code    22  app_lev_stend.o(i.init_stend)
    main                                     0x080034ab   Thumb Code    44  main.o(i.main)
    main_menu                                0x080034d9   Thumb Code    74  lcd_hd44780.o(i.main_menu)
    motor_step_period_change                 0x0800353d   Thumb Code   308  stepper_motor.o(i.motor_step_period_change)
    start_screen                             0x0800368d   Thumb Code    40  lcd_hd44780.o(i.start_screen)
    __fpl_dcmp_Inf                           0x080036d9   Thumb Code    24  dcmpi.o(x$fpl$dcmpinf)
    __aeabi_d2uiz                            0x080036f1   Thumb Code     0  dfixu.o(x$fpl$dfixu)
    _dfixu                                   0x080036f1   Thumb Code    90  dfixu.o(x$fpl$dfixu)
    __aeabi_ui2d                             0x0800374b   Thumb Code     0  dflt_clz.o(x$fpl$dfltu)
    _dfltu                                   0x0800374b   Thumb Code    38  dflt_clz.o(x$fpl$dfltu)
    __aeabi_cdcmple                          0x08003771   Thumb Code     0  dleqf.o(x$fpl$dleqf)
    _dcmple                                  0x08003771   Thumb Code   120  dleqf.o(x$fpl$dleqf)
    __fpl_dcmple_InfNaN                      0x080037d3   Thumb Code     0  dleqf.o(x$fpl$dleqf)
    __fpl_dnaninf                            0x080037e9   Thumb Code   156  dnaninf.o(x$fpl$dnaninf)
    __fpl_dretinf                            0x08003885   Thumb Code    12  dretinf.o(x$fpl$dretinf)
    __aeabi_cdrcmple                         0x08003891   Thumb Code     0  drleqf.o(x$fpl$drleqf)
    _drcmple                                 0x08003891   Thumb Code   108  drleqf.o(x$fpl$drleqf)
    __aeabi_f2d                              0x080038fd   Thumb Code     0  f2d.o(x$fpl$f2d)
    _f2d                                     0x080038fd   Thumb Code    86  f2d.o(x$fpl$f2d)
    __aeabi_fadd                             0x08003955   Thumb Code     0  faddsub_clz.o(x$fpl$fadd)
    _fadd                                    0x08003955   Thumb Code   196  faddsub_clz.o(x$fpl$fadd)
    __aeabi_fdiv                             0x08003a19   Thumb Code     0  fdiv.o(x$fpl$fdiv)
    _fdiv                                    0x08003a19   Thumb Code   384  fdiv.o(x$fpl$fdiv)
    __aeabi_f2uiz                            0x08003b9d   Thumb Code     0  ffixu.o(x$fpl$ffixu)
    _ffixu                                   0x08003b9d   Thumb Code    62  ffixu.o(x$fpl$ffixu)
    __aeabi_ui2f                             0x08003bdd   Thumb Code     0  fflt_clz.o(x$fpl$ffltu)
    _ffltu                                   0x08003bdd   Thumb Code    38  fflt_clz.o(x$fpl$ffltu)
    __aeabi_fmul                             0x08003c05   Thumb Code     0  fmul.o(x$fpl$fmul)
    _fmul                                    0x08003c05   Thumb Code   258  fmul.o(x$fpl$fmul)
    __fpl_fnaninf                            0x08003d07   Thumb Code   140  fnaninf.o(x$fpl$fnaninf)
    __fpl_fretinf                            0x08003d93   Thumb Code    10  fretinf.o(x$fpl$fretinf)
    __aeabi_fsub                             0x08003d9d   Thumb Code     0  faddsub_clz.o(x$fpl$fsub)
    _fsub                                    0x08003d9d   Thumb Code   234  faddsub_clz.o(x$fpl$fsub)
    __I$use$fp                               0x08003e86   Number         0  usenofp.o(x$fpl$usenofp)
    rpm                                      0x08003e86   Data          14  encoder.o(.constdata)
    rpm_val                                  0x08003e94   Data          14  encoder.o(.constdata)
    AHBPrescTable                            0x08003eb4   Data          16  system_stm32f1xx.o(.constdata)
    APBPrescTable                            0x08003ec4   Data           8  system_stm32f1xx.o(.constdata)
    Region$$Table$$Base                      0x08003ecc   Number         0  anon$$obj.o(Region$$Table)
    Region$$Table$$Limit                     0x08003eec   Number         0  anon$$obj.o(Region$$Table)
    RX_BUF                                   0x20000003   Data           2  nrf24.o(.data)
    nrf_bits_field_rxdata                    0x20000008   Data           4  nrf24.o(.data)
    dt                                       0x2000000c   Data           2  nrf24.o(.data)
    pulse_angle                              0x20000014   Data           8  stepper_motor.o(.data)
    quarter_reciver                          0x2000001c   Data           1  stepper_motor.o(.data)
    current_rpm_val                          0x2000001e   Data           2  stepper_motor.o(.data)
    change_period_step                       0x20000020   Data           1  stepper_motor.o(.data)
    show_delta_angle                         0x20000021   Data           1  stepper_motor.o(.data)
    current_cnt_encoder                      0x20000028   Data           1  encoder.o(.data)
    is_rpm_editing                           0x20000029   Data           1  encoder.o(.data)
    uwTick                                   0x2000002c   Data           4  stm32f1xx_hal.o(.data)
    uwTickPrio                               0x20000030   Data           4  stm32f1xx_hal.o(.data)
    uwTickFreq                               0x20000034   Data           1  stm32f1xx_hal.o(.data)
    SystemCoreClock                          0x20000038   Data           4  system_stm32f1xx.o(.data)
    hi2c1                                    0x2000003c   Data          84  main.o(.bss)
    htim1                                    0x20000090   Data          72  main.o(.bss)
    htim2                                    0x200000d8   Data          72  main.o(.bss)
    htim3                                    0x20000120   Data          72  main.o(.bss)
    htim4                                    0x20000168   Data          72  main.o(.bss)
    __libspace_start                         0x200001b0   Data          96  libspace.o(.bss)
    __temporary_stack_top$libspace           0x20000210   Data           0  libspace.o(.bss)



==============================================================================

Memory Map of the image

  Image Entry point : 0x080000ed

  Load Region LR_IROM1 (Base: 0x08000000, Size: 0x00003f28, Max: 0x00010000, ABSOLUTE)

    Execution Region ER_IROM1 (Exec base: 0x08000000, Load base: 0x08000000, Size: 0x00003eec, Max: 0x00010000, ABSOLUTE)

    Exec Addr    Load Addr    Size         Type   Attr      Idx    E Section Name        Object

    0x08000000   0x08000000   0x000000ec   Data   RO            3    RESET               startup_stm32f103xb.o
    0x080000ec   0x080000ec   0x00000008   Code   RO         3331  * !!!main             c_w.l(__main.o)
    0x080000f4   0x080000f4   0x00000034   Code   RO         3594    !!!scatter          c_w.l(__scatter.o)
    0x08000128   0x08000128   0x0000001a   Code   RO         3596    !!handler_copy      c_w.l(__scatter_copy.o)
    0x08000142   0x08000142   0x00000002   PAD
    0x08000144   0x08000144   0x0000001c   Code   RO         3598    !!handler_zi        c_w.l(__scatter_zi.o)
    0x08000160   0x08000160   0x00000000   Code   RO         3324    .ARM.Collect$$_printf_percent$$00000000  c_w.l(_printf_percent.o)
    0x08000160   0x08000160   0x00000006   Code   RO         3323    .ARM.Collect$$_printf_percent$$00000009  c_w.l(_printf_d.o)
    0x08000166   0x08000166   0x00000004   Code   RO         3407    .ARM.Collect$$_printf_percent$$00000017  c_w.l(_printf_percent_end.o)
    0x0800016a   0x0800016a   0x00000002   Code   RO         3531    .ARM.Collect$$libinit$$00000000  c_w.l(libinit.o)
    0x0800016c   0x0800016c   0x00000000   Code   RO         3411    .ARM.Collect$$libinit$$00000002  c_w.l(libinit2.o)
    0x0800016c   0x0800016c   0x00000000   Code   RO         3413    .ARM.Collect$$libinit$$00000004  c_w.l(libinit2.o)
    0x0800016c   0x0800016c   0x00000008   Code   RO         3414    .ARM.Collect$$libinit$$00000005  c_w.l(libinit2.o)
    0x08000174   0x08000174   0x00000000   Code   RO         3416    .ARM.Collect$$libinit$$0000000A  c_w.l(libinit2.o)
    0x08000174   0x08000174   0x00000000   Code   RO         3418    .ARM.Collect$$libinit$$0000000C  c_w.l(libinit2.o)
    0x08000174   0x08000174   0x00000000   Code   RO         3420    .ARM.Collect$$libinit$$0000000E  c_w.l(libinit2.o)
    0x08000174   0x08000174   0x00000000   Code   RO         3423    .ARM.Collect$$libinit$$00000011  c_w.l(libinit2.o)
    0x08000174   0x08000174   0x00000000   Code   RO         3425    .ARM.Collect$$libinit$$00000013  c_w.l(libinit2.o)
    0x08000174   0x08000174   0x00000000   Code   RO         3427    .ARM.Collect$$libinit$$00000015  c_w.l(libinit2.o)
    0x08000174   0x08000174   0x00000000   Code   RO         3429    .ARM.Collect$$libinit$$00000017  c_w.l(libinit2.o)
    0x08000174   0x08000174   0x00000000   Code   RO         3431    .ARM.Collect$$libinit$$00000019  c_w.l(libinit2.o)
    0x08000174   0x08000174   0x00000000   Code   RO         3433    .ARM.Collect$$libinit$$0000001B  c_w.l(libinit2.o)
    0x08000174   0x08000174   0x00000000   Code   RO         3435    .ARM.Collect$$libinit$$0000001D  c_w.l(libinit2.o)
    0x08000174   0x08000174   0x00000000   Code   RO         3437    .ARM.Collect$$libinit$$0000001F  c_w.l(libinit2.o)
    0x08000174   0x08000174   0x00000000   Code   RO         3439    .ARM.Collect$$libinit$$00000021  c_w.l(libinit2.o)
    0x08000174   0x08000174   0x00000000   Code   RO         3441    .ARM.Collect$$libinit$$00000023  c_w.l(libinit2.o)
    0x08000174   0x08000174   0x00000000   Code   RO         3443    .ARM.Collect$$libinit$$00000025  c_w.l(libinit2.o)
    0x08000174   0x08000174   0x00000000   Code   RO         3447    .ARM.Collect$$libinit$$0000002C  c_w.l(libinit2.o)
    0x08000174   0x08000174   0x00000000   Code   RO         3449    .ARM.Collect$$libinit$$0000002E  c_w.l(libinit2.o)
    0x08000174   0x08000174   0x00000000   Code   RO         3451    .ARM.Collect$$libinit$$00000030  c_w.l(libinit2.o)
    0x08000174   0x08000174   0x00000000   Code   RO         3453    .ARM.Collect$$libinit$$00000032  c_w.l(libinit2.o)
    0x08000174   0x08000174   0x00000002   Code   RO         3454    .ARM.Collect$$libinit$$00000033  c_w.l(libinit2.o)
    0x08000176   0x08000176   0x00000002   Code   RO         3591    .ARM.Collect$$libshutdown$$00000000  c_w.l(libshutdown.o)
    0x08000178   0x08000178   0x00000000   Code   RO         3545    .ARM.Collect$$libshutdown$$00000002  c_w.l(libshutdown2.o)
    0x08000178   0x08000178   0x00000000   Code   RO         3547    .ARM.Collect$$libshutdown$$00000004  c_w.l(libshutdown2.o)
    0x08000178   0x08000178   0x00000000   Code   RO         3549    .ARM.Collect$$libshutdown$$00000006  c_w.l(libshutdown2.o)
    0x08000178   0x08000178   0x00000000   Code   RO         3552    .ARM.Collect$$libshutdown$$00000009  c_w.l(libshutdown2.o)
    0x08000178   0x08000178   0x00000000   Code   RO         3555    .ARM.Collect$$libshutdown$$0000000C  c_w.l(libshutdown2.o)
    0x08000178   0x08000178   0x00000000   Code   RO         3557    .ARM.Collect$$libshutdown$$0000000E  c_w.l(libshutdown2.o)
    0x08000178   0x08000178   0x00000000   Code   RO         3560    .ARM.Collect$$libshutdown$$00000011  c_w.l(libshutdown2.o)
    0x08000178   0x08000178   0x00000002   Code   RO         3561    .ARM.Collect$$libshutdown$$00000012  c_w.l(libshutdown2.o)
    0x0800017a   0x0800017a   0x00000000   Code   RO         3373    .ARM.Collect$$rtentry$$00000000  c_w.l(__rtentry.o)
    0x0800017a   0x0800017a   0x00000000   Code   RO         3472    .ARM.Collect$$rtentry$$00000002  c_w.l(__rtentry2.o)
    0x0800017a   0x0800017a   0x00000006   Code   RO         3484    .ARM.Collect$$rtentry$$00000004  c_w.l(__rtentry4.o)
    0x08000180   0x08000180   0x00000000   Code   RO         3474    .ARM.Collect$$rtentry$$00000009  c_w.l(__rtentry2.o)
    0x08000180   0x08000180   0x00000004   Code   RO         3475    .ARM.Collect$$rtentry$$0000000A  c_w.l(__rtentry2.o)
    0x08000184   0x08000184   0x00000000   Code   RO         3477    .ARM.Collect$$rtentry$$0000000C  c_w.l(__rtentry2.o)
    0x08000184   0x08000184   0x00000008   Code   RO         3478    .ARM.Collect$$rtentry$$0000000D  c_w.l(__rtentry2.o)
    0x0800018c   0x0800018c   0x00000002   Code   RO         3534    .ARM.Collect$$rtexit$$00000000  c_w.l(rtexit.o)
    0x0800018e   0x0800018e   0x00000000   Code   RO         3565    .ARM.Collect$$rtexit$$00000002  c_w.l(rtexit2.o)
    0x0800018e   0x0800018e   0x00000004   Code   RO         3566    .ARM.Collect$$rtexit$$00000003  c_w.l(rtexit2.o)
    0x08000192   0x08000192   0x00000006   Code   RO         3567    .ARM.Collect$$rtexit$$00000004  c_w.l(rtexit2.o)
    0x08000198   0x08000198   0x00000000   Code   RO         3488    .emb_text           c_w.l(maybetermalloc1.o)
    0x08000198   0x08000198   0x00000040   Code   RO            4    .text               startup_stm32f103xb.o
    0x080001d8   0x080001d8   0x0000005e   Code   RO         3235    .text               c_w.l(h1_alloc.o)
    0x08000236   0x08000236   0x0000004e   Code   RO         3237    .text               c_w.l(h1_free.o)
    0x08000284   0x08000284   0x00000034   Code   RO         3297    .text               c_w.l(noretval__2snprintf.o)
    0x080002b8   0x080002b8   0x00000068   Code   RO         3299    .text               c_w.l(__printf.o)
    0x08000320   0x08000320   0x00000078   Code   RO         3301    .text               c_w.l(_printf_dec.o)
    0x08000398   0x08000398   0x00000064   Code   RO         3325    .text               c_w.l(rt_memcpy_w.o)
    0x080003fc   0x080003fc   0x0000004e   Code   RO         3327    .text               c_w.l(rt_memclr_w.o)
    0x0800044a   0x0800044a   0x00000006   Code   RO         3329    .text               c_w.l(heapauxi.o)
    0x08000450   0x08000450   0x00000008   Code   RO         3377    .text               c_w.l(rt_heap_descriptor_intlibspace.o)
    0x08000458   0x08000458   0x00000004   Code   RO         3379    .text               c_w.l(hguard.o)
    0x0800045c   0x0800045c   0x0000008a   Code   RO         3381    .text               c_w.l(init_alloc.o)
    0x080004e6   0x080004e6   0x0000000e   Code   RO         3385    .text               c_w.l(h1_init.o)
    0x080004f4   0x080004f4   0x000000b2   Code   RO         3399    .text               c_w.l(_printf_intcommon.o)
    0x080005a6   0x080005a6   0x00000002   PAD
    0x080005a8   0x080005a8   0x00000030   Code   RO         3401    .text               c_w.l(_printf_char_common.o)
    0x080005d8   0x080005d8   0x0000000a   Code   RO         3403    .text               c_w.l(_sputc.o)
    0x080005e2   0x080005e2   0x00000010   Code   RO         3405    .text               c_w.l(_snputc.o)
    0x080005f2   0x080005f2   0x00000002   PAD
    0x080005f4   0x080005f4   0x00000008   Code   RO         3468    .text               c_w.l(libspace.o)
    0x080005fc   0x080005fc   0x00000034   Code   RO         3490    .text               c_w.l(h1_extend.o)
    0x08000630   0x08000630   0x0000000e   Code   RO         3496    .text               c_w.l(defsig_rtmem_outer.o)
    0x0800063e   0x0800063e   0x00000002   Code   RO         3507    .text               c_w.l(use_no_semi.o)
    0x08000640   0x08000640   0x00000000   Code   RO         3509    .text               c_w.l(indicate_semi.o)
    0x08000640   0x08000640   0x0000004a   Code   RO         3510    .text               c_w.l(sys_stackheap_outer.o)
    0x0800068a   0x0800068a   0x00000012   Code   RO         3516    .text               c_w.l(exit.o)
    0x0800069c   0x0800069c   0x0000000a   Code   RO         3518    .text               c_w.l(defsig_exit.o)
    0x080006a6   0x080006a6   0x00000002   PAD
    0x080006a8   0x080006a8   0x00000050   Code   RO         3520    .text               c_w.l(defsig_rtmem_inner.o)
    0x080006f8   0x080006f8   0x0000000c   Code   RO         3532    .text               c_w.l(sys_exit.o)
    0x08000704   0x08000704   0x00000032   Code   RO         3542    .text               c_w.l(defsig_general.o)
    0x08000736   0x08000736   0x0000000e   Code   RO         3562    .text               c_w.l(sys_wrch.o)
    0x08000744   0x08000744   0x00000004   Code   RO          420    i.BusFault_Handler  stm32f1xx_it.o
    0x08000748   0x08000748   0x00000002   Code   RO          421    i.DebugMon_Handler  stm32f1xx_it.o
    0x0800074a   0x0800074a   0x0000001a   Code   RO           13    i.DelayMicro        nrf24.o
    0x08000764   0x08000764   0x00000018   Code   RO          307    i.DelayPeriodStepMks  stepper_motor.o
    0x0800077c   0x0800077c   0x0000000c   Code   RO          422    i.EXTI15_10_IRQHandler  stm32f1xx_it.o
    0x08000788   0x08000788   0x0000000a   Code   RO          423    i.EXTI3_IRQHandler  stm32f1xx_it.o
    0x08000792   0x08000792   0x00000006   Code   RO          348    i.Error_Handler     main.o
    0x08000798   0x08000798   0x00000028   Code   RO         1210    i.HAL_Delay         stm32f1xx_hal.o
    0x080007c0   0x080007c0   0x00000028   Code   RO          579    i.HAL_GPIO_EXTI_Callback  app_lev_stend.o
    0x080007e8   0x080007e8   0x0000001c   Code   RO         1524    i.HAL_GPIO_EXTI_IRQHandler  stm32f1xx_hal_gpio.o
    0x08000804   0x08000804   0x00000320   Code   RO         1525    i.HAL_GPIO_Init     stm32f1xx_hal_gpio.o
    0x08000b24   0x08000b24   0x00000014   Code   RO         1528    i.HAL_GPIO_TogglePin  stm32f1xx_hal_gpio.o
    0x08000b38   0x08000b38   0x0000000c   Code   RO         1529    i.HAL_GPIO_WritePin  stm32f1xx_hal_gpio.o
    0x08000b44   0x08000b44   0x0000000c   Code   RO         1214    i.HAL_GetTick       stm32f1xx_hal.o
    0x08000b50   0x08000b50   0x000001d0   Code   RO          737    i.HAL_I2C_Init      stm32f1xx_hal_i2c.o
    0x08000d20   0x08000d20   0x00000170   Code   RO          750    i.HAL_I2C_Master_Transmit  stm32f1xx_hal_i2c.o
    0x08000e90   0x08000e90   0x00000074   Code   RO          520    i.HAL_I2C_MspInit   stm32f1xx_hal_msp.o
    0x08000f04   0x08000f04   0x00000018   Code   RO         1220    i.HAL_IncTick       stm32f1xx_hal.o
    0x08000f1c   0x08000f1c   0x00000028   Code   RO         1221    i.HAL_Init          stm32f1xx_hal.o
    0x08000f44   0x08000f44   0x0000004c   Code   RO         1222    i.HAL_InitTick      stm32f1xx_hal.o
    0x08000f90   0x08000f90   0x00000054   Code   RO          521    i.HAL_MspInit       stm32f1xx_hal_msp.o
    0x08000fe4   0x08000fe4   0x00000044   Code   RO         1684    i.HAL_NVIC_DisableIRQ  stm32f1xx_hal_cortex.o
    0x08001028   0x08001028   0x00000020   Code   RO         1685    i.HAL_NVIC_EnableIRQ  stm32f1xx_hal_cortex.o
    0x08001048   0x08001048   0x0000007c   Code   RO         1691    i.HAL_NVIC_SetPriority  stm32f1xx_hal_cortex.o
    0x080010c4   0x080010c4   0x00000028   Code   RO         1692    i.HAL_NVIC_SetPriorityGrouping  stm32f1xx_hal_cortex.o
    0x080010ec   0x080010ec   0x0000018c   Code   RO         1378    i.HAL_RCC_ClockConfig  stm32f1xx_hal_rcc.o
    0x08001278   0x08001278   0x0000000c   Code   RO         1383    i.HAL_RCC_GetHCLKFreq  stm32f1xx_hal_rcc.o
    0x08001284   0x08001284   0x00000020   Code   RO         1385    i.HAL_RCC_GetPCLK1Freq  stm32f1xx_hal_rcc.o
    0x080012a4   0x080012a4   0x00000070   Code   RO         1387    i.HAL_RCC_GetSysClockFreq  stm32f1xx_hal_rcc.o
    0x08001314   0x08001314   0x00000464   Code   RO         1390    i.HAL_RCC_OscConfig  stm32f1xx_hal_rcc.o
    0x08001778   0x08001778   0x00000034   Code   RO         1696    i.HAL_SYSTICK_Config  stm32f1xx_hal_cortex.o
    0x080017ac   0x080017ac   0x00000002   Code   RO         2928    i.HAL_TIMEx_BreakCallback  stm32f1xx_hal_tim_ex.o
    0x080017ae   0x080017ae   0x00000002   Code   RO         2929    i.HAL_TIMEx_CommutCallback  stm32f1xx_hal_tim_ex.o
    0x080017b0   0x080017b0   0x00000084   Code   RO         2947    i.HAL_TIMEx_MasterConfigSynchronization  stm32f1xx_hal_tim_ex.o
    0x08001834   0x08001834   0x00000066   Code   RO         2213    i.HAL_TIM_Base_Init  stm32f1xx_hal_tim.o
    0x0800189a   0x0800189a   0x00000002   PAD
    0x0800189c   0x0800189c   0x00000090   Code   RO          523    i.HAL_TIM_Base_MspInit  stm32f1xx_hal_msp.o
    0x0800192c   0x0800192c   0x0000006c   Code   RO         2216    i.HAL_TIM_Base_Start  stm32f1xx_hal_tim.o
    0x08001998   0x08001998   0x00000078   Code   RO         2218    i.HAL_TIM_Base_Start_IT  stm32f1xx_hal_tim.o
    0x08001a10   0x08001a10   0x0000003e   Code   RO         2221    i.HAL_TIM_Base_Stop_IT  stm32f1xx_hal_tim.o
    0x08001a4e   0x08001a4e   0x0000010c   Code   RO         2222    i.HAL_TIM_ConfigClockSource  stm32f1xx_hal_tim.o
    0x08001b5a   0x08001b5a   0x000000c4   Code   RO         2234    i.HAL_TIM_Encoder_Init  stm32f1xx_hal_tim.o
    0x08001c1e   0x08001c1e   0x00000002   PAD
    0x08001c20   0x08001c20   0x0000009c   Code   RO          525    i.HAL_TIM_Encoder_MspInit  stm32f1xx_hal_msp.o
    0x08001cbc   0x08001cbc   0x000000fc   Code   RO         2239    i.HAL_TIM_Encoder_Start_IT  stm32f1xx_hal_tim.o
    0x08001db8   0x08001db8   0x00000100   Code   RO         2242    i.HAL_TIM_Encoder_Stop_IT  stm32f1xx_hal_tim.o
    0x08001eb8   0x08001eb8   0x0000008c   Code   RO          653    i.HAL_TIM_IC_CaptureCallback  encoder.o
    0x08001f44   0x08001f44   0x0000016c   Code   RO         2261    i.HAL_TIM_IRQHandler  stm32f1xx_hal_tim.o
    0x080020b0   0x080020b0   0x00000002   Code   RO         2264    i.HAL_TIM_OC_DelayElapsedCallback  stm32f1xx_hal_tim.o
    0x080020b2   0x080020b2   0x00000002   Code   RO         2291    i.HAL_TIM_PWM_PulseFinishedCallback  stm32f1xx_hal_tim.o
    0x080020b4   0x080020b4   0x00000084   Code   RO          308    i.HAL_TIM_PeriodElapsedCallback  stepper_motor.o
    0x08002138   0x08002138   0x00000002   Code   RO         2304    i.HAL_TIM_TriggerCallback  stm32f1xx_hal_tim.o
    0x0800213a   0x0800213a   0x00000004   Code   RO          424    i.HardFault_Handler  stm32f1xx_it.o
    0x0800213e   0x0800213e   0x0000003e   Code   RO          781    i.I2C_IsAcknowledgeFailed  stm32f1xx_hal_i2c.o
    0x0800217c   0x0800217c   0x000000c0   Code   RO          785    i.I2C_MasterRequestWrite  stm32f1xx_hal_i2c.o
    0x0800223c   0x0800223c   0x00000066   Code   RO          801    i.I2C_WaitOnBTFFlagUntilTimeout  stm32f1xx_hal_i2c.o
    0x080022a2   0x080022a2   0x000000be   Code   RO          802    i.I2C_WaitOnFlagUntilTimeout  stm32f1xx_hal_i2c.o
    0x08002360   0x08002360   0x000000fa   Code   RO          803    i.I2C_WaitOnMasterAddressFlagUntilTimeout  stm32f1xx_hal_i2c.o
    0x0800245a   0x0800245a   0x00000066   Code   RO          807    i.I2C_WaitOnTXEFlagUntilTimeout  stm32f1xx_hal_i2c.o
    0x080024c0   0x080024c0   0x00000024   Code   RO          580    i.InitLcd           app_lev_stend.o
    0x080024e4   0x080024e4   0x0000000e   Code   RO          581    i.InitRadioChanel   app_lev_stend.o
    0x080024f2   0x080024f2   0x00000002   PAD
    0x080024f4   0x080024f4   0x0000001c   Code   RO          582    i.InitStepMotor     app_lev_stend.o
    0x08002510   0x08002510   0x000000d8   Code   RO          216    i.LCD_HD44780_init  lcd_hd44780.o
    0x080025e8   0x080025e8   0x00000050   Code   RO          217    i.LCD_Strobe_E      lcd_hd44780.o
    0x08002638   0x08002638   0x00000168   Code   RO          349    i.MX_GPIO_Init      main.o
    0x080027a0   0x080027a0   0x0000003c   Code   RO          350    i.MX_I2C1_Init      main.o
    0x080027dc   0x080027dc   0x00000070   Code   RO          351    i.MX_TIM1_Init      main.o
    0x0800284c   0x0800284c   0x0000006c   Code   RO          352    i.MX_TIM2_Init      main.o
    0x080028b8   0x080028b8   0x00000084   Code   RO          353    i.MX_TIM3_Init      main.o
    0x0800293c   0x0800293c   0x0000006c   Code   RO          354    i.MX_TIM4_Init      main.o
    0x080029a8   0x080029a8   0x00000004   Code   RO          425    i.MemManage_Handler  stm32f1xx_it.o
    0x080029ac   0x080029ac   0x00000020   Code   RO          583    i.MotorSmoothStart  app_lev_stend.o
    0x080029cc   0x080029cc   0x00000004   Code   RO          426    i.NMI_Handler       stm32f1xx_it.o
    0x080029d0   0x080029d0   0x00000038   Code   RO           14    i.NRF24L01_RX_Mode  nrf24.o
    0x08002a08   0x08002a08   0x00000034   Code   RO           15    i.NRF24_FlushRX     nrf24.o
    0x08002a3c   0x08002a3c   0x00000034   Code   RO           16    i.NRF24_FlushTX     nrf24.o
    0x08002a70   0x08002a70   0x00000038   Code   RO           17    i.NRF24_ReadReg     nrf24.o
    0x08002aa8   0x08002aa8   0x00000040   Code   RO           18    i.NRF24_Read_Buf    nrf24.o
    0x08002ae8   0x08002ae8   0x00000040   Code   RO           19    i.NRF24_ToggleFeatures  nrf24.o
    0x08002b28   0x08002b28   0x00000030   Code   RO           20    i.NRF24_WriteReg    nrf24.o
    0x08002b58   0x08002b58   0x00000048   Code   RO           21    i.NRF24_Write_Buf   nrf24.o
    0x08002ba0   0x08002ba0   0x000000a8   Code   RO           22    i.Nrf24Init         nrf24.o
    0x08002c48   0x08002c48   0x00000088   Code   RO           23    i.NrfRxCallbackHandler  nrf24.o
    0x08002cd0   0x08002cd0   0x00000002   Code   RO          427    i.PendSV_Handler    stm32f1xx_it.o
    0x08002cd2   0x08002cd2   0x00000002   PAD
    0x08002cd4   0x08002cd4   0x00000090   Code   RO          654    i.PressButtonCallbackHandler  encoder.o
    0x08002d64   0x08002d64   0x00000028   Code   RO         1391    i.RCC_Delay         stm32f1xx_hal_rcc.o
    0x08002d8c   0x08002d8c   0x0000006c   Code   RO           24    i.SPI_send_soft     nrf24.o
    0x08002df8   0x08002df8   0x00000002   Code   RO          428    i.SVC_Handler       stm32f1xx_it.o
    0x08002dfa   0x08002dfa   0x00000002   PAD
    0x08002dfc   0x08002dfc   0x0000011c   Code   RO          584    i.ShowAngleBitStat  app_lev_stend.o
    0x08002f18   0x08002f18   0x00000038   Code   RO          585    i.ShowEditMenuEcnoder  app_lev_stend.o
    0x08002f50   0x08002f50   0x00000030   Code   RO          586    i.SynchrAngle       app_lev_stend.o
    0x08002f80   0x08002f80   0x00000008   Code   RO          429    i.SysTick_Handler   stm32f1xx_it.o
    0x08002f88   0x08002f88   0x00000066   Code   RO          355    i.SystemClock_Config  main.o
    0x08002fee   0x08002fee   0x00000002   Code   RO         3196    i.SystemInit        system_stm32f1xx.o
    0x08002ff0   0x08002ff0   0x00000010   Code   RO          430    i.TIM1_UP_IRQHandler  stm32f1xx_it.o
    0x08003000   0x08003000   0x00000010   Code   RO          431    i.TIM3_IRQHandler   stm32f1xx_it.o
    0x08003010   0x08003010   0x00000084   Code   RO         2306    i.TIM_Base_SetConfig  stm32f1xx_hal_tim.o
    0x08003094   0x08003094   0x00000022   Code   RO         2307    i.TIM_CCxChannelCmd  stm32f1xx_hal_tim.o
    0x080030b6   0x080030b6   0x00000016   Code   RO         2317    i.TIM_ETR_SetConfig  stm32f1xx_hal_tim.o
    0x080030cc   0x080030cc   0x00000012   Code   RO         2318    i.TIM_ITRx_SetConfig  stm32f1xx_hal_tim.o
    0x080030de   0x080030de   0x00000026   Code   RO         2324    i.TIM_TI1_ConfigInputStage  stm32f1xx_hal_tim.o
    0x08003104   0x08003104   0x00000028   Code   RO         2326    i.TIM_TI2_ConfigInputStage  stm32f1xx_hal_tim.o
    0x0800312c   0x0800312c   0x00000004   Code   RO          432    i.UsageFault_Handler  stm32f1xx_it.o
    0x08003130   0x08003130   0x00000010   Code   RO         1698    i.__NVIC_GetPriorityGrouping  stm32f1xx_hal_cortex.o
    0x08003140   0x08003140   0x00000028   Code   RO         1699    i.__NVIC_SetPriority  stm32f1xx_hal_cortex.o
    0x08003168   0x08003168   0x00000080   Code   RO          218    i.cursor_settings   lcd_hd44780.o
    0x080031e8   0x080031e8   0x00000054   Code   RO          219    i.display_backligt  lcd_hd44780.o
    0x0800323c   0x0800323c   0x0000004c   Code   RO          220    i.display_clear     lcd_hd44780.o
    0x08003288   0x08003288   0x00000048   Code   RO          221    i.display_clear_text  lcd_hd44780.o
    0x080032d0   0x080032d0   0x00000060   Code   RO          222    i.display_on_off    lcd_hd44780.o
    0x08003330   0x08003330   0x00000064   Code   RO          223    i.display_send_char  lcd_hd44780.o
    0x08003394   0x08003394   0x00000088   Code   RO          224    i.display_send_num  lcd_hd44780.o
    0x0800341c   0x0800341c   0x00000078   Code   RO          225    i.goto_xy           lcd_hd44780.o
    0x08003494   0x08003494   0x00000016   Code   RO          587    i.init_stend        app_lev_stend.o
    0x080034aa   0x080034aa   0x0000002c   Code   RO          356    i.main              main.o
    0x080034d6   0x080034d6   0x00000002   PAD
    0x080034d8   0x080034d8   0x00000064   Code   RO          226    i.main_menu         lcd_hd44780.o
    0x0800353c   0x0800353c   0x00000150   Code   RO          309    i.motor_step_period_change  stepper_motor.o
    0x0800368c   0x0800368c   0x0000004c   Code   RO          227    i.start_screen      lcd_hd44780.o
    0x080036d8   0x080036d8   0x00000018   Code   RO         3455    x$fpl$dcmpinf       fz_ws.l(dcmpi.o)
    0x080036f0   0x080036f0   0x0000005a   Code   RO         3333    x$fpl$dfixu         fz_ws.l(dfixu.o)
    0x0800374a   0x0800374a   0x00000026   Code   RO         3337    x$fpl$dfltu         fz_ws.l(dflt_clz.o)
    0x08003770   0x08003770   0x00000078   Code   RO         3343    x$fpl$dleqf         fz_ws.l(dleqf.o)
    0x080037e8   0x080037e8   0x0000009c   Code   RO         3457    x$fpl$dnaninf       fz_ws.l(dnaninf.o)
    0x08003884   0x08003884   0x0000000c   Code   RO         3459    x$fpl$dretinf       fz_ws.l(dretinf.o)
    0x08003890   0x08003890   0x0000006c   Code   RO         3345    x$fpl$drleqf        fz_ws.l(drleqf.o)
    0x080038fc   0x080038fc   0x00000056   Code   RO         3347    x$fpl$f2d           fz_ws.l(f2d.o)
    0x08003952   0x08003952   0x00000002   PAD
    0x08003954   0x08003954   0x000000c4   Code   RO         3349    x$fpl$fadd          fz_ws.l(faddsub_clz.o)
    0x08003a18   0x08003a18   0x00000184   Code   RO         3356    x$fpl$fdiv          fz_ws.l(fdiv.o)
    0x08003b9c   0x08003b9c   0x0000003e   Code   RO         3359    x$fpl$ffixu         fz_ws.l(ffixu.o)
    0x08003bda   0x08003bda   0x00000002   PAD
    0x08003bdc   0x08003bdc   0x00000026   Code   RO         3363    x$fpl$ffltu         fz_ws.l(fflt_clz.o)
    0x08003c02   0x08003c02   0x00000002   PAD
    0x08003c04   0x08003c04   0x00000102   Code   RO         3369    x$fpl$fmul          fz_ws.l(fmul.o)
    0x08003d06   0x08003d06   0x0000008c   Code   RO         3461    x$fpl$fnaninf       fz_ws.l(fnaninf.o)
    0x08003d92   0x08003d92   0x0000000a   Code   RO         3463    x$fpl$fretinf       fz_ws.l(fretinf.o)
    0x08003d9c   0x08003d9c   0x000000ea   Code   RO         3351    x$fpl$fsub          fz_ws.l(faddsub_clz.o)
    0x08003e86   0x08003e86   0x00000000   Code   RO         3465    x$fpl$usenofp       fz_ws.l(usenofp.o)
    0x08003e86   0x08003e86   0x0000001c   Data   RO          655    .constdata          encoder.o
    0x08003ea2   0x08003ea2   0x00000012   Data   RO         1392    .constdata          stm32f1xx_hal_rcc.o
    0x08003eb4   0x08003eb4   0x00000018   Data   RO         3197    .constdata          system_stm32f1xx.o
    0x08003ecc   0x08003ecc   0x00000020   Data   RO         3592    Region$$Table       anon$$obj.o


    Execution Region RW_IRAM1 (Exec base: 0x20000000, Load base: 0x08003eec, Size: 0x00000810, Max: 0x00005000, ABSOLUTE)

    Exec Addr    Load Addr    Size         Type   Attr      Idx    E Section Name        Object

    0x20000000   0x08003eec   0x0000000e   Data   RW           25    .data               nrf24.o
    0x2000000e   0x08003efa   0x00000002   Data   RW          228    .data               lcd_hd44780.o
    0x20000010   0x08003efc   0x00000012   Data   RW          310    .data               stepper_motor.o
    0x20000022   0x08003f0e   0x00000004   Data   RW          588    .data               app_lev_stend.o
    0x20000026   0x08003f12   0x00000004   Data   RW          656    .data               encoder.o
    0x2000002a   0x08003f16   0x00000002   PAD
    0x2000002c   0x08003f18   0x00000009   Data   RW         1228    .data               stm32f1xx_hal.o
    0x20000035   0x08003f21   0x00000003   PAD
    0x20000038   0x08003f24   0x00000004   Data   RW         3198    .data               system_stm32f1xx.o
    0x2000003c        -       0x00000174   Zero   RW          357    .bss                main.o
    0x200001b0        -       0x00000060   Zero   RW         3469    .bss                c_w.l(libspace.o)
    0x20000210        -       0x00000200   Zero   RW            2    HEAP                startup_stm32f103xb.o
    0x20000410        -       0x00000400   Zero   RW            1    STACK               startup_stm32f103xb.o


==============================================================================

Image component sizes


      Code (inc. data)   RO Data    RW Data    ZI Data      Debug   Object Name

       560         92          0          4          0       4248   app_lev_stend.o
       284         38         28          4          0       1691   encoder.o
      1284        174          0          2          0       6420   lcd_hd44780.o
      1032         66          0          0        372       5308   main.o
       902         82          0         14          0     433409   nrf24.o
        64         26        236          0       1536        788   startup_stm32f103xb.o
       492         60          0         18          0       3569   stepper_motor.o
       192         36          0          9          0       5693   stm32f1xx_hal.o
       372         28          0          0          0      29929   stm32f1xx_hal_cortex.o
       860         38          0          0          0       3768   stm32f1xx_hal_gpio.o
      1730         32          0          0          0       7849   stm32f1xx_hal_i2c.o
       500         48          0          0          0       2925   stm32f1xx_hal_msp.o
      1716         88         18          0          0       5245   stm32f1xx_hal_rcc.o
      2018         40          0          0          0      13086   stm32f1xx_hal_tim.o
       136         14          0          0          0       2325   stm32f1xx_hal_tim_ex.o
        88         12          0          0          0       5455   stm32f1xx_it.o
         2          0         24          4          0       1047   system_stm32f1xx.o

    ----------------------------------------------------------------------
     12244        874        338         60       1908     532755   Object Totals
         0          0         32          0          0          0   (incl. Generated)
        12          0          0          5          0          0   (incl. Padding)

    ----------------------------------------------------------------------

      Code (inc. data)   RO Data    RW Data    ZI Data      Debug   Library Member Name

         8          0          0          0          0         68   __main.o
       104          0          0          0          0         84   __printf.o
         0          0          0          0          0          0   __rtentry.o
        12          0          0          0          0          0   __rtentry2.o
         6          0          0          0          0          0   __rtentry4.o
        52          8          0          0          0          0   __scatter.o
        26          0          0          0          0          0   __scatter_copy.o
        28          0          0          0          0          0   __scatter_zi.o
        48          6          0          0          0         96   _printf_char_common.o
         6          0          0          0          0          0   _printf_d.o
       120         16          0          0          0         92   _printf_dec.o
       178          0          0          0          0         88   _printf_intcommon.o
         0          0          0          0          0          0   _printf_percent.o
         4          0          0          0          0          0   _printf_percent_end.o
        16          0          0          0          0         68   _snputc.o
        10          0          0          0          0         68   _sputc.o
        10          0          0          0          0         68   defsig_exit.o
        50          0          0          0          0         88   defsig_general.o
        80         58          0          0          0         76   defsig_rtmem_inner.o
        14          0          0          0          0         80   defsig_rtmem_outer.o
        18          0          0          0          0         80   exit.o
        94          0          0          0          0         80   h1_alloc.o
        52          0          0          0          0         68   h1_extend.o
        78          0          0          0          0         80   h1_free.o
        14          0          0          0          0         84   h1_init.o
         6          0          0          0          0        152   heapauxi.o
         4          0          0          0          0        136   hguard.o
         0          0          0          0          0          0   indicate_semi.o
       138          0          0          0          0        168   init_alloc.o
         2          0          0          0          0          0   libinit.o
        10          0          0          0          0          0   libinit2.o
         2          0          0          0          0          0   libshutdown.o
         2          0          0          0          0          0   libshutdown2.o
         8          4          0          0         96         68   libspace.o
         0          0          0          0          0          0   maybetermalloc1.o
        52          4          0          0          0         84   noretval__2snprintf.o
         8          4          0          0          0         68   rt_heap_descriptor_intlibspace.o
        78          0          0          0          0         80   rt_memclr_w.o
       100          0          0          0          0         80   rt_memcpy_w.o
         2          0          0          0          0          0   rtexit.o
        10          0          0          0          0          0   rtexit2.o
        12          4          0          0          0         68   sys_exit.o
        74          0          0          0          0         80   sys_stackheap_outer.o
        14          0          0          0          0         76   sys_wrch.o
         2          0          0          0          0         68   use_no_semi.o
        24          0          0          0          0         68   dcmpi.o
        90          4          0          0          0         92   dfixu.o
        38          0          0          0          0         68   dflt_clz.o
       120          4          0          0          0         92   dleqf.o
       156          4          0          0          0         92   dnaninf.o
        12          0          0          0          0         68   dretinf.o
       108          0          0          0          0         80   drleqf.o
        86          4          0          0          0         84   f2d.o
       430          8          0          0          0        168   faddsub_clz.o
       388         76          0          0          0         96   fdiv.o
        62          4          0          0          0         84   ffixu.o
        38          0          0          0          0         68   fflt_clz.o
       258          4          0          0          0         84   fmul.o
       140          4          0          0          0         84   fnaninf.o
        10          0          0          0          0         68   fretinf.o
         0          0          0          0          0          0   usenofp.o

    ----------------------------------------------------------------------
      3526        216          0          0         96       3692   Library Totals
        14          0          0          0          0          0   (incl. Padding)

    ----------------------------------------------------------------------

      Code (inc. data)   RO Data    RW Data    ZI Data      Debug   Library Name

      1552        104          0          0         96       2396   c_w.l
      1960        112          0          0          0       1296   fz_ws.l

    ----------------------------------------------------------------------
      3526        216          0          0         96       3692   Library Totals

    ----------------------------------------------------------------------

==============================================================================


      Code (inc. data)   RO Data    RW Data    ZI Data      Debug   

     15770       1090        338         60       2004     528539   Grand Totals
     15770       1090        338         60       2004     528539   ELF Image Totals
     15770       1090        338         60          0          0   ROM Totals

==============================================================================

    Total RO  Size (Code + RO Data)                16108 (  15.73kB)
    Total RW  Size (RW Data + ZI Data)              2064 (   2.02kB)
    Total ROM Size (Code + RO Data + RW Data)      16168 (  15.79kB)

==============================================================================

