Component: ARM Compiler 5.06 update 7 (build 960) Tool: armlink [4d3601]

==============================================================================

Section Cross References

    startup_stm32f103xb.o(STACK) refers (Special) to heapauxi.o(.text) for __use_two_region_memory
    startup_stm32f103xb.o(HEAP) refers (Special) to heapauxi.o(.text) for __use_two_region_memory
    startup_stm32f103xb.o(RESET) refers (Special) to heapauxi.o(.text) for __use_two_region_memory
    startup_stm32f103xb.o(RESET) refers to startup_stm32f103xb.o(STACK) for __initial_sp
    startup_stm32f103xb.o(RESET) refers to startup_stm32f103xb.o(.text) for Reset_Handler
    startup_stm32f103xb.o(RESET) refers to stm32f1xx_it.o(i.NMI_Handler) for NMI_Handler
    startup_stm32f103xb.o(RESET) refers to stm32f1xx_it.o(i.HardFault_Handler) for HardFault_Handler
    startup_stm32f103xb.o(RESET) refers to stm32f1xx_it.o(i.MemManage_Handler) for MemManage_Handler
    startup_stm32f103xb.o(RESET) refers to stm32f1xx_it.o(i.BusFault_Handler) for BusFault_Handler
    startup_stm32f103xb.o(RESET) refers to stm32f1xx_it.o(i.UsageFault_Handler) for UsageFault_Handler
    startup_stm32f103xb.o(RESET) refers to stm32f1xx_it.o(i.SVC_Handler) for SVC_Handler
    startup_stm32f103xb.o(RESET) refers to stm32f1xx_it.o(i.DebugMon_Handler) for DebugMon_Handler
    startup_stm32f103xb.o(RESET) refers to stm32f1xx_it.o(i.PendSV_Handler) for PendSV_Handler
    startup_stm32f103xb.o(RESET) refers to stm32f1xx_it.o(i.SysTick_Handler) for SysTick_Handler
    startup_stm32f103xb.o(RESET) refers to stm32f1xx_it.o(i.EXTI3_IRQHandler) for EXTI3_IRQHandler
    startup_stm32f103xb.o(RESET) refers to stm32f1xx_it.o(i.TIM1_UP_IRQHandler) for TIM1_UP_IRQHandler
    startup_stm32f103xb.o(.text) refers (Special) to heapauxi.o(.text) for __use_two_region_memory
    startup_stm32f103xb.o(.text) refers to system_stm32f1xx.o(i.SystemInit) for SystemInit
    startup_stm32f103xb.o(.text) refers to __main.o(!!!main) for __main
    startup_stm32f103xb.o(.text) refers to startup_stm32f103xb.o(HEAP) for Heap_Mem
    startup_stm32f103xb.o(.text) refers to startup_stm32f103xb.o(STACK) for Stack_Mem
    nrf24.o(i.NRF24L01_RX_Mode) refers to nrf24.o(i.NRF24_ReadReg) for NRF24_ReadReg
    nrf24.o(i.NRF24L01_RX_Mode) refers to nrf24.o(i.NRF24_WriteReg) for NRF24_WriteReg
    nrf24.o(i.NRF24L01_RX_Mode) refers to stm32f1xx_hal_gpio.o(i.HAL_GPIO_WritePin) for HAL_GPIO_WritePin
    nrf24.o(i.NRF24L01_RX_Mode) refers to nrf24.o(i.DelayMicro) for DelayMicro
    nrf24.o(i.NRF24L01_RX_Mode) refers to nrf24.o(i.NRF24_FlushRX) for NRF24_FlushRX
    nrf24.o(i.NRF24L01_RX_Mode) refers to nrf24.o(i.NRF24_FlushTX) for NRF24_FlushTX
    nrf24.o(i.NRF24L01_Receive) refers to stm32f1xx_hal_gpio.o(i.HAL_GPIO_ReadPin) for HAL_GPIO_ReadPin
    nrf24.o(i.NRF24L01_Receive) refers to nrf24.o(i.NRF24_ReadReg) for NRF24_ReadReg
    nrf24.o(i.NRF24L01_Receive) refers to nrf24.o(i.DelayMicro) for DelayMicro
    nrf24.o(i.NRF24L01_Receive) refers to nrf24.o(i.NRF24_Read_Buf) for NRF24_Read_Buf
    nrf24.o(i.NRF24L01_Receive) refers to nrf24.o(i.NRF24_WriteReg) for NRF24_WriteReg
    nrf24.o(i.NRF24L01_Receive) refers to nrf24.o(.data) for RX_BUF
    nrf24.o(i.NRF24L01_Send) refers to nrf24.o(i.NRF24L01_TX_Mode) for NRF24L01_TX_Mode
    nrf24.o(i.NRF24L01_Send) refers to nrf24.o(i.NRF24_ReadReg) for NRF24_ReadReg
    nrf24.o(i.NRF24L01_Send) refers to nrf24.o(i.NRF24_WriteReg) for NRF24_WriteReg
    nrf24.o(i.NRF24L01_Send) refers to nrf24.o(i.DelayMicro) for DelayMicro
    nrf24.o(i.NRF24L01_Send) refers to nrf24.o(i.NRF24_Transmit) for NRF24_Transmit
    nrf24.o(i.NRF24L01_Send) refers to stm32f1xx_hal_gpio.o(i.HAL_GPIO_WritePin) for HAL_GPIO_WritePin
    nrf24.o(i.NRF24L01_Send) refers to stm32f1xx_hal_gpio.o(i.HAL_GPIO_ReadPin) for HAL_GPIO_ReadPin
    nrf24.o(i.NRF24L01_Send) refers to nrf24.o(i.NRF24_FlushTX) for NRF24_FlushTX
    nrf24.o(i.NRF24L01_Send) refers to nrf24.o(i.NRF24L01_RX_Mode) for NRF24L01_RX_Mode
    nrf24.o(i.NRF24L01_TX_Mode) refers to nrf24.o(i.NRF24_Write_Buf) for NRF24_Write_Buf
    nrf24.o(i.NRF24L01_TX_Mode) refers to stm32f1xx_hal_gpio.o(i.HAL_GPIO_WritePin) for HAL_GPIO_WritePin
    nrf24.o(i.NRF24L01_TX_Mode) refers to nrf24.o(i.NRF24_FlushRX) for NRF24_FlushRX
    nrf24.o(i.NRF24L01_TX_Mode) refers to nrf24.o(i.NRF24_FlushTX) for NRF24_FlushTX
    nrf24.o(i.NRF24L01_TX_Mode) refers to nrf24.o(.data) for TX_ADDRESS
    nrf24.o(i.NRF24_FlushRX) refers to stm32f1xx_hal_gpio.o(i.HAL_GPIO_WritePin) for HAL_GPIO_WritePin
    nrf24.o(i.NRF24_FlushRX) refers to nrf24.o(i.SPI_send_soft) for SPI_send_soft
    nrf24.o(i.NRF24_FlushRX) refers to nrf24.o(i.DelayMicro) for DelayMicro
    nrf24.o(i.NRF24_FlushTX) refers to stm32f1xx_hal_gpio.o(i.HAL_GPIO_WritePin) for HAL_GPIO_WritePin
    nrf24.o(i.NRF24_FlushTX) refers to nrf24.o(i.SPI_send_soft) for SPI_send_soft
    nrf24.o(i.NRF24_FlushTX) refers to nrf24.o(i.DelayMicro) for DelayMicro
[...]
    ../fplib/dnaninf.s                       0x00000000   Number         0  dnaninf.o ABSOLUTE
    ../fplib/dretinf.s                       0x00000000   Number         0  dretinf.o ABSOLUTE
    ../fplib/drleqf.s                        0x00000000   Number         0  drleqf.o ABSOLUTE
    ../fplib/f2d.s                           0x00000000   Number         0  f2d.o ABSOLUTE
    ../fplib/faddsub.s                       0x00000000   Number         0  faddsub_clz.o ABSOLUTE
    ../fplib/fdiv.s                          0x00000000   Number         0  fdiv.o ABSOLUTE
    ../fplib/ffixu.s                         0x00000000   Number         0  ffixu.o ABSOLUTE
    ../fplib/fflt.s                          0x00000000   Number         0  fflt_clz.o ABSOLUTE
    ../fplib/fmul.s                          0x00000000   Number         0  fmul.o ABSOLUTE
    ../fplib/fnaninf.s                       0x00000000   Number         0  fnaninf.o ABSOLUTE
    ../fplib/fpinit.s                        0x00000000   Number         0  fpinit.o ABSOLUTE
    ../fplib/fretinf.s                       0x00000000   Number         0  fretinf.o ABSOLUTE
    ../fplib/usenofp.s                       0x00000000   Number         0  usenofp.o ABSOLUTE
    ..\Core\Src\LCD_HD44780.c                0x00000000   Number         0  lcd_hd44780.o ABSOLUTE
    ..\Core\Src\NRF24.c                      0x00000000   Number         0  nrf24.o ABSOLUTE
    ..\Core\Src\gpio.c                       0x00000000   Number         0  gpio.o ABSOLUTE
    ..\Core\Src\i2c.c                        0x00000000   Number         0  i2c.o ABSOLUTE
    ..\Core\Src\main.c                       0x00000000   Number         0  main.o ABSOLUTE
    ..\Core\Src\stepper_motor.c              0x00000000   Number         0  stepper_motor.o ABSOLUTE
    ..\Core\Src\stm32f1xx_hal_msp.c          0x00000000   Number         0  stm32f1xx_hal_msp.o ABSOLUTE
    ..\Core\Src\stm32f1xx_it.c               0x00000000   Number         0  stm32f1xx_it.o ABSOLUTE
    ..\Core\Src\system_stm32f1xx.c           0x00000000   Number         0  system_stm32f1xx.o ABSOLUTE
    ..\Core\Src\tim.c                        0x00000000   Number         0  tim.o ABSOLUTE
    ..\Drivers\STM32F1xx_HAL_Driver\Src\stm32f1xx_hal.c 0x00000000   Number         0  stm32f1xx_hal.o ABSOLUTE
    ..\Drivers\STM32F1xx_HAL_Driver\Src\stm32f1xx_hal_cortex.c 0x00000000   Number         0  stm32f1xx_hal_cortex.o ABSOLUTE
    ..\Drivers\STM32F1xx_HAL_Driver\Src\stm32f1xx_hal_dma.c 0x00000000   Number         0  stm32f1xx_hal_dma.o ABSOLUTE
    ..\Drivers\STM32F1xx_HAL_Driver\Src\stm32f1xx_hal_exti.c 0x00000000   Number         0  stm32f1xx_hal_exti.o ABSOLUTE
    ..\Drivers\STM32F1xx_HAL_Driver\Src\stm32f1xx_hal_flash.c 0x00000000   Number         0  stm32f1xx_hal_flash.o ABSOLUTE
    ..\Drivers\STM32F1xx_HAL_Driver\Src\stm32f1xx_hal_flash_ex.c 0x00000000   Number         0  stm32f1xx_hal_flash_ex.o ABSOLUTE
    ..\Drivers\STM32F1xx_HAL_Driver\Src\stm32f1xx_hal_gpio.c 0x00000000   Number         0  stm32f1xx_hal_gpio.o ABSOLUTE
    ..\Drivers\STM32F1xx_HAL_Driver\Src\stm32f1xx_hal_gpio_ex.c 0x00000000   Number         0  stm32f1xx_hal_gpio_ex.o ABSOLUTE
    ..\Drivers\STM32F1xx_HAL_Driver\Src\stm32f1xx_hal_i2c.c 0x00000000   Number         0  stm32f1xx_hal_i2c.o ABSOLUTE
    ..\Drivers\STM32F1xx_HAL_Driver\Src\stm32f1xx_hal_pwr.c 0x00000000   Number         0  stm32f1xx_hal_pwr.o ABSOLUTE
    ..\Drivers\STM32F1xx_HAL_Driver\Src\stm32f1xx_hal_rcc.c 0x00000000   Number         0  stm32f1xx_hal_rcc.o ABSOLUTE
    ..\Drivers\STM32F1xx_HAL_Driver\Src\stm32f1xx_hal_rcc_ex.c 0x00000000   Number         0  stm32f1xx_hal_rcc_ex.o ABSOLUTE
    ..\Drivers\STM32F1xx_HAL_Driver\Src\stm32f1xx_hal_tim.c 0x00000000   Number         0  stm32f1xx_hal_tim.o ABSOLUTE
    ..\Drivers\STM32F1xx_HAL_Driver\Src\stm32f1xx_hal_tim_ex.c 0x00000000   Number         0  stm32f1xx_hal_tim_ex.o ABSOLUTE
    ..\\Core\\Src\\LCD_HD44780.c             0x00000000   Number         0  lcd_hd44780.o ABSOLUTE
    ..\\Core\\Src\\NRF24.c                   0x00000000   Number         0  nrf24.o ABSOLUTE
    ..\\Core\\Src\\stepper_motor.c           0x00000000   Number         0  stepper_motor.o ABSOLUTE
    dc.s                                     0x00000000   Number         0  dc.o ABSOLUTE
    startup_stm32f103xb.s                    0x00000000   Number         0  startup_stm32f103xb.o ABSOLUTE
    RESET                                    0x08000000   Section      236  startup_stm32f103xb.o(RESET)
    !!!main                                  0x080000ec   Section        8  __main.o(!!!main)
    !!!scatter                               0x080000f4   Section       52  __scatter.o(!!!scatter)
    !!handler_copy                           0x08000128   Section       26  __scatter_copy.o(!!handler_copy)
    !!handler_zi                             0x08000144   Section       28  __scatter_zi.o(!!handler_zi)
    .ARM.Collect$$_printf_percent$$00000000  0x08000160   Section        0  _printf_percent.o(.ARM.Collect$$_printf_percent$$00000000)
    .ARM.Collect$$_printf_percent$$00000009  0x08000160   Section        6  _printf_d.o(.ARM.Collect$$_printf_percent$$00000009)
    .ARM.Collect$$_printf_percent$$00000017  0x08000166   Section        4  _printf_percent_end.o(.ARM.Collect$$_printf_percent$$00000017)
    .ARM.Collect$$libinit$$00000000          0x0800016a   Section        2  libinit.o(.ARM.Collect$$libinit$$00000000)
    .ARM.Collect$$libinit$$00000002          0x0800016c   Section        0  libinit2.o(.ARM.Collect$$libinit$$00000002)
    .ARM.Collect$$libinit$$00000004          0x0800016c   Section        0  libinit2.o(.ARM.Collect$$libinit$$00000004)
    .ARM.Collect$$libinit$$00000005          0x0800016c   Section        8  libinit2.o(.ARM.Collect$$libinit$$00000005)
    .ARM.Collect$$libinit$$0000000A          0x08000174   Section        0  libinit2.o(.ARM.Collect$$libinit$$0000000A)
    .ARM.Collect$$libinit$$0000000C          0x08000174   Section        0  libinit2.o(.ARM.Collect$$libinit$$0000000C)
    .ARM.Collect$$libinit$$0000000E          0x08000174   Section        0  libinit2.o(.ARM.Collect$$libinit$$0000000E)
    .ARM.Collect$$libinit$$00000011          0x08000174   Section        0  libinit2.o(.ARM.Collect$$libinit$$00000011)
    .ARM.Collect$$libinit$$00000013          0x08000174   Section        0  libinit2.o(.ARM.Collect$$libinit$$00000013)
    .ARM.Collect$$libinit$$00000015          0x08000174   Section        0  libinit2.o(.ARM.Collect$$libinit$$00000015)
    .ARM.Collect$$libinit$$00000017          0x08000174   Section        0  libinit2.o(.ARM.Collect$$libinit$$00000017)
    .ARM.Collect$$libinit$$00000019          0x08000174   Section        0  libinit2.o(.ARM.Collect$$libinit$$00000019)
    .ARM.Collect$$libinit$$0000001B          0x08000174   Section        0  libinit2.o(.ARM.Collect$$libinit$$0000001B)
    .ARM.Collect$$libinit$$0000001D          0x08000174   Section        0  libinit2.o(.ARM.Collect$$libinit$$0000001D)
    .ARM.Collect$$libinit$$0000001F          0x08000174   Section        0  libinit2.o(.ARM.Collect$$libinit$$0000001F)
    .ARM.Collect$$libinit$$00000021          0x08000174   Section        0  libinit2.o(.ARM.Collect$$libinit$$00000021)
    .ARM.Collect$$libinit$$00000023          0x08000174   Section        0  libinit2.o(.ARM.Collect$$libinit$$00000023)
    .ARM.Collect$$libinit$$00000025          0x08000174   Section        0  libinit2.o(.ARM.Collect$$libinit$$00000025)
    .ARM.Collect$$libinit$$0000002C          0x08000174   Section        0  libinit2.o(.ARM.Collect$$libinit$$0000002C)
    .ARM.Collect$$libinit$$0000002E          0x08000174   Section        0  libinit2.o(.ARM.Collect$$libinit$$0000002E)
    .ARM.Collect$$libinit$$00000030          0x08000174   Section        0  libinit2.o(.ARM.Collect$$libinit$$00000030)
    .ARM.Collect$$libinit$$00000032          0x08000174   Section        0  libinit2.o(.ARM.Collect$$libinit$$00000032)
    .ARM.Collect$$libinit$$00000033          0x08000174   Section        2  libinit2.o(.ARM.Collect$$libinit$$00000033)
    .ARM.Collect$$libshutdown$$00000000      0x08000176   Section        2  libshutdown.o(.ARM.Collect$$libshutdown$$00000000)
    .ARM.Collect$$libshutdown$$00000002      0x08000178   Section        0  libshutdown2.o(.ARM.Collect$$libshutdown$$00000002)
    .ARM.Collect$$libshutdown$$00000004      0x08000178   Section        0  libshutdown2.o(.ARM.Collect$$libshutdown$$00000004)
    .ARM.Collect$$libshutdown$$00000006      0x08000178   Section        0  libshutdown2.o(.ARM.Collect$$libshutdown$$00000006)
    .ARM.Collect$$libshutdown$$00000009      0x08000178   Section        0  libshutdown2.o(.ARM.Collect$$libshutdown$$00000009)
    .ARM.Collect$$libshutdown$$0000000C      0x08000178   Section        0  libshutdown2.o(.ARM.Collect$$libshutdown$$0000000C)
    .ARM.Collect$$libshutdown$$0000000E      0x08000178   Section        0  libshutdown2.o(.ARM.Collect$$libshutdown$$0000000E)
    .ARM.Collect$$libshutdown$$00000011      0x08000178   Section        0  libshutdown2.o(.ARM.Collect$$libshutdown$$00000011)
    .ARM.Collect$$libshutdown$$00000012      0x08000178   Section        2  libshutdown2.o(.ARM.Collect$$libshutdown$$00000012)
    .ARM.Collect$$rtentry$$00000000          0x0800017a   Section        0  __rtentry.o(.ARM.Collect$$rtentry$$00000000)
    .ARM.Collect$$rtentry$$00000002          0x0800017a   Section        0  __rtentry2.o(.ARM.Collect$$rtentry$$00000002)
    .ARM.Collect$$rtentry$$00000004          0x0800017a   Section        6  __rtentry4.o(.ARM.Collect$$rtentry$$00000004)
    .ARM.Collect$$rtentry$$00000009          0x08000180   Section        0  __rtentry2.o(.ARM.Collect$$rtentry$$00000009)
    .ARM.Collect$$rtentry$$0000000A          0x08000180   Section        4  __rtentry2.o(.ARM.Collect$$rtentry$$0000000A)
    .ARM.Collect$$rtentry$$0000000C          0x08000184   Section        0  __rtentry2.o(.ARM.Collect$$rtentry$$0000000C)
    .ARM.Collect$$rtentry$$0000000D          0x08000184   Section        8  __rtentry2.o(.ARM.Collect$$rtentry$$0000000D)
    .ARM.Collect$$rtexit$$00000000           0x0800018c   Section        2  rtexit.o(.ARM.Collect$$rtexit$$00000000)
    .ARM.Collect$$rtexit$$00000002           0x0800018e   Section        0  rtexit2.o(.ARM.Collect$$rtexit$$00000002)
    .ARM.Collect$$rtexit$$00000003           0x0800018e   Section        4  rtexit2.o(.ARM.Collect$$rtexit$$00000003)
    .ARM.Collect$$rtexit$$00000004           0x08000192   Section        6  rtexit2.o(.ARM.Collect$$rtexit$$00000004)
    .emb_text                                0x08000198   Section        0  maybetermalloc1.o(.emb_text)
    .text                                    0x08000198   Section       64  startup_stm32f103xb.o(.text)
    .text                                    0x080001d8   Section        0  h1_alloc.o(.text)
    .text                                    0x08000236   Section        0  h1_free.o(.text)
    .text                                    0x08000284   Section        0  noretval__2snprintf.o(.text)
    .text                                    0x080002b8   Section        0  __printf.o(.text)
    .text                                    0x08000320   Section        0  _printf_dec.o(.text)
    .text                                    0x08000398   Section       78  rt_memclr_w.o(.text)
    .text                                    0x080003e6   Section        0  heapauxi.o(.text)
    .text                                    0x080003ec   Section        8  rt_heap_descriptor_intlibspace.o(.text)
    .text                                    0x080003f4   Section        0  hguard.o(.text)
    .text                                    0x080003f8   Section        0  init_alloc.o(.text)
    .text                                    0x08000482   Section        0  h1_init.o(.text)
    .text                                    0x08000490   Section        0  _printf_intcommon.o(.text)
    .text                                    0x08000544   Section        0  _printf_char_common.o(.text)
    _printf_input_char                       0x08000545   Thumb Code    10  _printf_char_common.o(.text)
    .text                                    0x08000574   Section        0  _sputc.o(.text)
    .text                                    0x0800057e   Section        0  _snputc.o(.text)
    .text                                    0x08000590   Section        8  libspace.o(.text)
    .text                                    0x08000598   Section        0  h1_extend.o(.text)
    .text                                    0x080005cc   Section        0  defsig_rtmem_outer.o(.text)
    .text                                    0x080005da   Section        2  use_no_semi.o(.text)
    .text                                    0x080005dc   Section        0  indicate_semi.o(.text)
    .text                                    0x080005dc   Section       74  sys_stackheap_outer.o(.text)
    .text                                    0x08000626   Section        0  exit.o(.text)
    .text                                    0x08000638   Section        0  defsig_exit.o(.text)
    .text                                    0x08000644   Section        0  defsig_rtmem_inner.o(.text)
    .text                                    0x08000694   Section        0  sys_exit.o(.text)
    .text                                    0x080006a0   Section        0  defsig_general.o(.text)
    .text                                    0x080006d2   Section        0  sys_wrch.o(.text)
    i.BusFault_Handler                       0x080006e0   Section        0  stm32f1xx_it.o(i.BusFault_Handler)
    i.DebugMon_Handler                       0x080006e4   Section        0  stm32f1xx_it.o(i.DebugMon_Handler)
    i.DelayMicro                             0x080006e6   Section        0  nrf24.o(i.DelayMicro)
    i.EXTI3_IRQHandler                       0x08000700   Section        0  stm32f1xx_it.o(i.EXTI3_IRQHandler)
    i.Error_Handler                          0x0800070a   Section        0  main.o(i.Error_Handler)
    i.HAL_Delay                              0x08000710   Section        0  stm32f1xx_hal.o(i.HAL_Delay)
    i.HAL_GPIO_EXTI_Callback                 0x08000738   Section        0  main.o(i.HAL_GPIO_EXTI_Callback)
    i.HAL_GPIO_EXTI_IRQHandler               0x08000814   Section        0  stm32f1xx_hal_gpio.o(i.HAL_GPIO_EXTI_IRQHandler)
    i.HAL_GPIO_Init                          0x08000830   Section        0  stm32f1xx_hal_gpio.o(i.HAL_GPIO_Init)
    i.HAL_GPIO_TogglePin                     0x08000b50   Section        0  stm32f1xx_hal_gpio.o(i.HAL_GPIO_TogglePin)
    i.HAL_GPIO_WritePin                      0x08000b64   Section        0  stm32f1xx_hal_gpio.o(i.HAL_GPIO_WritePin)
    i.HAL_GetTick                            0x08000b70   Section        0  stm32f1xx_hal.o(i.HAL_GetTick)
    i.HAL_I2C_Init                           0x08000b7c   Section        0  stm32f1xx_hal_i2c.o(i.HAL_I2C_Init)
    i.HAL_I2C_Master_Transmit                0x08000d4c   Section        0  stm32f1xx_hal_i2c.o(i.HAL_I2C_Master_Transmit)
    i.HAL_I2C_MspInit                        0x08000ebc   Section        0  i2c.o(i.HAL_I2C_MspInit)
    i.HAL_IncTick                            0x08000f30   Section        0  stm32f1xx_hal.o(i.HAL_IncTick)
    i.HAL_Init                               0x08000f48   Section        0  stm32f1xx_hal.o(i.HAL_Init)
    i.HAL_InitTick                           0x08000f70   Section        0  stm32f1xx_hal.o(i.HAL_InitTick)
    i.HAL_MspInit                            0x08000fbc   Section        0  stm32f1xx_hal_msp.o(i.HAL_MspInit)
    i.HAL_NVIC_EnableIRQ                     0x08001010   Section        0  stm32f1xx_hal_cortex.o(i.HAL_NVIC_EnableIRQ)
    i.HAL_NVIC_SetPriority                   0x08001030   Section        0  stm32f1xx_hal_cortex.o(i.HAL_NVIC_SetPriority)
    i.HAL_NVIC_SetPriorityGrouping           0x080010ac   Section        0  stm32f1xx_hal_cortex.o(i.HAL_NVIC_SetPriorityGrouping)
    i.HAL_RCC_ClockConfig                    0x080010d4   Section        0  stm32f1xx_hal_rcc.o(i.HAL_RCC_ClockConfig)
    i.HAL_RCC_GetHCLKFreq                    0x08001260   Section        0  stm32f1xx_hal_rcc.o(i.HAL_RCC_GetHCLKFreq)
    i.HAL_RCC_GetPCLK1Freq                   0x0800126c   Section        0  stm32f1xx_hal_rcc.o(i.HAL_RCC_GetPCLK1Freq)
    i.HAL_RCC_GetSysClockFreq                0x0800128c   Section        0  stm32f1xx_hal_rcc.o(i.HAL_RCC_GetSysClockFreq)
    i.HAL_RCC_OscConfig                      0x080012fc   Section        0  stm32f1xx_hal_rcc.o(i.HAL_RCC_OscConfig)
    i.HAL_SYSTICK_Config                     0x08001760   Section        0  stm32f1xx_hal_cortex.o(i.HAL_SYSTICK_Config)
    i.HAL_TIMEx_BreakCallback                0x08001794   Section        0  stm32f1xx_hal_tim_ex.o(i.HAL_TIMEx_BreakCallback)
    i.HAL_TIMEx_CommutCallback               0x08001796   Section        0  stm32f1xx_hal_tim_ex.o(i.HAL_TIMEx_CommutCallback)
    i.HAL_TIMEx_MasterConfigSynchronization  0x08001798   Section        0  stm32f1xx_hal_tim_ex.o(i.HAL_TIMEx_MasterConfigSynchronization)
    i.HAL_TIM_Base_Init                      0x0800181c   Section        0  stm32f1xx_hal_tim.o(i.HAL_TIM_Base_Init)
    i.HAL_TIM_Base_MspInit                   0x08001884   Section        0  tim.o(i.HAL_TIM_Base_MspInit)
    i.HAL_TIM_Base_Start                     0x080018ec   Section        0  stm32f1xx_hal_tim.o(i.HAL_TIM_Base_Start)
    i.HAL_TIM_Base_Start_IT                  0x08001958   Section        0  stm32f1xx_hal_tim.o(i.HAL_TIM_Base_Start_IT)
    i.HAL_TIM_Base_Stop_IT                   0x080019d0   Section        0  stm32f1xx_hal_tim.o(i.HAL_TIM_Base_Stop_IT)
    i.HAL_TIM_ConfigClockSource              0x08001a0e   Section        0  stm32f1xx_hal_tim.o(i.HAL_TIM_ConfigClockSource)
    i.HAL_TIM_IC_CaptureCallback             0x08001b1a   Section        0  stm32f1xx_hal_tim.o(i.HAL_TIM_IC_CaptureCallback)
    i.HAL_TIM_IRQHandler                     0x08001b1c   Section        0  stm32f1xx_hal_tim.o(i.HAL_TIM_IRQHandler)
    i.HAL_TIM_OC_DelayElapsedCallback        0x08001c88   Section        0  stm32f1xx_hal_tim.o(i.HAL_TIM_OC_DelayElapsedCallback)
    i.HAL_TIM_PWM_PulseFinishedCallback      0x08001c8a   Section        0  stm32f1xx_hal_tim.o(i.HAL_TIM_PWM_PulseFinishedCallback)
    i.HAL_TIM_PeriodElapsedCallback          0x08001c8c   Section        0  stepper_motor.o(i.HAL_TIM_PeriodElapsedCallback)
    i.HAL_TIM_TriggerCallback                0x08001ce8   Section        0  stm32f1xx_hal_tim.o(i.HAL_TIM_TriggerCallback)
    i.HardFault_Handler                      0x08001cea   Section        0  stm32f1xx_it.o(i.HardFault_Handler)
    i.I2C_IsAcknowledgeFailed                0x08001cee   Section        0  stm32f1xx_hal_i2c.o(i.I2C_IsAcknowledgeFailed)
    I2C_IsAcknowledgeFailed                  0x08001cef   Thumb Code    62  stm32f1xx_hal_i2c.o(i.I2C_IsAcknowledgeFailed)
    i.I2C_MasterRequestWrite                 0x08001d2c   Section        0  stm32f1xx_hal_i2c.o(i.I2C_MasterRequestWrite)
    I2C_MasterRequestWrite                   0x08001d2d   Thumb Code   186  stm32f1xx_hal_i2c.o(i.I2C_MasterRequestWrite)
    i.I2C_WaitOnBTFFlagUntilTimeout          0x08001dec   Section        0  stm32f1xx_hal_i2c.o(i.I2C_WaitOnBTFFlagUntilTimeout)
    I2C_WaitOnBTFFlagUntilTimeout            0x08001ded   Thumb Code   102  stm32f1xx_hal_i2c.o(i.I2C_WaitOnBTFFlagUntilTimeout)
    i.I2C_WaitOnFlagUntilTimeout             0x08001e52   Section        0  stm32f1xx_hal_i2c.o(i.I2C_WaitOnFlagUntilTimeout)
    I2C_WaitOnFlagUntilTimeout               0x08001e53   Thumb Code   190  stm32f1xx_hal_i2c.o(i.I2C_WaitOnFlagUntilTimeout)
    i.I2C_WaitOnMasterAddressFlagUntilTimeout 0x08001f10   Section        0  stm32f1xx_hal_i2c.o(i.I2C_WaitOnMasterAddressFlagUntilTimeout)
    I2C_WaitOnMasterAddressFlagUntilTimeout  0x08001f11   Thumb Code   250  stm32f1xx_hal_i2c.o(i.I2C_WaitOnMasterAddressFlagUntilTimeout)
    i.I2C_WaitOnTXEFlagUntilTimeout          0x0800200a   Section        0  stm32f1xx_hal_i2c.o(i.I2C_WaitOnTXEFlagUntilTimeout)
    I2C_WaitOnTXEFlagUntilTimeout            0x0800200b   Thumb Code   102  stm32f1xx_hal_i2c.o(i.I2C_WaitOnTXEFlagUntilTimeout)
    i.LCD_HD44780_init                       0x08002070   Section        0  lcd_hd44780.o(i.LCD_HD44780_init)
    i.LCD_Strobe_E                           0x0800213c   Section        0  lcd_hd44780.o(i.LCD_Strobe_E)
    i.MX_GPIO_Init                           0x0800218c   Section        0  gpio.o(i.MX_GPIO_Init)
    i.MX_I2C1_Init                           0x080022d4   Section        0  i2c.o(i.MX_I2C1_Init)
    i.MX_TIM1_Init                           0x08002310   Section        0  tim.o(i.MX_TIM1_Init)
    i.MX_TIM2_Init                           0x08002380   Section        0  tim.o(i.MX_TIM2_Init)
    i.MemManage_Handler                      0x080023ec   Section        0  stm32f1xx_it.o(i.MemManage_Handler)
    i.NMI_Handler                            0x080023f0   Section        0  stm32f1xx_it.o(i.NMI_Handler)
    i.NRF24L01_RX_Mode                       0x080023f4   Section        0  nrf24.o(i.NRF24L01_RX_Mode)
    i.NRF24_FlushRX                          0x0800242c   Section        0  nrf24.o(i.NRF24_FlushRX)
    i.NRF24_FlushTX                          0x08002460   Section        0  nrf24.o(i.NRF24_FlushTX)
    i.NRF24_ReadReg                          0x08002494   Section        0  nrf24.o(i.NRF24_ReadReg)
    i.NRF24_Read_Buf                         0x080024cc   Section        0  nrf24.o(i.NRF24_Read_Buf)
    i.NRF24_ToggleFeatures                   0x0800250c   Section        0  nrf24.o(i.NRF24_ToggleFeatures)
    i.NRF24_WriteReg                         0x0800254c   Section        0  nrf24.o(i.NRF24_WriteReg)
    i.NRF24_Write_Buf                        0x0800257c   Section        0  nrf24.o(i.NRF24_Write_Buf)
    i.NRF24_ini                              0x080025c4   Section        0  nrf24.o(i.NRF24_ini)
    i.PendSV_Handler                         0x0800266c   Section        0  stm32f1xx_it.o(i.PendSV_Handler)
    i.RCC_Delay                              0x08002670   Section        0  stm32f1xx_hal_rcc.o(i.RCC_Delay)
    RCC_Delay                                0x08002671   Thumb Code    36  stm32f1xx_hal_rcc.o(i.RCC_Delay)
    i.SPI_send_soft                          0x08002698   Section        0  nrf24.o(i.SPI_send_soft)
    i.SVC_Handler                            0x08002704   Section        0  stm32f1xx_it.o(i.SVC_Handler)
    i.SysTick_Handler                        0x08002706   Section        0  stm32f1xx_it.o(i.SysTick_Handler)
    i.SystemClock_Config                     0x0800270e   Section        0  main.o(i.SystemClock_Config)
    i.SystemInit                             0x08002774   Section        0  system_stm32f1xx.o(i.SystemInit)
    i.TIM1_UP_IRQHandler                     0x08002778   Section        0  stm32f1xx_it.o(i.TIM1_UP_IRQHandler)
    i.TIM_Base_SetConfig                     0x08002788   Section        0  stm32f1xx_hal_tim.o(i.TIM_Base_SetConfig)
    i.TIM_ETR_SetConfig                      0x0800280c   Section        0  stm32f1xx_hal_tim.o(i.TIM_ETR_SetConfig)
    i.TIM_ITRx_SetConfig                     0x08002822   Section        0  stm32f1xx_hal_tim.o(i.TIM_ITRx_SetConfig)
    TIM_ITRx_SetConfig                       0x08002823   Thumb Code    18  stm32f1xx_hal_tim.o(i.TIM_ITRx_SetConfig)
    i.TIM_TI1_ConfigInputStage               0x08002834   Section        0  stm32f1xx_hal_tim.o(i.TIM_TI1_ConfigInputStage)
    TIM_TI1_ConfigInputStage                 0x08002835   Thumb Code    38  stm32f1xx_hal_tim.o(i.TIM_TI1_ConfigInputStage)
    i.TIM_TI2_ConfigInputStage               0x0800285a   Section        0  stm32f1xx_hal_tim.o(i.TIM_TI2_ConfigInputStage)
    TIM_TI2_ConfigInputStage                 0x0800285b   Thumb Code    40  stm32f1xx_hal_tim.o(i.TIM_TI2_ConfigInputStage)
    i.UsageFault_Handler                     0x08002882   Section        0  stm32f1xx_it.o(i.UsageFault_Handler)
    i.__NVIC_GetPriorityGrouping             0x08002888   Section        0  stm32f1xx_hal_cortex.o(i.__NVIC_GetPriorityGrouping)
    __NVIC_GetPriorityGrouping               0x08002889   Thumb Code    10  stm32f1xx_hal_cortex.o(i.__NVIC_GetPriorityGrouping)
    i.__NVIC_SetPriority                     0x08002898   Section        0  stm32f1xx_hal_cortex.o(i.__NVIC_SetPriority)
    __NVIC_SetPriority                       0x08002899   Thumb Code    32  stm32f1xx_hal_cortex.o(i.__NVIC_SetPriority)
    i.cursor_settings                        0x080028c0   Section        0  lcd_hd44780.o(i.cursor_settings)
    i.display_clear                          0x08002940   Section        0  lcd_hd44780.o(i.display_clear)
    i.display_on_off                         0x0800298c   Section        0  lcd_hd44780.o(i.display_on_off)
    i.display_send_char                      0x080029ec   Section        0  lcd_hd44780.o(i.display_send_char)
    i.display_send_num                       0x08002a50   Section        0  lcd_hd44780.o(i.display_send_num)
    i.goto_xy                                0x08002adc   Section        0  lcd_hd44780.o(i.goto_xy)
    i.main                                   0x08002b54   Section        0  main.o(i.main)
    i.main_menu                              0x08002b98   Section        0  lcd_hd44780.o(i.main_menu)
    i.motor_soft_start                       0x08002bdc   Section        0  stepper_motor.o(i.motor_soft_start)
    i.motor_soft_stop                        0x08002c18   Section        0  stepper_motor.o(i.motor_soft_stop)
    x$fpl$d2f                                0x08002c44   Section       98  d2f.o(x$fpl$d2f)
    x$fpl$dadd                               0x08002ca8   Section      336  daddsub_clz.o(x$fpl$dadd)
    _dadd1                                   0x08002cb9   Thumb Code     0  daddsub_clz.o(x$fpl$dadd)
    x$fpl$dcmpinf                            0x08002df8   Section       24  dcmpi.o(x$fpl$dcmpinf)
    x$fpl$dfix                               0x08002e10   Section       94  dfix.o(x$fpl$dfix)
    x$fpl$dleqf                              0x08002e70   Section      120  dleqf.o(x$fpl$dleqf)
    x$fpl$dnaninf                            0x08002ee8   Section      156  dnaninf.o(x$fpl$dnaninf)
    x$fpl$dretinf                            0x08002f84   Section       12  dretinf.o(x$fpl$dretinf)
    x$fpl$drleqf                             0x08002f90   Section      108  drleqf.o(x$fpl$drleqf)
    x$fpl$dsub                               0x08002ffc   Section      468  daddsub_clz.o(x$fpl$dsub)
    _dsub1                                   0x0800300d   Thumb Code     0  daddsub_clz.o(x$fpl$dsub)
    x$fpl$f2d                                0x080031d0   Section       86  f2d.o(x$fpl$f2d)
    x$fpl$fadd                               0x08003228   Section      196  faddsub_clz.o(x$fpl$fadd)
    _fadd1                                   0x08003237   Thumb Code     0  faddsub_clz.o(x$fpl$fadd)
    x$fpl$fdiv                               0x080032ec   Section      388  fdiv.o(x$fpl$fdiv)
    _fdiv1                                   0x080032ed   Thumb Code     0  fdiv.o(x$fpl$fdiv)
    x$fpl$ffixu                              0x08003470   Section       62  ffixu.o(x$fpl$ffixu)
    x$fpl$ffltu                              0x080034b0   Section       38  fflt_clz.o(x$fpl$ffltu)
    x$fpl$fmul                               0x080034d8   Section      258  fmul.o(x$fpl$fmul)
    x$fpl$fnaninf                            0x080035da   Section      140  fnaninf.o(x$fpl$fnaninf)
    x$fpl$fretinf                            0x08003666   Section       10  fretinf.o(x$fpl$fretinf)
    x$fpl$fsub                               0x08003670   Section      234  faddsub_clz.o(x$fpl$fsub)
    _fsub1                                   0x0800367f   Thumb Code     0  faddsub_clz.o(x$fpl$fsub)
    .constdata                               0x0800375a   Section       18  stm32f1xx_hal_rcc.o(.constdata)
    x$fpl$usenofp                            0x0800375a   Section        0  usenofp.o(x$fpl$usenofp)
    aPLLMULFactorTable                       0x0800375a   Data          16  stm32f1xx_hal_rcc.o(.constdata)
    aPredivFactorTable                       0x0800376a   Data           2  stm32f1xx_hal_rcc.o(.constdata)
    .constdata                               0x0800376c   Section       24  system_stm32f1xx.o(.constdata)
    .data                                    0x20000000   Section        8  nrf24.o(.data)
    .data                                    0x20000008   Section        3  lcd_hd44780.o(.data)
    .data                                    0x2000000c   Section        8  stepper_motor.o(.data)
    .data                                    0x20000014   Section        9  stm32f1xx_hal.o(.data)
    .data                                    0x20000020   Section        4  system_stm32f1xx.o(.data)
    .bss                                     0x20000024   Section       84  i2c.o(.bss)
    .bss                                     0x20000078   Section      144  tim.o(.bss)
    .bss                                     0x20000108   Section       96  libspace.o(.bss)
    HEAP                                     0x20000168   Section      512  startup_stm32f103xb.o(HEAP)
    Heap_Mem                                 0x20000168   Data         512  startup_stm32f103xb.o(HEAP)
    STACK                                    0x20000368   Section     1024  startup_stm32f103xb.o(STACK)
    Stack_Mem                                0x20000368   Data        1024  startup_stm32f103xb.o(STACK)
    __initial_sp                             0x20000768   Data           0  startup_stm32f103xb.o(STACK)

    Global Symbols

    Symbol Name                              Value     Ov Type        Size  Object(Section)

    BuildAttributes$$THM_ISAv4$P$D$K$B$S$PE$A:L22UL41UL21$X:L11$S22US41US21$IEEE1$IW$USESV6$~STKCKD$USESV7$~SHL$OTIME$ROPI$EBA8$UX$STANDARDLIB$REQ8$PRES8$EABIv2 0x00000000   Number         0  anon$$obj.o ABSOLUTE
    __ARM_use_no_argv                        0x00000000   Number         0  main.o ABSOLUTE
    __ARM_exceptions_init                     - Undefined Weak Reference
    __alloca_initialize                       - Undefined Weak Reference
    __arm_fini_                               - Undefined Weak Reference
    __arm_preinit_                            - Undefined Weak Reference
    __cpp_initialize__aeabi_                  - Undefined Weak Reference
    __cxa_finalize                            - Undefined Weak Reference
    __rt_locale                               - Undefined Weak Reference
    __sigvec_lookup                           - Undefined Weak Reference
    __user_heap_extent                        - Undefined Weak Reference
    _atexit_init                              - Undefined Weak Reference
    _call_atexit_fns                          - Undefined Weak Reference
    _clock_init                               - Undefined Weak Reference
    _fp_trap_init                             - Undefined Weak Reference
    _fp_trap_shutdown                         - Undefined Weak Reference
    _get_lc_collate                           - Undefined Weak Reference
    _get_lc_ctype                             - Undefined Weak Reference
    _get_lc_monetary                          - Undefined Weak Reference
    _get_lc_numeric                           - Undefined Weak Reference
    _get_lc_time                              - Undefined Weak Reference
    _getenv_init                              - Undefined Weak Reference
    _handle_redirection                       - Undefined Weak Reference
    _initio                                   - Undefined Weak Reference
    _mutex_acquire                            - Undefined Weak Reference
    _mutex_free                               - Undefined Weak Reference
    _mutex_release                            - Undefined Weak Reference
    _printf_post_padding                      - Undefined Weak Reference
    _printf_pre_padding                       - Undefined Weak Reference
    _printf_truncate_signed                   - Undefined Weak Reference
    _printf_truncate_unsigned                 - Undefined Weak Reference
    _rand_init                                - Undefined Weak Reference
    _signal_finish                            - Undefined Weak Reference
    _signal_init                              - Undefined Weak Reference
    _terminateio                              - Undefined Weak Reference
    __Vectors_Size                           0x000000ec   Number         0  startup_stm32f103xb.o ABSOLUTE
    __Vectors                                0x08000000   Data           4  startup_stm32f103xb.o(RESET)
    __Vectors_End                            0x080000ec   Data           0  startup_stm32f103xb.o(RESET)
    __main                                   0x080000ed   Thumb Code     8  __main.o(!!!main)
    __scatterload                            0x080000f5   Thumb Code     0  __scatter.o(!!!scatter)
    __scatterload_rt2                        0x080000f5   Thumb Code    44  __scatter.o(!!!scatter)
    __scatterload_rt2_thumb_only             0x080000f5   Thumb Code     0  __scatter.o(!!!scatter)
    __scatterload_null                       0x08000103   Thumb Code     0  __scatter.o(!!!scatter)
    __scatterload_copy                       0x08000129   Thumb Code    26  __scatter_copy.o(!!handler_copy)
    __scatterload_zeroinit                   0x08000145   Thumb Code    28  __scatter_zi.o(!!handler_zi)
    _printf_d                                0x08000161   Thumb Code     0  _printf_d.o(.ARM.Collect$$_printf_percent$$00000009)
    _printf_percent                          0x08000161   Thumb Code     0  _printf_percent.o(.ARM.Collect$$_printf_percent$$00000000)
    _printf_percent_end                      0x08000167   Thumb Code     0  _printf_percent_end.o(.ARM.Collect$$_printf_percent$$00000017)
    __rt_lib_init                            0x0800016b   Thumb Code     0  libinit.o(.ARM.Collect$$libinit$$00000000)
    __rt_lib_init_fp_1                       0x0800016d   Thumb Code     0  libinit2.o(.ARM.Collect$$libinit$$00000002)
    __rt_lib_init_heap_2                     0x0800016d   Thumb Code     0  libinit2.o(.ARM.Collect$$libinit$$00000005)
    __rt_lib_init_preinit_1                  0x0800016d   Thumb Code     0  libinit2.o(.ARM.Collect$$libinit$$00000004)
    __rt_lib_init_alloca_1                   0x08000175   Thumb Code     0  libinit2.o(.ARM.Collect$$libinit$$0000002E)
    __rt_lib_init_argv_1                     0x08000175   Thumb Code     0  libinit2.o(.ARM.Collect$$libinit$$0000002C)
    __rt_lib_init_atexit_1                   0x08000175   Thumb Code     0  libinit2.o(.ARM.Collect$$libinit$$0000001B)
    __rt_lib_init_clock_1                    0x08000175   Thumb Code     0  libinit2.o(.ARM.Collect$$libinit$$00000021)
    __rt_lib_init_cpp_1                      0x08000175   Thumb Code     0  libinit2.o(.ARM.Collect$$libinit$$00000032)
    __rt_lib_init_exceptions_1               0x08000175   Thumb Code     0  libinit2.o(.ARM.Collect$$libinit$$00000030)
    __rt_lib_init_fp_trap_1                  0x08000175   Thumb Code     0  libinit2.o(.ARM.Collect$$libinit$$0000001F)
    __rt_lib_init_getenv_1                   0x08000175   Thumb Code     0  libinit2.o(.ARM.Collect$$libinit$$00000023)
    __rt_lib_init_heap_1                     0x08000175   Thumb Code     0  libinit2.o(.ARM.Collect$$libinit$$0000000A)
    __rt_lib_init_lc_collate_1               0x08000175   Thumb Code     0  libinit2.o(.ARM.Collect$$libinit$$00000011)
    __rt_lib_init_lc_ctype_1                 0x08000175   Thumb Code     0  libinit2.o(.ARM.Collect$$libinit$$00000013)
    __rt_lib_init_lc_monetary_1              0x08000175   Thumb Code     0  libinit2.o(.ARM.Collect$$libinit$$00000015)
    __rt_lib_init_lc_numeric_1               0x08000175   Thumb Code     0  libinit2.o(.ARM.Collect$$libinit$$00000017)
    __rt_lib_init_lc_time_1                  0x08000175   Thumb Code     0  libinit2.o(.ARM.Collect$$libinit$$00000019)
    __rt_lib_init_rand_1                     0x08000175   Thumb Code     0  libinit2.o(.ARM.Collect$$libinit$$0000000E)
    __rt_lib_init_return                     0x08000175   Thumb Code     0  libinit2.o(.ARM.Collect$$libinit$$00000033)
    __rt_lib_init_signal_1                   0x08000175   Thumb Code     0  libinit2.o(.ARM.Collect$$libinit$$0000001D)
    __rt_lib_init_stdio_1                    0x08000175   Thumb Code     0  libinit2.o(.ARM.Collect$$libinit$$00000025)
    __rt_lib_init_user_alloc_1               0x08000175   Thumb Code     0  libinit2.o(.ARM.Collect$$libinit$$0000000C)
    __rt_lib_shutdown                        0x08000177   Thumb Code     0  libshutdown.o(.ARM.Collect$$libshutdown$$00000000)
    __rt_lib_shutdown_cpp_1                  0x08000179   Thumb Code     0  libshutdown2.o(.ARM.Collect$$libshutdown$$00000004)
    __rt_lib_shutdown_fini_1                 0x08000179   Thumb Code     0  libshutdown2.o(.ARM.Collect$$libshutdown$$00000002)
    __rt_lib_shutdown_fp_trap_1              0x08000179   Thumb Code     0  libshutdown2.o(.ARM.Collect$$libshutdown$$00000009)
    __rt_lib_shutdown_heap_1                 0x08000179   Thumb Code     0  libshutdown2.o(.ARM.Collect$$libshutdown$$00000011)
    __rt_lib_shutdown_return                 0x08000179   Thumb Code     0  libshutdown2.o(.ARM.Collect$$libshutdown$$00000012)
    __rt_lib_shutdown_signal_1               0x08000179   Thumb Code     0  libshutdown2.o(.ARM.Collect$$libshutdown$$0000000C)
    __rt_lib_shutdown_stdio_1                0x08000179   Thumb Code     0  libshutdown2.o(.ARM.Collect$$libshutdown$$00000006)
    __rt_lib_shutdown_user_alloc_1           0x08000179   Thumb Code     0  libshutdown2.o(.ARM.Collect$$libshutdown$$0000000E)
    __rt_entry                               0x0800017b   Thumb Code     0  __rtentry.o(.ARM.Collect$$rtentry$$00000000)
    __rt_entry_presh_1                       0x0800017b   Thumb Code     0  __rtentry2.o(.ARM.Collect$$rtentry$$00000002)
    __rt_entry_sh                            0x0800017b   Thumb Code     0  __rtentry4.o(.ARM.Collect$$rtentry$$00000004)
    __rt_entry_li                            0x08000181   Thumb Code     0  __rtentry2.o(.ARM.Collect$$rtentry$$0000000A)
    __rt_entry_postsh_1                      0x08000181   Thumb Code     0  __rtentry2.o(.ARM.Collect$$rtentry$$00000009)
    __rt_entry_main                          0x08000185   Thumb Code     0  __rtentry2.o(.ARM.Collect$$rtentry$$0000000D)
    __rt_entry_postli_1                      0x08000185   Thumb Code     0  __rtentry2.o(.ARM.Collect$$rtentry$$0000000C)
    __rt_exit                                0x0800018d   Thumb Code     0  rtexit.o(.ARM.Collect$$rtexit$$00000000)
    __rt_exit_ls                             0x0800018f   Thumb Code     0  rtexit2.o(.ARM.Collect$$rtexit$$00000003)
    __rt_exit_prels_1                        0x0800018f   Thumb Code     0  rtexit2.o(.ARM.Collect$$rtexit$$00000002)
    __rt_exit_exit                           0x08000193   Thumb Code     0  rtexit2.o(.ARM.Collect$$rtexit$$00000004)
    Reset_Handler                            0x08000199   Thumb Code     8  startup_stm32f103xb.o(.text)
    _maybe_terminate_alloc                   0x08000199   Thumb Code     0  maybetermalloc1.o(.emb_text)
    ADC1_2_IRQHandler                        0x080001b3   Thumb Code     0  startup_stm32f103xb.o(.text)
    CAN1_RX1_IRQHandler                      0x080001b3   Thumb Code     0  startup_stm32f103xb.o(.text)
    CAN1_SCE_IRQHandler                      0x080001b3   Thumb Code     0  startup_stm32f103xb.o(.text)
    DMA1_Channel1_IRQHandler                 0x080001b3   Thumb Code     0  startup_stm32f103xb.o(.text)
    DMA1_Channel2_IRQHandler                 0x080001b3   Thumb Code     0  startup_stm32f103xb.o(.text)
    DMA1_Channel3_IRQHandler                 0x080001b3   Thumb Code     0  startup_stm32f103xb.o(.text)
    DMA1_Channel4_IRQHandler                 0x080001b3   Thumb Code     0  startup_stm32f103xb.o(.text)
    DMA1_Channel5_IRQHandler                 0x080001b3   Thumb Code     0  startup_stm32f103xb.o(.text)
    DMA1_Channel6_IRQHandler                 0x080001b3   Thumb Code     0  startup_stm32f103xb.o(.text)
    DMA1_Channel7_IRQHandler                 0x080001b3   Thumb Code     0  startup_stm32f103xb.o(.text)
    EXTI0_IRQHandler                         0x080001b3   Thumb Code     0  startup_stm32f103xb.o(.text)
    EXTI15_10_IRQHandler                     0x080001b3   Thumb Code     0  startup_stm32f103xb.o(.text)
    EXTI1_IRQHandler                         0x080001b3   Thumb Code     0  startup_stm32f103xb.o(.text)
    EXTI2_IRQHandler                         0x080001b3   Thumb Code     0  startup_stm32f103xb.o(.text)
    EXTI4_IRQHandler                         0x080001b3   Thumb Code     0  startup_stm32f103xb.o(.text)
    EXTI9_5_IRQHandler                       0x080001b3   Thumb Code     0  startup_stm32f103xb.o(.text)
    FLASH_IRQHandler                         0x080001b3   Thumb Code     0  startup_stm32f103xb.o(.text)
    I2C1_ER_IRQHandler                       0x080001b3   Thumb Code     0  startup_stm32f103xb.o(.text)
    I2C1_EV_IRQHandler                       0x080001b3   Thumb Code     0  startup_stm32f103xb.o(.text)
    I2C2_ER_IRQHandler                       0x080001b3   Thumb Code     0  startup_stm32f103xb.o(.text)
    I2C2_EV_IRQHandler                       0x080001b3   Thumb Code     0  startup_stm32f103xb.o(.text)
    PVD_IRQHandler                           0x080001b3   Thumb Code     0  startup_stm32f103xb.o(.text)
    RCC_IRQHandler                           0x080001b3   Thumb Code     0  startup_stm32f103xb.o(.text)
    RTC_Alarm_IRQHandler                     0x080001b3   Thumb Code     0  startup_stm32f103xb.o(.text)
    RTC_IRQHandler                           0x080001b3   Thumb Code     0  startup_stm32f103xb.o(.text)
    SPI1_IRQHandler                          0x080001b3   Thumb Code     0  startup_stm32f103xb.o(.text)
    SPI2_IRQHandler                          0x080001b3   Thumb Code     0  startup_stm32f103xb.o(.text)
    TAMPER_IRQHandler                        0x080001b3   Thumb Code     0  startup_stm32f103xb.o(.text)
    TIM1_BRK_IRQHandler                      0x080001b3   Thumb Code     0  startup_stm32f103xb.o(.text)
    TIM1_CC_IRQHandler                       0x080001b3   Thumb Code     0  startup_stm32f103xb.o(.text)
    TIM1_TRG_COM_IRQHandler                  0x080001b3   Thumb Code     0  startup_stm32f103xb.o(.text)
    TIM2_IRQHandler                          0x080001b3   Thumb Code     0  startup_stm32f103xb.o(.text)
    TIM3_IRQHandler                          0x080001b3   Thumb Code     0  startup_stm32f103xb.o(.text)
    TIM4_IRQHandler                          0x080001b3   Thumb Code     0  startup_stm32f103xb.o(.text)
    USART1_IRQHandler                        0x080001b3   Thumb Code     0  startup_stm32f103xb.o(.text)
    USART2_IRQHandler                        0x080001b3   Thumb Code     0  startup_stm32f103xb.o(.text)
    USART3_IRQHandler                        0x080001b3   Thumb Code     0  startup_stm32f103xb.o(.text)
    USBWakeUp_IRQHandler                     0x080001b3   Thumb Code     0  startup_stm32f103xb.o(.text)
    USB_HP_CAN1_TX_IRQHandler                0x080001b3   Thumb Code     0  startup_stm32f103xb.o(.text)
    USB_LP_CAN1_RX0_IRQHandler               0x080001b3   Thumb Code     0  startup_stm32f103xb.o(.text)
    WWDG_IRQHandler                          0x080001b3   Thumb Code     0  startup_stm32f103xb.o(.text)
    __user_initial_stackheap                 0x080001b5   Thumb Code     0  startup_stm32f103xb.o(.text)
    malloc                                   0x080001d9   Thumb Code    94  h1_alloc.o(.text)
    free                                     0x08000237   Thumb Code    78  h1_free.o(.text)
    __2snprintf                              0x08000285   Thumb Code    48  noretval__2snprintf.o(.text)
    __printf                                 0x080002b9   Thumb Code   104  __printf.o(.text)
    _printf_int_dec                          0x08000321   Thumb Code   104  _printf_dec.o(.text)
    __aeabi_memclr4                          0x08000399   Thumb Code     0  rt_memclr_w.o(.text)
    __aeabi_memclr8                          0x08000399   Thumb Code     0  rt_memclr_w.o(.text)
    __rt_memclr_w                            0x08000399   Thumb Code    78  rt_memclr_w.o(.text)
    _memset_w                                0x0800039d   Thumb Code     0  rt_memclr_w.o(.text)
    __use_two_region_memory                  0x080003e7   Thumb Code     2  heapauxi.o(.text)
    __rt_heap_escrow                         0x080003e9   Thumb Code     2  heapauxi.o(.text)
    __rt_heap_expand                         0x080003eb   Thumb Code     2  heapauxi.o(.text)
    __rt_heap_descriptor                     0x080003ed   Thumb Code     8  rt_heap_descriptor_intlibspace.o(.text)
    __use_no_heap                            0x080003f5   Thumb Code     2  hguard.o(.text)
    __heap$guard                             0x080003f7   Thumb Code     2  hguard.o(.text)
    _terminate_user_alloc                    0x080003f9   Thumb Code     2  init_alloc.o(.text)
    _init_user_alloc                         0x080003fb   Thumb Code     2  init_alloc.o(.text)
    __Heap_Full                              0x080003fd   Thumb Code    34  init_alloc.o(.text)
    __Heap_Broken                            0x0800041f   Thumb Code     6  init_alloc.o(.text)
    _init_alloc                              0x08000425   Thumb Code    94  init_alloc.o(.text)
    __Heap_Initialize                        0x08000483   Thumb Code    10  h1_init.o(.text)
    __Heap_DescSize                          0x0800048d   Thumb Code     4  h1_init.o(.text)
    _printf_int_common                       0x08000491   Thumb Code   178  _printf_intcommon.o(.text)
    _printf_char_common                      0x0800054f   Thumb Code    32  _printf_char_common.o(.text)
    _sputc                                   0x08000575   Thumb Code    10  _sputc.o(.text)
    _snputc                                  0x0800057f   Thumb Code    16  _snputc.o(.text)
    __user_libspace                          0x08000591   Thumb Code     8  libspace.o(.text)
    __user_perproc_libspace                  0x08000591   Thumb Code     0  libspace.o(.text)
    __user_perthread_libspace                0x08000591   Thumb Code     0  libspace.o(.text)
    __Heap_ProvideMemory                     0x08000599   Thumb Code    52  h1_extend.o(.text)
    __rt_SIGRTMEM                            0x080005cd   Thumb Code    14  defsig_rtmem_outer.o(.text)
    __I$use$semihosting                      0x080005db   Thumb Code     0  use_no_semi.o(.text)
    __use_no_semihosting_swi                 0x080005db   Thumb Code     2  use_no_semi.o(.text)
    __semihosting_library_function           0x080005dd   Thumb Code     0  indicate_semi.o(.text)
    __user_setup_stackheap                   0x080005dd   Thumb Code    74  sys_stackheap_outer.o(.text)
    exit                                     0x08000627   Thumb Code    18  exit.o(.text)
    __sig_exit                               0x08000639   Thumb Code    10  defsig_exit.o(.text)
    __rt_SIGRTMEM_inner                      0x08000645   Thumb Code    22  defsig_rtmem_inner.o(.text)
    _sys_exit                                0x08000695   Thumb Code     8  sys_exit.o(.text)
    __default_signal_display                 0x080006a1   Thumb Code    50  defsig_general.o(.text)
    _ttywrch                                 0x080006d3   Thumb Code    14  sys_wrch.o(.text)
    BusFault_Handler                         0x080006e1   Thumb Code     4  stm32f1xx_it.o(i.BusFault_Handler)
    DebugMon_Handler                         0x080006e5   Thumb Code     2  stm32f1xx_it.o(i.DebugMon_Handler)
    DelayMicro                               0x080006e7   Thumb Code    26  nrf24.o(i.DelayMicro)
    EXTI3_IRQHandler                         0x08000701   Thumb Code    10  stm32f1xx_it.o(i.EXTI3_IRQHandler)
    Error_Handler                            0x0800070b   Thumb Code     6  main.o(i.Error_Handler)
    HAL_Delay                                0x08000711   Thumb Code    36  stm32f1xx_hal.o(i.HAL_Delay)
    HAL_GPIO_EXTI_Callback                   0x08000739   Thumb Code   204  main.o(i.HAL_GPIO_EXTI_Callback)
    HAL_GPIO_EXTI_IRQHandler                 0x08000815   Thumb Code    24  stm32f1xx_hal_gpio.o(i.HAL_GPIO_EXTI_IRQHandler)
    HAL_GPIO_Init                            0x08000831   Thumb Code   766  stm32f1xx_hal_gpio.o(i.HAL_GPIO_Init)
    HAL_GPIO_TogglePin                       0x08000b51   Thumb Code    20  stm32f1xx_hal_gpio.o(i.HAL_GPIO_TogglePin)
    HAL_GPIO_WritePin                        0x08000b65   Thumb Code    12  stm32f1xx_hal_gpio.o(i.HAL_GPIO_WritePin)
    HAL_GetTick                              0x08000b71   Thumb Code     6  stm32f1xx_hal.o(i.HAL_GetTick)
    HAL_I2C_Init                             0x08000b7d   Thumb Code   446  stm32f1xx_hal_i2c.o(i.HAL_I2C_Init)
    HAL_I2C_Master_Transmit                  0x08000d4d   Thumb Code   360  stm32f1xx_hal_i2c.o(i.HAL_I2C_Master_Transmit)
    HAL_I2C_MspInit                          0x08000ebd   Thumb Code   104  i2c.o(i.HAL_I2C_MspInit)
    HAL_IncTick                              0x08000f31   Thumb Code    16  stm32f1xx_hal.o(i.HAL_IncTick)
    HAL_Init                                 0x08000f49   Thumb Code    34  stm32f1xx_hal.o(i.HAL_Init)
    HAL_InitTick                             0x08000f71   Thumb Code    64  stm32f1xx_hal.o(i.HAL_InitTick)
    HAL_MspInit                              0x08000fbd   Thumb Code    76  stm32f1xx_hal_msp.o(i.HAL_MspInit)
    HAL_NVIC_EnableIRQ                       0x08001011   Thumb Code    32  stm32f1xx_hal_cortex.o(i.HAL_NVIC_EnableIRQ)
    HAL_NVIC_SetPriority                     0x08001031   Thumb Code   124  stm32f1xx_hal_cortex.o(i.HAL_NVIC_SetPriority)
    HAL_NVIC_SetPriorityGrouping             0x080010ad   Thumb Code    32  stm32f1xx_hal_cortex.o(i.HAL_NVIC_SetPriorityGrouping)
    HAL_RCC_ClockConfig                      0x080010d5   Thumb Code   376  stm32f1xx_hal_rcc.o(i.HAL_RCC_ClockConfig)
    HAL_RCC_GetHCLKFreq                      0x08001261   Thumb Code     6  stm32f1xx_hal_rcc.o(i.HAL_RCC_GetHCLKFreq)
    HAL_RCC_GetPCLK1Freq                     0x0800126d   Thumb Code    22  stm32f1xx_hal_rcc.o(i.HAL_RCC_GetPCLK1Freq)
    HAL_RCC_GetSysClockFreq                  0x0800128d   Thumb Code    92  stm32f1xx_hal_rcc.o(i.HAL_RCC_GetSysClockFreq)
    HAL_RCC_OscConfig                        0x080012fd   Thumb Code  1114  stm32f1xx_hal_rcc.o(i.HAL_RCC_OscConfig)
    HAL_SYSTICK_Config                       0x08001761   Thumb Code    52  stm32f1xx_hal_cortex.o(i.HAL_SYSTICK_Config)
    HAL_TIMEx_BreakCallback                  0x08001795   Thumb Code     2  stm32f1xx_hal_tim_ex.o(i.HAL_TIMEx_BreakCallback)
    HAL_TIMEx_CommutCallback                 0x08001797   Thumb Code     2  stm32f1xx_hal_tim_ex.o(i.HAL_TIMEx_CommutCallback)
    HAL_TIMEx_MasterConfigSynchronization    0x08001799   Thumb Code   118  stm32f1xx_hal_tim_ex.o(i.HAL_TIMEx_MasterConfigSynchronization)
    HAL_TIM_Base_Init                        0x0800181d   Thumb Code   102  stm32f1xx_hal_tim.o(i.HAL_TIM_Base_Init)
    HAL_TIM_Base_MspInit                     0x08001885   Thumb Code    96  tim.o(i.HAL_TIM_Base_MspInit)
    HAL_TIM_Base_Start                       0x080018ed   Thumb Code    94  stm32f1xx_hal_tim.o(i.HAL_TIM_Base_Start)
    HAL_TIM_Base_Start_IT                    0x08001959   Thumb Code   106  stm32f1xx_hal_tim.o(i.HAL_TIM_Base_Start_IT)
    HAL_TIM_Base_Stop_IT                     0x080019d1   Thumb Code    62  stm32f1xx_hal_tim.o(i.HAL_TIM_Base_Stop_IT)
    HAL_TIM_ConfigClockSource                0x08001a0f   Thumb Code   268  stm32f1xx_hal_tim.o(i.HAL_TIM_ConfigClockSource)
    HAL_TIM_IC_CaptureCallback               0x08001b1b   Thumb Code     2  stm32f1xx_hal_tim.o(i.HAL_TIM_IC_CaptureCallback)
    HAL_TIM_IRQHandler                       0x08001b1d   Thumb Code   364  stm32f1xx_hal_tim.o(i.HAL_TIM_IRQHandler)
    HAL_TIM_OC_DelayElapsedCallback          0x08001c89   Thumb Code     2  stm32f1xx_hal_tim.o(i.HAL_TIM_OC_DelayElapsedCallback)
    HAL_TIM_PWM_PulseFinishedCallback        0x08001c8b   Thumb Code     2  stm32f1xx_hal_tim.o(i.HAL_TIM_PWM_PulseFinishedCallback)
    HAL_TIM_PeriodElapsedCallback            0x08001c8d   Thumb Code    72  stepper_motor.o(i.HAL_TIM_PeriodElapsedCallback)
    HAL_TIM_TriggerCallback                  0x08001ce9   Thumb Code     2  stm32f1xx_hal_tim.o(i.HAL_TIM_TriggerCallback)
    HardFault_Handler                        0x08001ceb   Thumb Code     4  stm32f1xx_it.o(i.HardFault_Handler)
    LCD_HD44780_init                         0x08002071   Thumb Code   194  lcd_hd44780.o(i.LCD_HD44780_init)
    LCD_Strobe_E                             0x0800213d   Thumb Code    66  lcd_hd44780.o(i.LCD_Strobe_E)
    MX_GPIO_Init                             0x0800218d   Thumb Code   308  gpio.o(i.MX_GPIO_Init)
    MX_I2C1_Init                             0x080022d5   Thumb Code    48  i2c.o(i.MX_I2C1_Init)
    MX_TIM1_Init                             0x08002311   Thumb Code   102  tim.o(i.MX_TIM1_Init)
    MX_TIM2_Init                             0x08002381   Thumb Code   102  tim.o(i.MX_TIM2_Init)
    MemManage_Handler                        0x080023ed   Thumb Code     4  stm32f1xx_it.o(i.MemManage_Handler)
    NMI_Handler                              0x080023f1   Thumb Code     4  stm32f1xx_it.o(i.NMI_Handler)
    NRF24L01_RX_Mode                         0x080023f5   Thumb Code    50  nrf24.o(i.NRF24L01_RX_Mode)
    NRF24_FlushRX                            0x0800242d   Thumb Code    44  nrf24.o(i.NRF24_FlushRX)
    NRF24_FlushTX                            0x08002461   Thumb Code    44  nrf24.o(i.NRF24_FlushTX)
    NRF24_ReadReg                            0x08002495   Thumb Code    52  nrf24.o(i.NRF24_ReadReg)
    NRF24_Read_Buf                           0x080024cd   Thumb Code    60  nrf24.o(i.NRF24_Read_Buf)
    NRF24_ToggleFeatures                     0x0800250d   Thumb Code    56  nrf24.o(i.NRF24_ToggleFeatures)
    NRF24_WriteReg                           0x0800254d   Thumb Code    44  nrf24.o(i.NRF24_WriteReg)
    NRF24_Write_Buf                          0x0800257d   Thumb Code    68  nrf24.o(i.NRF24_Write_Buf)
    NRF24_ini                                0x080025c5   Thumb Code   156  nrf24.o(i.NRF24_ini)
    PendSV_Handler                           0x0800266d   Thumb Code     2  stm32f1xx_it.o(i.PendSV_Handler)
    SPI_send_soft                            0x08002699   Thumb Code   102  nrf24.o(i.SPI_send_soft)
    SVC_Handler                              0x08002705   Thumb Code     2  stm32f1xx_it.o(i.SVC_Handler)
    SysTick_Handler                          0x08002707   Thumb Code     8  stm32f1xx_it.o(i.SysTick_Handler)
    SystemClock_Config                       0x0800270f   Thumb Code   102  main.o(i.SystemClock_Config)
    SystemInit                               0x08002775   Thumb Code     2  system_stm32f1xx.o(i.SystemInit)
    TIM1_UP_IRQHandler                       0x08002779   Thumb Code    10  stm32f1xx_it.o(i.TIM1_UP_IRQHandler)
    TIM_Base_SetConfig                       0x08002789   Thumb Code   120  stm32f1xx_hal_tim.o(i.TIM_Base_SetConfig)
    TIM_ETR_SetConfig                        0x0800280d   Thumb Code    22  stm32f1xx_hal_tim.o(i.TIM_ETR_SetConfig)
    UsageFault_Handler                       0x08002883   Thumb Code     4  stm32f1xx_it.o(i.UsageFault_Handler)
    cursor_settings                          0x080028c1   Thumb Code   114  lcd_hd44780.o(i.cursor_settings)
    display_clear                            0x08002941   Thumb Code    68  lcd_hd44780.o(i.display_clear)
    display_on_off                           0x0800298d   Thumb Code    88  lcd_hd44780.o(i.display_on_off)
    display_send_char                        0x080029ed   Thumb Code    96  lcd_hd44780.o(i.display_send_char)
    display_send_num                         0x08002a51   Thumb Code   126  lcd_hd44780.o(i.display_send_num)
    goto_xy                                  0x08002add   Thumb Code   112  lcd_hd44780.o(i.goto_xy)
    main                                     0x08002b55   Thumb Code    62  main.o(i.main)
    main_menu                                0x08002b99   Thumb Code    52  lcd_hd44780.o(i.main_menu)
    motor_soft_start                         0x08002bdd   Thumb Code    48  stepper_motor.o(i.motor_soft_start)
    motor_soft_stop                          0x08002c19   Thumb Code    36  stepper_motor.o(i.motor_soft_stop)
    __aeabi_d2f                              0x08002c45   Thumb Code     0  d2f.o(x$fpl$d2f)
    _d2f                                     0x08002c45   Thumb Code    98  d2f.o(x$fpl$d2f)
    __aeabi_dadd                             0x08002ca9   Thumb Code     0  daddsub_clz.o(x$fpl$dadd)
    _dadd                                    0x08002ca9   Thumb Code   332  daddsub_clz.o(x$fpl$dadd)
    __fpl_dcmp_Inf                           0x08002df9   Thumb Code    24  dcmpi.o(x$fpl$dcmpinf)
    __aeabi_d2iz                             0x08002e11   Thumb Code     0  dfix.o(x$fpl$dfix)
    _dfix                                    0x08002e11   Thumb Code    94  dfix.o(x$fpl$dfix)
    __aeabi_cdcmple                          0x08002e71   Thumb Code     0  dleqf.o(x$fpl$dleqf)
    _dcmple                                  0x08002e71   Thumb Code   120  dleqf.o(x$fpl$dleqf)
    __fpl_dcmple_InfNaN                      0x08002ed3   Thumb Code     0  dleqf.o(x$fpl$dleqf)
    __fpl_dnaninf                            0x08002ee9   Thumb Code   156  dnaninf.o(x$fpl$dnaninf)
    __fpl_dretinf                            0x08002f85   Thumb Code    12  dretinf.o(x$fpl$dretinf)
    __aeabi_cdrcmple                         0x08002f91   Thumb Code     0  drleqf.o(x$fpl$drleqf)
    _drcmple                                 0x08002f91   Thumb Code   108  drleqf.o(x$fpl$drleqf)
    __aeabi_dsub                             0x08002ffd   Thumb Code     0  daddsub_clz.o(x$fpl$dsub)
    _dsub                                    0x08002ffd   Thumb Code   464  daddsub_clz.o(x$fpl$dsub)
    __aeabi_f2d                              0x080031d1   Thumb Code     0  f2d.o(x$fpl$f2d)
    _f2d                                     0x080031d1   Thumb Code    86  f2d.o(x$fpl$f2d)
    __aeabi_fadd                             0x08003229   Thumb Code     0  faddsub_clz.o(x$fpl$fadd)
    _fadd                                    0x08003229   Thumb Code   196  faddsub_clz.o(x$fpl$fadd)
    __aeabi_fdiv                             0x080032ed   Thumb Code     0  fdiv.o(x$fpl$fdiv)
    _fdiv                                    0x080032ed   Thumb Code   384  fdiv.o(x$fpl$fdiv)
    __aeabi_f2uiz                            0x08003471   Thumb Code     0  ffixu.o(x$fpl$ffixu)
    _ffixu                                   0x08003471   Thumb Code    62  ffixu.o(x$fpl$ffixu)
    __aeabi_ui2f                             0x080034b1   Thumb Code     0  fflt_clz.o(x$fpl$ffltu)
    _ffltu                                   0x080034b1   Thumb Code    38  fflt_clz.o(x$fpl$ffltu)
    __aeabi_fmul                             0x080034d9   Thumb Code     0  fmul.o(x$fpl$fmul)
    _fmul                                    0x080034d9   Thumb Code   258  fmul.o(x$fpl$fmul)
    __fpl_fnaninf                            0x080035db   Thumb Code   140  fnaninf.o(x$fpl$fnaninf)
    __fpl_fretinf                            0x08003667   Thumb Code    10  fretinf.o(x$fpl$fretinf)
    __aeabi_fsub                             0x08003671   Thumb Code     0  faddsub_clz.o(x$fpl$fsub)
    _fsub                                    0x08003671   Thumb Code   234  faddsub_clz.o(x$fpl$fsub)
    __I$use$fp                               0x0800375a   Number         0  usenofp.o(x$fpl$usenofp)
    AHBPrescTable                            0x0800376c   Data          16  system_stm32f1xx.o(.constdata)
    APBPrescTable                            0x0800377c   Data           8  system_stm32f1xx.o(.constdata)
    Region$$Table$$Base                      0x08003784   Number         0  anon$$obj.o(Region$$Table)
    Region$$Table$$Limit                     0x080037a4   Number         0  anon$$obj.o(Region$$Table)
    TX_ADDRESS                               0x20000000   Data           3  nrf24.o(.data)
    RX_BUF                                   0x20000003   Data           2  nrf24.o(.data)
    ErrCnt_Fl                                0x20000005   Data           1  nrf24.o(.data)
    dt                                       0x20000006   Data           2  nrf24.o(.data)
    i2c_data                                 0x20000008   Data           1  lcd_hd44780.o(.data)
    backlight_status                         0x20000009   Data           1  lcd_hd44780.o(.data)
    rs_status                                0x2000000a   Data           1  lcd_hd44780.o(.data)
    pulse_angle                              0x2000000c   Data           8  stepper_motor.o(.data)
    uwTick                                   0x20000014   Data           4  stm32f1xx_hal.o(.data)
    uwTickPrio                               0x20000018   Data           4  stm32f1xx_hal.o(.data)
    uwTickFreq                               0x2000001c   Data           1  stm32f1xx_hal.o(.data)
    SystemCoreClock                          0x20000020   Data           4  system_stm32f1xx.o(.data)
    hi2c1                                    0x20000024   Data          84  i2c.o(.bss)
    htim1                                    0x20000078   Data          72  tim.o(.bss)
    htim2                                    0x200000c0   Data          72  tim.o(.bss)
    __libspace_start                         0x20000108   Data          96  libspace.o(.bss)
    __temporary_stack_top$libspace           0x20000168   Data           0  libspace.o(.bss)



==============================================================================

Memory Map of the image

  Image Entry point : 0x080000ed

  Load Region LR_IROM1 (Base: 0x08000000, Size: 0x000037c8, Max: 0x00010000, ABSOLUTE)

    Execution Region ER_IROM1 (Exec base: 0x08000000, Load base: 0x08000000, Size: 0x000037a4, Max: 0x00010000, ABSOLUTE)

    Exec Addr    Load Addr    Size         Type   Attr      Idx    E Section Name        Object

    0x08000000   0x08000000   0x000000ec   Data   RO            3    RESET               startup_stm32f103xb.o
    0x080000ec   0x080000ec   0x00000008   Code   RO         3293  * !!!main             c_w.l(__main.o)
    0x080000f4   0x080000f4   0x00000034   Code   RO         3560    !!!scatter          c_w.l(__scatter.o)
    0x08000128   0x08000128   0x0000001a   Code   RO         3562    !!handler_copy      c_w.l(__scatter_copy.o)
    0x08000142   0x08000142   0x00000002   PAD
    0x08000144   0x08000144   0x0000001c   Code   RO         3564    !!handler_zi        c_w.l(__scatter_zi.o)
    0x08000160   0x08000160   0x00000000   Code   RO         3288    .ARM.Collect$$_printf_percent$$00000000  c_w.l(_printf_percent.o)
    0x08000160   0x08000160   0x00000006   Code   RO         3287    .ARM.Collect$$_printf_percent$$00000009  c_w.l(_printf_d.o)
    0x08000166   0x08000166   0x00000004   Code   RO         3369    .ARM.Collect$$_printf_percent$$00000017  c_w.l(_printf_percent_end.o)
    0x0800016a   0x0800016a   0x00000002   Code   RO         3497    .ARM.Collect$$libinit$$00000000  c_w.l(libinit.o)
    0x0800016c   0x0800016c   0x00000000   Code   RO         3375    .ARM.Collect$$libinit$$00000002  c_w.l(libinit2.o)
    0x0800016c   0x0800016c   0x00000000   Code   RO         3377    .ARM.Collect$$libinit$$00000004  c_w.l(libinit2.o)
    0x0800016c   0x0800016c   0x00000008   Code   RO         3378    .ARM.Collect$$libinit$$00000005  c_w.l(libinit2.o)
    0x08000174   0x08000174   0x00000000   Code   RO         3380    .ARM.Collect$$libinit$$0000000A  c_w.l(libinit2.o)
    0x08000174   0x08000174   0x00000000   Code   RO         3382    .ARM.Collect$$libinit$$0000000C  c_w.l(libinit2.o)
    0x08000174   0x08000174   0x00000000   Code   RO         3384    .ARM.Collect$$libinit$$0000000E  c_w.l(libinit2.o)
    0x08000174   0x08000174   0x00000000   Code   RO         3387    .ARM.Collect$$libinit$$00000011  c_w.l(libinit2.o)
    0x08000174   0x08000174   0x00000000   Code   RO         3389    .ARM.Collect$$libinit$$00000013  c_w.l(libinit2.o)
    0x08000174   0x08000174   0x00000000   Code   RO         3391    .ARM.Collect$$libinit$$00000015  c_w.l(libinit2.o)
    0x08000174   0x08000174   0x00000000   Code   RO         3393    .ARM.Collect$$libinit$$00000017  c_w.l(libinit2.o)
    0x08000174   0x08000174   0x00000000   Code   RO         3395    .ARM.Collect$$libinit$$00000019  c_w.l(libinit2.o)
    0x08000174   0x08000174   0x00000000   Code   RO         3397    .ARM.Collect$$libinit$$0000001B  c_w.l(libinit2.o)
    0x08000174   0x08000174   0x00000000   Code   RO         3399    .ARM.Collect$$libinit$$0000001D  c_w.l(libinit2.o)
    0x08000174   0x08000174   0x00000000   Code   RO         3401    .ARM.Collect$$libinit$$0000001F  c_w.l(libinit2.o)
    0x08000174   0x08000174   0x00000000   Code   RO         3403    .ARM.Collect$$libinit$$00000021  c_w.l(libinit2.o)
    0x08000174   0x08000174   0x00000000   Code   RO         3405    .ARM.Collect$$libinit$$00000023  c_w.l(libinit2.o)
    0x08000174   0x08000174   0x00000000   Code   RO         3407    .ARM.Collect$$libinit$$00000025  c_w.l(libinit2.o)
    0x08000174   0x08000174   0x00000000   Code   RO         3411    .ARM.Collect$$libinit$$0000002C  c_w.l(libinit2.o)
    0x08000174   0x08000174   0x00000000   Code   RO         3413    .ARM.Collect$$libinit$$0000002E  c_w.l(libinit2.o)
    0x08000174   0x08000174   0x00000000   Code   RO         3415    .ARM.Collect$$libinit$$00000030  c_w.l(libinit2.o)
    0x08000174   0x08000174   0x00000000   Code   RO         3417    .ARM.Collect$$libinit$$00000032  c_w.l(libinit2.o)
    0x08000174   0x08000174   0x00000002   Code   RO         3418    .ARM.Collect$$libinit$$00000033  c_w.l(libinit2.o)
    0x08000176   0x08000176   0x00000002   Code   RO         3557    .ARM.Collect$$libshutdown$$00000000  c_w.l(libshutdown.o)
    0x08000178   0x08000178   0x00000000   Code   RO         3511    .ARM.Collect$$libshutdown$$00000002  c_w.l(libshutdown2.o)
    0x08000178   0x08000178   0x00000000   Code   RO         3513    .ARM.Collect$$libshutdown$$00000004  c_w.l(libshutdown2.o)
    0x08000178   0x08000178   0x00000000   Code   RO         3515    .ARM.Collect$$libshutdown$$00000006  c_w.l(libshutdown2.o)
    0x08000178   0x08000178   0x00000000   Code   RO         3518    .ARM.Collect$$libshutdown$$00000009  c_w.l(libshutdown2.o)
    0x08000178   0x08000178   0x00000000   Code   RO         3521    .ARM.Collect$$libshutdown$$0000000C  c_w.l(libshutdown2.o)
    0x08000178   0x08000178   0x00000000   Code   RO         3523    .ARM.Collect$$libshutdown$$0000000E  c_w.l(libshutdown2.o)
    0x08000178   0x08000178   0x00000000   Code   RO         3526    .ARM.Collect$$libshutdown$$00000011  c_w.l(libshutdown2.o)
    0x08000178   0x08000178   0x00000002   Code   RO         3527    .ARM.Collect$$libshutdown$$00000012  c_w.l(libshutdown2.o)
    0x0800017a   0x0800017a   0x00000000   Code   RO         3335    .ARM.Collect$$rtentry$$00000000  c_w.l(__rtentry.o)
    0x0800017a   0x0800017a   0x00000000   Code   RO         3436    .ARM.Collect$$rtentry$$00000002  c_w.l(__rtentry2.o)
    0x0800017a   0x0800017a   0x00000006   Code   RO         3448    .ARM.Collect$$rtentry$$00000004  c_w.l(__rtentry4.o)
    0x08000180   0x08000180   0x00000000   Code   RO         3438    .ARM.Collect$$rtentry$$00000009  c_w.l(__rtentry2.o)
    0x08000180   0x08000180   0x00000004   Code   RO         3439    .ARM.Collect$$rtentry$$0000000A  c_w.l(__rtentry2.o)
    0x08000184   0x08000184   0x00000000   Code   RO         3441    .ARM.Collect$$rtentry$$0000000C  c_w.l(__rtentry2.o)
    0x08000184   0x08000184   0x00000008   Code   RO         3442    .ARM.Collect$$rtentry$$0000000D  c_w.l(__rtentry2.o)
    0x0800018c   0x0800018c   0x00000002   Code   RO         3500    .ARM.Collect$$rtexit$$00000000  c_w.l(rtexit.o)
    0x0800018e   0x0800018e   0x00000000   Code   RO         3531    .ARM.Collect$$rtexit$$00000002  c_w.l(rtexit2.o)
    0x0800018e   0x0800018e   0x00000004   Code   RO         3532    .ARM.Collect$$rtexit$$00000003  c_w.l(rtexit2.o)
    0x08000192   0x08000192   0x00000006   Code   RO         3533    .ARM.Collect$$rtexit$$00000004  c_w.l(rtexit2.o)
    0x08000198   0x08000198   0x00000000   Code   RO         3452    .emb_text           c_w.l(maybetermalloc1.o)
    0x08000198   0x08000198   0x00000040   Code   RO            4    .text               startup_stm32f103xb.o
    0x080001d8   0x080001d8   0x0000005e   Code   RO         3199    .text               c_w.l(h1_alloc.o)
    0x08000236   0x08000236   0x0000004e   Code   RO         3201    .text               c_w.l(h1_free.o)
    0x08000284   0x08000284   0x00000034   Code   RO         3261    .text               c_w.l(noretval__2snprintf.o)
    0x080002b8   0x080002b8   0x00000068   Code   RO         3263    .text               c_w.l(__printf.o)
    0x08000320   0x08000320   0x00000078   Code   RO         3265    .text               c_w.l(_printf_dec.o)
    0x08000398   0x08000398   0x0000004e   Code   RO         3289    .text               c_w.l(rt_memclr_w.o)
    0x080003e6   0x080003e6   0x00000006   Code   RO         3291    .text               c_w.l(heapauxi.o)
    0x080003ec   0x080003ec   0x00000008   Code   RO         3339    .text               c_w.l(rt_heap_descriptor_intlibspace.o)
    0x080003f4   0x080003f4   0x00000004   Code   RO         3341    .text               c_w.l(hguard.o)
    0x080003f8   0x080003f8   0x0000008a   Code   RO         3343    .text               c_w.l(init_alloc.o)
    0x08000482   0x08000482   0x0000000e   Code   RO         3347    .text               c_w.l(h1_init.o)
    0x08000490   0x08000490   0x000000b2   Code   RO         3361    .text               c_w.l(_printf_intcommon.o)
    0x08000542   0x08000542   0x00000002   PAD
    0x08000544   0x08000544   0x00000030   Code   RO         3363    .text               c_w.l(_printf_char_common.o)
    0x08000574   0x08000574   0x0000000a   Code   RO         3365    .text               c_w.l(_sputc.o)
    0x0800057e   0x0800057e   0x00000010   Code   RO         3367    .text               c_w.l(_snputc.o)
    0x0800058e   0x0800058e   0x00000002   PAD
    0x08000590   0x08000590   0x00000008   Code   RO         3432    .text               c_w.l(libspace.o)
    0x08000598   0x08000598   0x00000034   Code   RO         3454    .text               c_w.l(h1_extend.o)
    0x080005cc   0x080005cc   0x0000000e   Code   RO         3460    .text               c_w.l(defsig_rtmem_outer.o)
    0x080005da   0x080005da   0x00000002   Code   RO         3473    .text               c_w.l(use_no_semi.o)
    0x080005dc   0x080005dc   0x00000000   Code   RO         3475    .text               c_w.l(indicate_semi.o)
    0x080005dc   0x080005dc   0x0000004a   Code   RO         3476    .text               c_w.l(sys_stackheap_outer.o)
    0x08000626   0x08000626   0x00000012   Code   RO         3482    .text               c_w.l(exit.o)
    0x08000638   0x08000638   0x0000000a   Code   RO         3484    .text               c_w.l(defsig_exit.o)
    0x08000642   0x08000642   0x00000002   PAD
    0x08000644   0x08000644   0x00000050   Code   RO         3486    .text               c_w.l(defsig_rtmem_inner.o)
    0x08000694   0x08000694   0x0000000c   Code   RO         3498    .text               c_w.l(sys_exit.o)
    0x080006a0   0x080006a0   0x00000032   Code   RO         3508    .text               c_w.l(defsig_general.o)
    0x080006d2   0x080006d2   0x0000000e   Code   RO         3528    .text               c_w.l(sys_wrch.o)
    0x080006e0   0x080006e0   0x00000004   Code   RO          542    i.BusFault_Handler  stm32f1xx_it.o
    0x080006e4   0x080006e4   0x00000002   Code   RO          543    i.DebugMon_Handler  stm32f1xx_it.o
    0x080006e6   0x080006e6   0x0000001a   Code   RO           13    i.DelayMicro        nrf24.o
    0x08000700   0x08000700   0x0000000a   Code   RO          544    i.EXTI3_IRQHandler  stm32f1xx_it.o
    0x0800070a   0x0800070a   0x00000006   Code   RO          367    i.Error_Handler     main.o
    0x08000710   0x08000710   0x00000028   Code   RO         1174    i.HAL_Delay         stm32f1xx_hal.o
    0x08000738   0x08000738   0x000000dc   Code   RO          368    i.HAL_GPIO_EXTI_Callback  main.o
    0x08000814   0x08000814   0x0000001c   Code   RO         1488    i.HAL_GPIO_EXTI_IRQHandler  stm32f1xx_hal_gpio.o
    0x08000830   0x08000830   0x00000320   Code   RO         1489    i.HAL_GPIO_Init     stm32f1xx_hal_gpio.o
    0x08000b50   0x08000b50   0x00000014   Code   RO         1492    i.HAL_GPIO_TogglePin  stm32f1xx_hal_gpio.o
    0x08000b64   0x08000b64   0x0000000c   Code   RO         1493    i.HAL_GPIO_WritePin  stm32f1xx_hal_gpio.o
    0x08000b70   0x08000b70   0x0000000c   Code   RO         1178    i.HAL_GetTick       stm32f1xx_hal.o
    0x08000b7c   0x08000b7c   0x000001d0   Code   RO          701    i.HAL_I2C_Init      stm32f1xx_hal_i2c.o
    0x08000d4c   0x08000d4c   0x00000170   Code   RO          714    i.HAL_I2C_Master_Transmit  stm32f1xx_hal_i2c.o
    0x08000ebc   0x08000ebc   0x00000074   Code   RO          453    i.HAL_I2C_MspInit   i2c.o
    0x08000f30   0x08000f30   0x00000018   Code   RO         1184    i.HAL_IncTick       stm32f1xx_hal.o
    0x08000f48   0x08000f48   0x00000028   Code   RO         1185    i.HAL_Init          stm32f1xx_hal.o
    0x08000f70   0x08000f70   0x0000004c   Code   RO         1186    i.HAL_InitTick      stm32f1xx_hal.o
    0x08000fbc   0x08000fbc   0x00000054   Code   RO          630    i.HAL_MspInit       stm32f1xx_hal_msp.o
    0x08001010   0x08001010   0x00000020   Code   RO         1649    i.HAL_NVIC_EnableIRQ  stm32f1xx_hal_cortex.o
    0x08001030   0x08001030   0x0000007c   Code   RO         1655    i.HAL_NVIC_SetPriority  stm32f1xx_hal_cortex.o
    0x080010ac   0x080010ac   0x00000028   Code   RO         1656    i.HAL_NVIC_SetPriorityGrouping  stm32f1xx_hal_cortex.o
    0x080010d4   0x080010d4   0x0000018c   Code   RO         1342    i.HAL_RCC_ClockConfig  stm32f1xx_hal_rcc.o
    0x08001260   0x08001260   0x0000000c   Code   RO         1347    i.HAL_RCC_GetHCLKFreq  stm32f1xx_hal_rcc.o
    0x0800126c   0x0800126c   0x00000020   Code   RO         1349    i.HAL_RCC_GetPCLK1Freq  stm32f1xx_hal_rcc.o
    0x0800128c   0x0800128c   0x00000070   Code   RO         1351    i.HAL_RCC_GetSysClockFreq  stm32f1xx_hal_rcc.o
    0x080012fc   0x080012fc   0x00000464   Code   RO         1354    i.HAL_RCC_OscConfig  stm32f1xx_hal_rcc.o
    0x08001760   0x08001760   0x00000034   Code   RO         1660    i.HAL_SYSTICK_Config  stm32f1xx_hal_cortex.o
    0x08001794   0x08001794   0x00000002   Code   RO         2892    i.HAL_TIMEx_BreakCallback  stm32f1xx_hal_tim_ex.o
    0x08001796   0x08001796   0x00000002   Code   RO         2893    i.HAL_TIMEx_CommutCallback  stm32f1xx_hal_tim_ex.o
    0x08001798   0x08001798   0x00000084   Code   RO         2911    i.HAL_TIMEx_MasterConfigSynchronization  stm32f1xx_hal_tim_ex.o
    0x0800181c   0x0800181c   0x00000066   Code   RO         2177    i.HAL_TIM_Base_Init  stm32f1xx_hal_tim.o
    0x08001882   0x08001882   0x00000002   PAD
    0x08001884   0x08001884   0x00000068   Code   RO          495    i.HAL_TIM_Base_MspInit  tim.o
    0x080018ec   0x080018ec   0x0000006c   Code   RO         2180    i.HAL_TIM_Base_Start  stm32f1xx_hal_tim.o
    0x08001958   0x08001958   0x00000078   Code   RO         2182    i.HAL_TIM_Base_Start_IT  stm32f1xx_hal_tim.o
    0x080019d0   0x080019d0   0x0000003e   Code   RO         2185    i.HAL_TIM_Base_Stop_IT  stm32f1xx_hal_tim.o
    0x08001a0e   0x08001a0e   0x0000010c   Code   RO         2186    i.HAL_TIM_ConfigClockSource  stm32f1xx_hal_tim.o
    0x08001b1a   0x08001b1a   0x00000002   Code   RO         2211    i.HAL_TIM_IC_CaptureCallback  stm32f1xx_hal_tim.o
    0x08001b1c   0x08001b1c   0x0000016c   Code   RO         2225    i.HAL_TIM_IRQHandler  stm32f1xx_hal_tim.o
    0x08001c88   0x08001c88   0x00000002   Code   RO         2228    i.HAL_TIM_OC_DelayElapsedCallback  stm32f1xx_hal_tim.o
    0x08001c8a   0x08001c8a   0x00000002   Code   RO         2255    i.HAL_TIM_PWM_PulseFinishedCallback  stm32f1xx_hal_tim.o
    0x08001c8c   0x08001c8c   0x0000005c   Code   RO          324    i.HAL_TIM_PeriodElapsedCallback  stepper_motor.o
    0x08001ce8   0x08001ce8   0x00000002   Code   RO         2268    i.HAL_TIM_TriggerCallback  stm32f1xx_hal_tim.o
    0x08001cea   0x08001cea   0x00000004   Code   RO          545    i.HardFault_Handler  stm32f1xx_it.o
    0x08001cee   0x08001cee   0x0000003e   Code   RO          745    i.I2C_IsAcknowledgeFailed  stm32f1xx_hal_i2c.o
    0x08001d2c   0x08001d2c   0x000000c0   Code   RO          749    i.I2C_MasterRequestWrite  stm32f1xx_hal_i2c.o
    0x08001dec   0x08001dec   0x00000066   Code   RO          765    i.I2C_WaitOnBTFFlagUntilTimeout  stm32f1xx_hal_i2c.o
    0x08001e52   0x08001e52   0x000000be   Code   RO          766    i.I2C_WaitOnFlagUntilTimeout  stm32f1xx_hal_i2c.o
    0x08001f10   0x08001f10   0x000000fa   Code   RO          767    i.I2C_WaitOnMasterAddressFlagUntilTimeout  stm32f1xx_hal_i2c.o
    0x0800200a   0x0800200a   0x00000066   Code   RO          771    i.I2C_WaitOnTXEFlagUntilTimeout  stm32f1xx_hal_i2c.o
    0x08002070   0x08002070   0x000000cc   Code   RO          226    i.LCD_HD44780_init  lcd_hd44780.o
    0x0800213c   0x0800213c   0x00000050   Code   RO          227    i.LCD_Strobe_E      lcd_hd44780.o
    0x0800218c   0x0800218c   0x00000148   Code   RO          428    i.MX_GPIO_Init      gpio.o
    0x080022d4   0x080022d4   0x0000003c   Code   RO          454    i.MX_I2C1_Init      i2c.o
    0x08002310   0x08002310   0x00000070   Code   RO          496    i.MX_TIM1_Init      tim.o
    0x08002380   0x08002380   0x0000006c   Code   RO          497    i.MX_TIM2_Init      tim.o
    0x080023ec   0x080023ec   0x00000004   Code   RO          546    i.MemManage_Handler  stm32f1xx_it.o
    0x080023f0   0x080023f0   0x00000004   Code   RO          547    i.NMI_Handler       stm32f1xx_it.o
    0x080023f4   0x080023f4   0x00000038   Code   RO           14    i.NRF24L01_RX_Mode  nrf24.o
    0x0800242c   0x0800242c   0x00000034   Code   RO           18    i.NRF24_FlushRX     nrf24.o
    0x08002460   0x08002460   0x00000034   Code   RO           19    i.NRF24_FlushTX     nrf24.o
    0x08002494   0x08002494   0x00000038   Code   RO           20    i.NRF24_ReadReg     nrf24.o
    0x080024cc   0x080024cc   0x00000040   Code   RO           21    i.NRF24_Read_Buf    nrf24.o
    0x0800250c   0x0800250c   0x00000040   Code   RO           22    i.NRF24_ToggleFeatures  nrf24.o
    0x0800254c   0x0800254c   0x00000030   Code   RO           24    i.NRF24_WriteReg    nrf24.o
    0x0800257c   0x0800257c   0x00000048   Code   RO           25    i.NRF24_Write_Buf   nrf24.o
    0x080025c4   0x080025c4   0x000000a8   Code   RO           26    i.NRF24_ini         nrf24.o
    0x0800266c   0x0800266c   0x00000002   Code   RO          548    i.PendSV_Handler    stm32f1xx_it.o
    0x0800266e   0x0800266e   0x00000002   PAD
    0x08002670   0x08002670   0x00000028   Code   RO         1355    i.RCC_Delay         stm32f1xx_hal_rcc.o
    0x08002698   0x08002698   0x0000006c   Code   RO           27    i.SPI_send_soft     nrf24.o
    0x08002704   0x08002704   0x00000002   Code   RO          549    i.SVC_Handler       stm32f1xx_it.o
    0x08002706   0x08002706   0x00000008   Code   RO          550    i.SysTick_Handler   stm32f1xx_it.o
    0x0800270e   0x0800270e   0x00000066   Code   RO          369    i.SystemClock_Config  main.o
    0x08002774   0x08002774   0x00000002   Code   RO         3160    i.SystemInit        system_stm32f1xx.o
    0x08002776   0x08002776   0x00000002   PAD
    0x08002778   0x08002778   0x00000010   Code   RO          551    i.TIM1_UP_IRQHandler  stm32f1xx_it.o
    0x08002788   0x08002788   0x00000084   Code   RO         2270    i.TIM_Base_SetConfig  stm32f1xx_hal_tim.o
    0x0800280c   0x0800280c   0x00000016   Code   RO         2281    i.TIM_ETR_SetConfig  stm32f1xx_hal_tim.o
    0x08002822   0x08002822   0x00000012   Code   RO         2282    i.TIM_ITRx_SetConfig  stm32f1xx_hal_tim.o
    0x08002834   0x08002834   0x00000026   Code   RO         2288    i.TIM_TI1_ConfigInputStage  stm32f1xx_hal_tim.o
    0x0800285a   0x0800285a   0x00000028   Code   RO         2290    i.TIM_TI2_ConfigInputStage  stm32f1xx_hal_tim.o
    0x08002882   0x08002882   0x00000004   Code   RO          552    i.UsageFault_Handler  stm32f1xx_it.o
    0x08002886   0x08002886   0x00000002   PAD
    0x08002888   0x08002888   0x00000010   Code   RO         1662    i.__NVIC_GetPriorityGrouping  stm32f1xx_hal_cortex.o
    0x08002898   0x08002898   0x00000028   Code   RO         1663    i.__NVIC_SetPriority  stm32f1xx_hal_cortex.o
    0x080028c0   0x080028c0   0x00000080   Code   RO          228    i.cursor_settings   lcd_hd44780.o
    0x08002940   0x08002940   0x0000004c   Code   RO          230    i.display_clear     lcd_hd44780.o
    0x0800298c   0x0800298c   0x00000060   Code   RO          231    i.display_on_off    lcd_hd44780.o
    0x080029ec   0x080029ec   0x00000064   Code   RO          232    i.display_send_char  lcd_hd44780.o
    0x08002a50   0x08002a50   0x0000008c   Code   RO          233    i.display_send_num  lcd_hd44780.o
    0x08002adc   0x08002adc   0x00000078   Code   RO          234    i.goto_xy           lcd_hd44780.o
    0x08002b54   0x08002b54   0x00000044   Code   RO          370    i.main              main.o
    0x08002b98   0x08002b98   0x00000044   Code   RO          235    i.main_menu         lcd_hd44780.o
    0x08002bdc   0x08002bdc   0x0000003c   Code   RO          325    i.motor_soft_start  stepper_motor.o
    0x08002c18   0x08002c18   0x0000002c   Code   RO          326    i.motor_soft_stop   stepper_motor.o
    0x08002c44   0x08002c44   0x00000062   Code   RO         3295    x$fpl$d2f           fz_ws.l(d2f.o)
    0x08002ca6   0x08002ca6   0x00000002   PAD
    0x08002ca8   0x08002ca8   0x00000150   Code   RO         3297    x$fpl$dadd          fz_ws.l(daddsub_clz.o)
    0x08002df8   0x08002df8   0x00000018   Code   RO         3469    x$fpl$dcmpinf       fz_ws.l(dcmpi.o)
    0x08002e10   0x08002e10   0x0000005e   Code   RO         3303    x$fpl$dfix          fz_ws.l(dfix.o)
    0x08002e6e   0x08002e6e   0x00000002   PAD
    0x08002e70   0x08002e70   0x00000078   Code   RO         3419    x$fpl$dleqf         fz_ws.l(dleqf.o)
    0x08002ee8   0x08002ee8   0x0000009c   Code   RO         3421    x$fpl$dnaninf       fz_ws.l(dnaninf.o)
    0x08002f84   0x08002f84   0x0000000c   Code   RO         3423    x$fpl$dretinf       fz_ws.l(dretinf.o)
    0x08002f90   0x08002f90   0x0000006c   Code   RO         3307    x$fpl$drleqf        fz_ws.l(drleqf.o)
    0x08002ffc   0x08002ffc   0x000001d4   Code   RO         3299    x$fpl$dsub          fz_ws.l(daddsub_clz.o)
    0x080031d0   0x080031d0   0x00000056   Code   RO         3309    x$fpl$f2d           fz_ws.l(f2d.o)
    0x08003226   0x08003226   0x00000002   PAD
    0x08003228   0x08003228   0x000000c4   Code   RO         3311    x$fpl$fadd          fz_ws.l(faddsub_clz.o)
    0x080032ec   0x080032ec   0x00000184   Code   RO         3318    x$fpl$fdiv          fz_ws.l(fdiv.o)
    0x08003470   0x08003470   0x0000003e   Code   RO         3321    x$fpl$ffixu         fz_ws.l(ffixu.o)
    0x080034ae   0x080034ae   0x00000002   PAD
    0x080034b0   0x080034b0   0x00000026   Code   RO         3325    x$fpl$ffltu         fz_ws.l(fflt_clz.o)
    0x080034d6   0x080034d6   0x00000002   PAD
    0x080034d8   0x080034d8   0x00000102   Code   RO         3331    x$fpl$fmul          fz_ws.l(fmul.o)
    0x080035da   0x080035da   0x0000008c   Code   RO         3425    x$fpl$fnaninf       fz_ws.l(fnaninf.o)
    0x08003666   0x08003666   0x0000000a   Code   RO         3427    x$fpl$fretinf       fz_ws.l(fretinf.o)
    0x08003670   0x08003670   0x000000ea   Code   RO         3313    x$fpl$fsub          fz_ws.l(faddsub_clz.o)
    0x0800375a   0x0800375a   0x00000000   Code   RO         3429    x$fpl$usenofp       fz_ws.l(usenofp.o)
    0x0800375a   0x0800375a   0x00000012   Data   RO         1356    .constdata          stm32f1xx_hal_rcc.o
    0x0800376c   0x0800376c   0x00000018   Data   RO         3161    .constdata          system_stm32f1xx.o
    0x08003784   0x08003784   0x00000020   Data   RO         3558    Region$$Table       anon$$obj.o


    Execution Region RW_IRAM1 (Exec base: 0x20000000, Load base: 0x080037a4, Size: 0x00000768, Max: 0x00005000, ABSOLUTE)

    Exec Addr    Load Addr    Size         Type   Attr      Idx    E Section Name        Object

    0x20000000   0x080037a4   0x00000008   Data   RW           30    .data               nrf24.o
    0x20000008   0x080037ac   0x00000003   Data   RW          237    .data               lcd_hd44780.o
    0x2000000b   0x080037af   0x00000001   PAD
    0x2000000c   0x080037b0   0x00000008   Data   RW          327    .data               stepper_motor.o
    0x20000014   0x080037b8   0x00000009   Data   RW         1192    .data               stm32f1xx_hal.o
    0x2000001d   0x080037c1   0x00000003   PAD
    0x20000020   0x080037c4   0x00000004   Data   RW         3162    .data               system_stm32f1xx.o
    0x20000024        -       0x00000054   Zero   RW          455    .bss                i2c.o
    0x20000078        -       0x00000090   Zero   RW          498    .bss                tim.o
    0x20000108        -       0x00000060   Zero   RW         3433    .bss                c_w.l(libspace.o)
    0x20000168        -       0x00000200   Zero   RW            2    HEAP                startup_stm32f103xb.o
    0x20000368        -       0x00000400   Zero   RW            1    STACK               startup_stm32f103xb.o


==============================================================================

Image component sizes


      Code (inc. data)   RO Data    RW Data    ZI Data      Debug   Object Name

       328         20          0          0          0        995   gpio.o
       176         24          0          0         84       1521   i2c.o
      1012         96          0          3          0       5224   lcd_hd44780.o
       396         22          0          0          0       2069   main.o
       766         64          0          8          0     431293   nrf24.o
        64         26        236          0       1536        788   startup_stm32f103xb.o
       196         40          0          8          0       2531   stepper_motor.o
       192         36          0          9          0       5713   stm32f1xx_hal.o
       304         22          0          0          0      29263   stm32f1xx_hal_cortex.o
       860         38          0          0          0       3780   stm32f1xx_hal_gpio.o
      1730         32          0          0          0       7873   stm32f1xx_hal_i2c.o
        84          8          0          0          0        850   stm32f1xx_hal_msp.o
      1716         88         18          0          0       5265   stm32f1xx_hal_rcc.o
      1282         40          0          0          0      10311   stm32f1xx_hal_tim.o
       136         14          0          0          0       2341   stm32f1xx_hal_tim_ex.o
        60          6          0          0          0       4622   stm32f1xx_it.o
         2          0         24          4          0       1055   system_stm32f1xx.o
       324         24          0          0        144       2207   tim.o

    ----------------------------------------------------------------------
      9636        600        310         36       1764     517701   Object Totals
         0          0         32          0          0          0   (incl. Generated)
         8          0          0          4          0          0   (incl. Padding)

    ----------------------------------------------------------------------

      Code (inc. data)   RO Data    RW Data    ZI Data      Debug   Library Member Name

         8          0          0          0          0         68   __main.o
       104          0          0          0          0         84   __printf.o
         0          0          0          0          0          0   __rtentry.o
        12          0          0          0          0          0   __rtentry2.o
         6          0          0          0          0          0   __rtentry4.o
        52          8          0          0          0          0   __scatter.o
        26          0          0          0          0          0   __scatter_copy.o
        28          0          0          0          0          0   __scatter_zi.o
        48          6          0          0          0         96   _printf_char_common.o
         6          0          0          0          0          0   _printf_d.o
       120         16          0          0          0         92   _printf_dec.o
       178          0          0          0          0         88   _printf_intcommon.o
         0          0          0          0          0          0   _printf_percent.o
         4          0          0          0          0          0   _printf_percent_end.o
        16          0          0          0          0         68   _snputc.o
        10          0          0          0          0         68   _sputc.o
        10          0          0          0          0         68   defsig_exit.o
        50          0          0          0          0         88   defsig_general.o
        80         58          0          0          0         76   defsig_rtmem_inner.o
        14          0          0          0          0         80   defsig_rtmem_outer.o
        18          0          0          0          0         80   exit.o
        94          0          0          0          0         80   h1_alloc.o
        52          0          0          0          0         68   h1_extend.o
        78          0          0          0          0         80   h1_free.o
        14          0          0          0          0         84   h1_init.o
         6          0          0          0          0        152   heapauxi.o
         4          0          0          0          0        136   hguard.o
         0          0          0          0          0          0   indicate_semi.o
       138          0          0          0          0        168   init_alloc.o
         2          0          0          0          0          0   libinit.o
        10          0          0          0          0          0   libinit2.o
         2          0          0          0          0          0   libshutdown.o
         2          0          0          0          0          0   libshutdown2.o
         8          4          0          0         96         68   libspace.o
         0          0          0          0          0          0   maybetermalloc1.o
        52          4          0          0          0         84   noretval__2snprintf.o
         8          4          0          0          0         68   rt_heap_descriptor_intlibspace.o
        78          0          0          0          0         80   rt_memclr_w.o
         2          0          0          0          0          0   rtexit.o
        10          0          0          0          0          0   rtexit2.o
        12          4          0          0          0         68   sys_exit.o
        74          0          0          0          0         80   sys_stackheap_outer.o
        14          0          0          0          0         76   sys_wrch.o
         2          0          0          0          0         68   use_no_semi.o
        98          4          0          0          0         92   d2f.o
       804         16          0          0          0        272   daddsub_clz.o
        24          0          0          0          0         68   dcmpi.o
        94          4          0          0          0         92   dfix.o
       120          4          0          0          0         92   dleqf.o
       156          4          0          0          0         92   dnaninf.o
        12          0          0          0          0         68   dretinf.o
       108          0          0          0          0         80   drleqf.o
        86          4          0          0          0         84   f2d.o
       430          8          0          0          0        168   faddsub_clz.o
       388         76          0          0          0         96   fdiv.o
        62          4          0          0          0         84   ffixu.o
        38          0          0          0          0         68   fflt_clz.o
       258          4          0          0          0         84   fmul.o
       140          4          0          0          0         84   fnaninf.o
        10          0          0          0          0         68   fretinf.o
         0          0          0          0          0          0   usenofp.o

    ----------------------------------------------------------------------
      4298        236          0          0         96       3908   Library Totals
        18          0          0          0          0          0   (incl. Padding)

    ----------------------------------------------------------------------

      Code (inc. data)   RO Data    RW Data    ZI Data      Debug   Library Name

      1452        104          0          0         96       2316   c_w.l
      2828        132          0          0          0       1592   fz_ws.l

    ----------------------------------------------------------------------
      4298        236          0          0         96       3908   Library Totals

    ----------------------------------------------------------------------

==============================================================================


      Code (inc. data)   RO Data    RW Data    ZI Data      Debug   

     13934        836        310         36       1860     514845   Grand Totals
     13934        836        310         36       1860     514845   ELF Image Totals
     13934        836        310         36          0          0   ROM Totals

==============================================================================

    Total RO  Size (Code + RO Data)                14244 (  13.91kB)
    Total RW  Size (RW Data + ZI Data)              1896 (   1.85kB)
    Total ROM Size (Code + RO Data + RW Data)      14280 (  13.95kB)

==============================================================================

